---
version: 1
interactions:
- request:
    body: ""
    form: {}
    headers: {}
    url: https://gerrit.sgdev.org/ssh_info
    method: GET
  response:
    body: gerrit-ssh.sgdev.org 29418
    headers:
      Cache-Control:
      - no-cache, no-store, max-age=0, must-revalidate
      Cf-Cache-Status:
      - DYNAMIC
      Cf-Ray:
      - 86e5668b8cee266d-TXL
      Content-Length:
      - "26"
      Content-Type:
      - text/plain;charset=utf-8
      Date:
      - Wed, 03 Apr 2024 01:49:10 GMT
      Expires:
      - Mon, 01 Jan 1990 00:00:00 GMT
      Pragma:
      - no-cache
      Server:
      - cloudflare
      Strict-Transport-Security:
      - max-age=15724800; includeSubDomains
      X-Frame-Options:
      - DENY
    status: 200 OK
    code: 200
    duration: ""
- request:
    body: ""
    form: {}
    headers: {}
    url: https://gerrit.sgdev.org/a/projects/?S=0&n=25&type=CODE
    method: GET
  response:
    body: |
      )]}'
      {"a/gabe/repo":{"id":"a%2Fgabe%2Frepo","state":"ACTIVE"},"batch-changes-test-repo":{"id":"batch-changes-test-repo","state":"ACTIVE"},"beatrix":{"id":"beatrix","state":"ACTIVE"},"cbart-test":{"id":"cbart-test","state":"ACTIVE"},"gabe":{"id":"gabe","state":"ACTIVE"},"gabe/test":{"id":"gabe%2Ftest","state":"ACTIVE"},"idan-temp":{"id":"idan-temp","state":"ACTIVE"},"k8s-gerrit":{"id":"k8s-gerrit","state":"ACTIVE"},"sourcegraph":{"id":"sourcegraph","state":"ACTIVE"},"sourcegraph/create":{"id":"sourcegraph%2Fcreate","state":"ACTIVE"},"src-cli":{"id":"src-cli","state":"ACTIVE"}}
    headers:
      Cache-Control:
      - no-cache, no-store, max-age=0, must-revalidate
      Cf-Cache-Status:
      - DYNAMIC
      Cf-Ray:
      - 86e5668c8d9d266d-TXL
      Content-Disposition:
      - attachment
      Content-Type:
      - application/json;charset=utf-8
      Date:
      - Wed, 03 Apr 2024 01:49:10 GMT
      Expires:
      - Mon, 01 Jan 1990 00:00:00 GMT
      Pragma:
      - no-cache
      Server:
      - cloudflare
      Strict-Transport-Security:
      - max-age=15724800; includeSubDomains
      X-Content-Type-Options:
      - nosniff
      X-Frame-Options:
      - DENY
    status: 200 OK
    code: 200
    duration: ""
- request:
    body: ""
    form: {}
    headers: {}
    url: https://gerrit.sgdev.org/a/projects/?S=25&n=25&type=CODE
    method: GET
  response:
    body: |
      )]}'
      {}
    headers:
      Cache-Control:
      - no-cache, no-store, max-age=0, must-revalidate
      Cf-Cache-Status:
      - DYNAMIC
      Cf-Ray:
      - 86e5668d9e6f266d-TXL
      Content-Disposition:
      - attachment
      Content-Length:
      - "8"
      Content-Type:
      - application/json;charset=utf-8
      Date:
      - Wed, 03 Apr 2024 01:49:10 GMT
      Expires:
      - Mon, 01 Jan 1990 00:00:00 GMT
      Pragma:
      - no-cache
      Server:
      - cloudflare
      Strict-Transport-Security:
      - max-age=15724800; includeSubDomains
      X-Content-Type-Options:
      - nosniff
      X-Frame-Options:
      - DENY
    status: 200 OK
    code: 200
    duration: ""
- request:
    body: ""
    form: {}
    headers: {}
    url: https://gerrit.sgdev.org/a/projects/?S=50&n=1
    method: GET
  response:
    body: |
      )]}'
      {}
    headers:
      Cache-Control:
      - no-cache, no-store, max-age=0, must-revalidate
      Cf-Cache-Status:
      - DYNAMIC
      Cf-Ray:
      - 86e5668eaf43266d-TXL
      Content-Disposition:
      - attachment
      Content-Length:
      - "8"
      Content-Type:
      - application/json;charset=utf-8
      Date:
      - Wed, 03 Apr 2024 01:49:10 GMT
      Expires:
      - Mon, 01 Jan 1990 00:00:00 GMT
      Pragma:
      - no-cache
      Server:
      - cloudflare
      Strict-Transport-Security:
      - max-age=15724800; includeSubDomains
      X-Content-Type-Options:
      - nosniff
      X-Frame-Options:
      - DENY
    status: 200 OK
    code: 200
    duration: ""
