---
version: 1
interactions:
- request:
    body: ""
    form: {}
    headers:
      Accept:
      - application/vnd.github.jean-grey-preview+json
      Content-Type:
      - application/json; charset=utf-8
    url: http://api.github.com/repos/sourcegraph/sourcegraph
    method: GET
  response:
    body: ""
    headers:
      Content-Length:
      - "0"
      Location:
      - https://api.github.com/repos/sourcegraph/sourcegraph
    status: 301 Moved Permanently
    code: 301
    duration: ""
- request:
    body: ""
    form: {}
    headers:
      Accept:
      - application/vnd.github.jean-grey-preview+json
      Content-Type:
      - application/json; charset=utf-8
    url: http://api.github.com/search/repositories?page=1&per_page=100&q=user%3Atsenart+in%3Aname+patrol
    method: GET
  response:
    body: ""
    headers:
      Content-Length:
      - "0"
      Location:
      - https://api.github.com/search/repositories?page=1&per_page=100&q=user%3Atsenart+in%3Aname+patrol
    status: 301 Moved Permanently
    code: 301
    duration: ""
- request:
    body: ""
    form: {}
    headers:
      Accept:
      - application/vnd.github.jean-grey-preview+json
      Content-Type:
      - application/json; charset=utf-8
      Referer:
      - http://api.github.com/repos/sourcegraph/sourcegraph
    url: https://api.github.com/repos/sourcegraph/sourcegraph
    method: GET
  response:
    body: '{"id":41288708,"node_id":"MDEwOlJlcG9zaXRvcnk0MTI4ODcwOA==","name":"sourcegraph","full_name":"sourcegraph/sourcegraph","private":false,"owner":{"login":"sourcegraph","id":3979584,"node_id":"MDEyOk9yZ2FuaXphdGlvbjM5Nzk1ODQ=","avatar_url":"https://avatars0.githubusercontent.com/u/3979584?v=4","gravatar_id":"","url":"https://api.github.com/users/sourcegraph","html_url":"https://github.com/sourcegraph","followers_url":"https://api.github.com/users/sourcegraph/followers","following_url":"https://api.github.com/users/sourcegraph/following{/other_user}","gists_url":"https://api.github.com/users/sourcegraph/gists{/gist_id}","starred_url":"https://api.github.com/users/sourcegraph/starred{/owner}{/repo}","subscriptions_url":"https://api.github.com/users/sourcegraph/subscriptions","organizations_url":"https://api.github.com/users/sourcegraph/orgs","repos_url":"https://api.github.com/users/sourcegraph/repos","events_url":"https://api.github.com/users/sourcegraph/events{/privacy}","received_events_url":"https://api.github.com/users/sourcegraph/received_events","type":"Organization","site_admin":false},"html_url":"https://github.com/sourcegraph/sourcegraph","description":"Code
      search and navigation tool (self-hosted)","fork":false,"url":"https://api.github.com/repos/sourcegraph/sourcegraph","forks_url":"https://api.github.com/repos/sourcegraph/sourcegraph/forks","keys_url":"https://api.github.com/repos/sourcegraph/sourcegraph/keys{/key_id}","collaborators_url":"https://api.github.com/repos/sourcegraph/sourcegraph/collaborators{/collaborator}","teams_url":"https://api.github.com/repos/sourcegraph/sourcegraph/teams","hooks_url":"https://api.github.com/repos/sourcegraph/sourcegraph/hooks","issue_events_url":"https://api.github.com/repos/sourcegraph/sourcegraph/issues/events{/number}","events_url":"https://api.github.com/repos/sourcegraph/sourcegraph/events","assignees_url":"https://api.github.com/repos/sourcegraph/sourcegraph/assignees{/user}","branches_url":"https://api.github.com/repos/sourcegraph/sourcegraph/branches{/branch}","tags_url":"https://api.github.com/repos/sourcegraph/sourcegraph/tags","blobs_url":"https://api.github.com/repos/sourcegraph/sourcegraph/git/blobs{/sha}","git_tags_url":"https://api.github.com/repos/sourcegraph/sourcegraph/git/tags{/sha}","git_refs_url":"https://api.github.com/repos/sourcegraph/sourcegraph/git/refs{/sha}","trees_url":"https://api.github.com/repos/sourcegraph/sourcegraph/git/trees{/sha}","statuses_url":"https://api.github.com/repos/sourcegraph/sourcegraph/statuses/{sha}","languages_url":"https://api.github.com/repos/sourcegraph/sourcegraph/languages","stargazers_url":"https://api.github.com/repos/sourcegraph/sourcegraph/stargazers","contributors_url":"https://api.github.com/repos/sourcegraph/sourcegraph/contributors","subscribers_url":"https://api.github.com/repos/sourcegraph/sourcegraph/subscribers","subscription_url":"https://api.github.com/repos/sourcegraph/sourcegraph/subscription","commits_url":"https://api.github.com/repos/sourcegraph/sourcegraph/commits{/sha}","git_commits_url":"https://api.github.com/repos/sourcegraph/sourcegraph/git/commits{/sha}","comments_url":"https://api.github.com/repos/sourcegraph/sourcegraph/comments{/number}","issue_comment_url":"https://api.github.com/repos/sourcegraph/sourcegraph/issues/comments{/number}","contents_url":"https://api.github.com/repos/sourcegraph/sourcegraph/contents/{+path}","compare_url":"https://api.github.com/repos/sourcegraph/sourcegraph/compare/{base}...{head}","merges_url":"https://api.github.com/repos/sourcegraph/sourcegraph/merges","archive_url":"https://api.github.com/repos/sourcegraph/sourcegraph/{archive_format}{/ref}","downloads_url":"https://api.github.com/repos/sourcegraph/sourcegraph/downloads","issues_url":"https://api.github.com/repos/sourcegraph/sourcegraph/issues{/number}","pulls_url":"https://api.github.com/repos/sourcegraph/sourcegraph/pulls{/number}","milestones_url":"https://api.github.com/repos/sourcegraph/sourcegraph/milestones{/number}","notifications_url":"https://api.github.com/repos/sourcegraph/sourcegraph/notifications{?since,all,participating}","labels_url":"https://api.github.com/repos/sourcegraph/sourcegraph/labels{/name}","releases_url":"https://api.github.com/repos/sourcegraph/sourcegraph/releases{/id}","deployments_url":"https://api.github.com/repos/sourcegraph/sourcegraph/deployments","created_at":"2015-08-24T07:27:28Z","updated_at":"2019-03-28T11:14:01Z","pushed_at":"2019-03-28T13:33:52Z","git_url":"git://github.com/sourcegraph/sourcegraph.git","ssh_url":"git@github.com:sourcegraph/sourcegraph.git","clone_url":"https://github.com/sourcegraph/sourcegraph.git","svn_url":"https://github.com/sourcegraph/sourcegraph","homepage":"https://sourcegraph.com","size":276197,"stargazers_count":1864,"watchers_count":1864,"language":"Go","has_issues":true,"has_projects":true,"has_downloads":true,"has_wiki":false,"has_pages":false,"forks_count":121,"mirror_url":null,"archived":false,"open_issues_count":675,"license":{"key":"other","name":"Other","spdx_id":"NOASSERTION","url":null,"node_id":"MDc6TGljZW5zZTA="},"forks":121,"open_issues":675,"watchers":1864,"default_branch":"master","organization":{"login":"sourcegraph","id":3979584,"node_id":"MDEyOk9yZ2FuaXphdGlvbjM5Nzk1ODQ=","avatar_url":"https://avatars0.githubusercontent.com/u/3979584?v=4","gravatar_id":"","url":"https://api.github.com/users/sourcegraph","html_url":"https://github.com/sourcegraph","followers_url":"https://api.github.com/users/sourcegraph/followers","following_url":"https://api.github.com/users/sourcegraph/following{/other_user}","gists_url":"https://api.github.com/users/sourcegraph/gists{/gist_id}","starred_url":"https://api.github.com/users/sourcegraph/starred{/owner}{/repo}","subscriptions_url":"https://api.github.com/users/sourcegraph/subscriptions","organizations_url":"https://api.github.com/users/sourcegraph/orgs","repos_url":"https://api.github.com/users/sourcegraph/repos","events_url":"https://api.github.com/users/sourcegraph/events{/privacy}","received_events_url":"https://api.github.com/users/sourcegraph/received_events","type":"Organization","site_admin":false},"network_count":121,"subscribers_count":40}'
    headers:
      Access-Control-Allow-Origin:
      - '*'
      Access-Control-Expose-Headers:
      - ETag, Link, Location, Retry-After, X-GitHub-OTP, X-RateLimit-Limit, X-RateLimit-Remaining,
        X-RateLimit-Reset, X-OAuth-Scopes, X-Accepted-OAuth-Scopes, X-Poll-Interval,
        X-GitHub-Media-Type
      Cache-Control:
      - public, max-age=60, s-maxage=60
      Content-Security-Policy:
      - default-src 'none'
      Content-Type:
      - application/json; charset=utf-8
      Date:
      - Thu, 28 Mar 2019 13:54:30 GMT
      Etag:
      - W/"1aec660091379e580d3770a4c0277bbd"
      Last-Modified:
      - Thu, 28 Mar 2019 11:14:01 GMT
      Referrer-Policy:
      - origin-when-cross-origin, strict-origin-when-cross-origin
      Server:
      - GitHub.com
      Status:
      - 200 OK
      Strict-Transport-Security:
      - max-age=31536000; includeSubdomains; preload
      Vary:
      - Accept
      X-Content-Type-Options:
      - nosniff
      X-Frame-Options:
      - deny
      X-Github-Media-Type:
      - github.v3; param=jean-grey-preview; format=json
      X-Github-Request-Id:
      - 2FD3:4BF0:4B3BD2:A01016:5C9CD216
      X-Xss-Protection:
      - 1; mode=block
    status: 200 OK
    code: 200
    duration: ""
- request:
    body: ""
    form: {}
    headers:
      Accept:
      - application/vnd.github.jean-grey-preview+json
      Content-Type:
      - application/json; charset=utf-8
      Referer:
      - http://api.github.com/search/repositories?page=1&per_page=100&q=user%3Atsenart+in%3Aname+patrol
    url: https://api.github.com/search/repositories?page=1&per_page=100&q=user%3Atsenart+in%3Aname+patrol
    method: GET
  response:
    body: '{"total_count":1,"incomplete_results":false,"items":[{"id":153657245,"node_id":"MDEwOlJlcG9zaXRvcnkxNTM2NTcyNDU=","name":"patrol","full_name":"tsenart/patrol","private":false,"owner":{"login":"tsenart","id":67471,"node_id":"MDQ6VXNlcjY3NDcx","avatar_url":"https://avatars2.githubusercontent.com/u/67471?v=4","gravatar_id":"","url":"https://api.github.com/users/tsenart","html_url":"https://github.com/tsenart","followers_url":"https://api.github.com/users/tsenart/followers","following_url":"https://api.github.com/users/tsenart/following{/other_user}","gists_url":"https://api.github.com/users/tsenart/gists{/gist_id}","starred_url":"https://api.github.com/users/tsenart/starred{/owner}{/repo}","subscriptions_url":"https://api.github.com/users/tsenart/subscriptions","organizations_url":"https://api.github.com/users/tsenart/orgs","repos_url":"https://api.github.com/users/tsenart/repos","events_url":"https://api.github.com/users/tsenart/events{/privacy}","received_events_url":"https://api.github.com/users/tsenart/received_events","type":"User","site_admin":false},"html_url":"https://github.com/tsenart/patrol","description":"Patrol
      is an operator friendly distributed rate limiting HTTP API with strong eventually
      consistent CvRDT based replication.","fork":false,"url":"https://api.github.com/repos/tsenart/patrol","forks_url":"https://api.github.com/repos/tsenart/patrol/forks","keys_url":"https://api.github.com/repos/tsenart/patrol/keys{/key_id}","collaborators_url":"https://api.github.com/repos/tsenart/patrol/collaborators{/collaborator}","teams_url":"https://api.github.com/repos/tsenart/patrol/teams","hooks_url":"https://api.github.com/repos/tsenart/patrol/hooks","issue_events_url":"https://api.github.com/repos/tsenart/patrol/issues/events{/number}","events_url":"https://api.github.com/repos/tsenart/patrol/events","assignees_url":"https://api.github.com/repos/tsenart/patrol/assignees{/user}","branches_url":"https://api.github.com/repos/tsenart/patrol/branches{/branch}","tags_url":"https://api.github.com/repos/tsenart/patrol/tags","blobs_url":"https://api.github.com/repos/tsenart/patrol/git/blobs{/sha}","git_tags_url":"https://api.github.com/repos/tsenart/patrol/git/tags{/sha}","git_refs_url":"https://api.github.com/repos/tsenart/patrol/git/refs{/sha}","trees_url":"https://api.github.com/repos/tsenart/patrol/git/trees{/sha}","statuses_url":"https://api.github.com/repos/tsenart/patrol/statuses/{sha}","languages_url":"https://api.github.com/repos/tsenart/patrol/languages","stargazers_url":"https://api.github.com/repos/tsenart/patrol/stargazers","contributors_url":"https://api.github.com/repos/tsenart/patrol/contributors","subscribers_url":"https://api.github.com/repos/tsenart/patrol/subscribers","subscription_url":"https://api.github.com/repos/tsenart/patrol/subscription","commits_url":"https://api.github.com/repos/tsenart/patrol/commits{/sha}","git_commits_url":"https://api.github.com/repos/tsenart/patrol/git/commits{/sha}","comments_url":"https://api.github.com/repos/tsenart/patrol/comments{/number}","issue_comment_url":"https://api.github.com/repos/tsenart/patrol/issues/comments{/number}","contents_url":"https://api.github.com/repos/tsenart/patrol/contents/{+path}","compare_url":"https://api.github.com/repos/tsenart/patrol/compare/{base}...{head}","merges_url":"https://api.github.com/repos/tsenart/patrol/merges","archive_url":"https://api.github.com/repos/tsenart/patrol/{archive_format}{/ref}","downloads_url":"https://api.github.com/repos/tsenart/patrol/downloads","issues_url":"https://api.github.com/repos/tsenart/patrol/issues{/number}","pulls_url":"https://api.github.com/repos/tsenart/patrol/pulls{/number}","milestones_url":"https://api.github.com/repos/tsenart/patrol/milestones{/number}","notifications_url":"https://api.github.com/repos/tsenart/patrol/notifications{?since,all,participating}","labels_url":"https://api.github.com/repos/tsenart/patrol/labels{/name}","releases_url":"https://api.github.com/repos/tsenart/patrol/releases{/id}","deployments_url":"https://api.github.com/repos/tsenart/patrol/deployments","created_at":"2018-10-18T16:50:37Z","updated_at":"2019-03-04T11:30:11Z","pushed_at":"2018-11-13T14:57:15Z","git_url":"git://github.com/tsenart/patrol.git","ssh_url":"git@github.com:tsenart/patrol.git","clone_url":"https://github.com/tsenart/patrol.git","svn_url":"https://github.com/tsenart/patrol","homepage":"","size":95,"stargazers_count":20,"watchers_count":20,"language":"Go","has_issues":true,"has_projects":true,"has_downloads":true,"has_wiki":true,"has_pages":false,"forks_count":2,"mirror_url":null,"archived":false,"open_issues_count":1,"license":{"key":"mit","name":"MIT
      License","spdx_id":"MIT","url":"https://api.github.com/licenses/mit","node_id":"MDc6TGljZW5zZTEz"},"forks":2,"open_issues":1,"watchers":20,"default_branch":"master","score":46.30867}]}'
    headers:
      Access-Control-Allow-Origin:
      - '*'
      Access-Control-Expose-Headers:
      - ETag, Link, Location, Retry-After, X-GitHub-OTP, X-RateLimit-Limit, X-RateLimit-Remaining,
        X-RateLimit-Reset, X-OAuth-Scopes, X-Accepted-OAuth-Scopes, X-Poll-Interval,
        X-GitHub-Media-Type
      Cache-Control:
      - no-cache
      Content-Security-Policy:
      - default-src 'none'
      Content-Type:
      - application/json; charset=utf-8
      Date:
      - Thu, 28 Mar 2019 13:54:30 GMT
      Referrer-Policy:
      - origin-when-cross-origin, strict-origin-when-cross-origin
      Server:
      - GitHub.com
      Status:
      - 200 OK
      Strict-Transport-Security:
      - max-age=31536000; includeSubdomains; preload
      X-Content-Type-Options:
      - nosniff
      X-Frame-Options:
      - deny
      X-Github-Media-Type:
      - github.v3; param=jean-grey-preview; format=json
      X-Github-Request-Id:
      - 1450:3570:15BB4C:3A9BCC:5C9CD216
      X-Xss-Protection:
      - 1; mode=block
    status: 200 OK
    code: 200
    duration: ""
- request:
    body: ""
    form: {}
    headers:
      Accept:
      - application/vnd.github.jean-grey-preview+json
      Content-Type:
      - application/json; charset=utf-8
    url: http://api.github.com/search/repositories?page=2&per_page=100&q=user%3Atsenart+in%3Aname+patrol
    method: GET
  response:
    body: ""
    headers:
      Content-Length:
      - "0"
      Location:
      - https://api.github.com/search/repositories?page=2&per_page=100&q=user%3Atsenart+in%3Aname+patrol
    status: 301 Moved Permanently
    code: 301
    duration: ""
- request:
    body: ""
    form: {}
    headers:
      Content-Type:
      - application/json; charset=utf-8
    url: https://gitlab.com/api/v4/projects?order_by=last_activity_at&per_page=100&search=vegeta
    method: GET
  response:
    body: '[{"id":11402048,"description":"R package for fitting Bayesian hierarchical
      piecewise linear models to time series of vegetation indices","name":"greenwave","name_with_namespace":"apis-staging
      / greenwave","path":"greenwave","path_with_namespace":"apis-staging/greenwave","created_at":"2019-03-19T23:29:59.872Z","default_branch":"master","tag_list":[],"ssh_url_to_repo":"git@gitlab.com:apis-staging/greenwave.git","http_url_to_repo":"https://gitlab.com/apis-staging/greenwave.git","web_url":"https://gitlab.com/apis-staging/greenwave","readme_url":"https://gitlab.com/apis-staging/greenwave/blob/master/README.md","avatar_url":null,"star_count":0,"forks_count":0,"last_activity_at":"2019-03-27T05:42:16.925Z","namespace":{"id":2039455,"name":"apis-staging","path":"apis-staging","kind":"group","full_path":"apis-staging","parent_id":null}},{"id":4373093,"description":"A
      GIS-based model that simulates the spatio-temporal effect of woodfuel harvesting
      on the landscape vegetation and that accounts for savings in non-renewable woody
      biomass from reduced consumption.","name":"mofuss","name_with_namespace":"mofuss
      / mofuss","path":"mofuss","path_with_namespace":"mofuss/mofuss","created_at":"2017-10-12T18:53:40.865Z","default_branch":"master","tag_list":[],"ssh_url_to_repo":"git@gitlab.com:mofuss/mofuss.git","http_url_to_repo":"https://gitlab.com/mofuss/mofuss.git","web_url":"https://gitlab.com/mofuss/mofuss","readme_url":null,"avatar_url":null,"star_count":1,"forks_count":0,"last_activity_at":"2019-03-26T16:06:52.370Z","namespace":{"id":2068622,"name":"mofuss","path":"mofuss","kind":"user","full_path":"mofuss","parent_id":null}},{"id":11162444,"description":"Market
      Place that connects the local vegetable producers to the clients, to ensure
      that vegetables that you consume are the freshest.\r\nDeveloped only to academic
      purpose. \r\nDiscipline: MAS (Modelação e Análise de Sistemas)\r\nDone with:
      Rui Coelho","name":"VegiCity","name_with_namespace":"Rafael Teixeira / VegiCity","path":"vegicity","path_with_namespace":"rgtzths/vegicity","created_at":"2019-03-05T15:10:04.755Z","tag_list":[],"ssh_url_to_repo":"git@gitlab.com:rgtzths/vegicity.git","http_url_to_repo":"https://gitlab.com/rgtzths/vegicity.git","web_url":"https://gitlab.com/rgtzths/vegicity","readme_url":null,"avatar_url":null,"star_count":0,"forks_count":0,"last_activity_at":"2019-03-05T15:10:04.755Z","namespace":{"id":4739805,"name":"rgtzths","path":"rgtzths","kind":"user","full_path":"rgtzths","parent_id":null}},{"id":9230661,"description":"Utilizing
      rasters and creating NDVIs to analyze post-burn from fire areas and vegetation
      regrowth.","name":"Raster NDVIs","name_with_namespace":"Mark Krumwiede / Raster
      NDVIs","path":"raster-ndvis","path_with_namespace":"krummark/raster-ndvis","created_at":"2018-11-05T22:26:07.780Z","default_branch":"master","tag_list":[],"ssh_url_to_repo":"git@gitlab.com:krummark/raster-ndvis.git","http_url_to_repo":"https://gitlab.com/krummark/raster-ndvis.git","web_url":"https://gitlab.com/krummark/raster-ndvis","readme_url":"https://gitlab.com/krummark/raster-ndvis/blob/master/README.md","avatar_url":null,"star_count":0,"forks_count":0,"last_activity_at":"2019-03-01T19:27:36.509Z","namespace":{"id":3499490,"name":"krummark","path":"krummark","kind":"user","full_path":"krummark","parent_id":null}},{"id":10731965,"description":"A
      project to slice phallic shaped vegetables.","name":"vegetable-cutter","name_with_namespace":"Varun
      / vegetable-cutter","path":"vegetable-cutter","path_with_namespace":"zuron7/vegetable-cutter","created_at":"2019-02-07T08:10:44.280Z","default_branch":"master","tag_list":[],"ssh_url_to_repo":"git@gitlab.com:zuron7/vegetable-cutter.git","http_url_to_repo":"https://gitlab.com/zuron7/vegetable-cutter.git","web_url":"https://gitlab.com/zuron7/vegetable-cutter","readme_url":null,"avatar_url":null,"star_count":0,"forks_count":0,"last_activity_at":"2019-02-07T08:10:44.280Z","namespace":{"id":1364002,"name":"zuron7","path":"zuron7","kind":"user","full_path":"zuron7","parent_id":null}},{"id":10619742,"description":"Cook
      delicious vegetarian food at home with step by step photos. App sharing 1500
      recipes from the most popular Indian recipe website. All recipes are tried and
      tested by us as well as by our readers. ","name":"RecipeBook","name_with_namespace":"Sejal
      Baraiya / RecipeBook","path":"recipebook","path_with_namespace":"SejalBaraiya/recipebook","created_at":"2019-01-30T22:50:40.237Z","default_branch":"master","tag_list":[],"ssh_url_to_repo":"git@gitlab.com:SejalBaraiya/recipebook.git","http_url_to_repo":"https://gitlab.com/SejalBaraiya/recipebook.git","web_url":"https://gitlab.com/SejalBaraiya/recipebook","readme_url":"https://gitlab.com/SejalBaraiya/recipebook/blob/master/README.md","avatar_url":null,"star_count":0,"forks_count":0,"last_activity_at":"2019-01-30T22:50:40.237Z","namespace":{"id":4514742,"name":"SejalBaraiya","path":"SejalBaraiya","kind":"user","full_path":"SejalBaraiya","parent_id":null}},{"id":10551257,"description":"HTTP
      load testing tool and library. It''s over 9000!","name":"vegeta","name_with_namespace":"Ruan
      Pienaar / vegeta","path":"vegeta","path_with_namespace":"rpienaar/vegeta","created_at":"2019-01-26T19:19:59.853Z","default_branch":"master","tag_list":[],"ssh_url_to_repo":"git@gitlab.com:rpienaar/vegeta.git","http_url_to_repo":"https://gitlab.com/rpienaar/vegeta.git","web_url":"https://gitlab.com/rpienaar/vegeta","readme_url":"https://gitlab.com/rpienaar/vegeta/blob/master/README.md","avatar_url":null,"star_count":0,"forks_count":0,"last_activity_at":"2019-01-26T19:19:59.853Z","namespace":{"id":4172635,"name":"rpienaar","path":"rpienaar","kind":"user","full_path":"rpienaar","parent_id":null}},{"id":8839487,"description":"For
      a healthier code base, eat your vegetables","name":"vegetables","name_with_namespace":"Brad
      Richardson / vegetables","path":"vegetables","path_with_namespace":"everythingfunctional/vegetables","created_at":"2018-10-13T04:29:37.382Z","default_branch":"master","tag_list":[],"ssh_url_to_repo":"git@gitlab.com:everythingfunctional/vegetables.git","http_url_to_repo":"https://gitlab.com/everythingfunctional/vegetables.git","web_url":"https://gitlab.com/everythingfunctional/vegetables","readme_url":"https://gitlab.com/everythingfunctional/vegetables/blob/master/README.md","avatar_url":null,"star_count":1,"forks_count":0,"last_activity_at":"2019-01-23T18:46:43.043Z","namespace":{"id":215680,"name":"everythingfunctional","path":"everythingfunctional","kind":"user","full_path":"everythingfunctional","parent_id":null}},{"id":10419013,"description":"Distributed
      Hydrology Soil Vegetation Model","name":"DHSVM","name_with_namespace":"Xianwu
      Xue / DHSVM","path":"DHSVM","path_with_namespace":"Xianwu.Xue/DHSVM","created_at":"2019-01-18T04:04:15.182Z","default_branch":"master","tag_list":[],"ssh_url_to_repo":"git@gitlab.com:Xianwu.Xue/DHSVM.git","http_url_to_repo":"https://gitlab.com/Xianwu.Xue/DHSVM.git","web_url":"https://gitlab.com/Xianwu.Xue/DHSVM","readme_url":"https://gitlab.com/Xianwu.Xue/DHSVM/blob/master/README.md","avatar_url":null,"star_count":0,"forks_count":0,"last_activity_at":"2019-01-18T04:04:15.182Z","namespace":{"id":3329147,"name":"Xianwu.Xue","path":"Xianwu.Xue","kind":"user","full_path":"Xianwu.Xue","parent_id":null}},{"id":9784094,"description":"Trying
      out vegetables testing framework doing the Fizz Buzz Kata","name":"freshFizzBuzz","name_with_namespace":"Brad
      Richardson / freshFizzBuzz","path":"freshfizzbuzz","path_with_namespace":"everythingfunctional/freshfizzbuzz","created_at":"2018-12-05T19:24:40.758Z","default_branch":"master","tag_list":[],"ssh_url_to_repo":"git@gitlab.com:everythingfunctional/freshfizzbuzz.git","http_url_to_repo":"https://gitlab.com/everythingfunctional/freshfizzbuzz.git","web_url":"https://gitlab.com/everythingfunctional/freshfizzbuzz","readme_url":"https://gitlab.com/everythingfunctional/freshfizzbuzz/blob/master/README.md","avatar_url":null,"star_count":0,"forks_count":0,"last_activity_at":"2019-01-01T00:08:36.328Z","namespace":{"id":215680,"name":"everythingfunctional","path":"everythingfunctional","kind":"user","full_path":"everythingfunctional","parent_id":null}},{"id":10153277,"description":"Fruits
      and Vegetables market in React Native / With Auth / Firebase","name":"Harvest-Moon","name_with_namespace":"Taieb
      / Harvest-Moon","path":"Harvest-Moon","path_with_namespace":"Taieb/Harvest-Moon","created_at":"2018-12-31T16:52:05.929Z","default_branch":"master","tag_list":[],"ssh_url_to_repo":"git@gitlab.com:Taieb/Harvest-Moon.git","http_url_to_repo":"https://gitlab.com/Taieb/Harvest-Moon.git","web_url":"https://gitlab.com/Taieb/Harvest-Moon","readme_url":null,"avatar_url":null,"star_count":0,"forks_count":0,"last_activity_at":"2018-12-31T16:52:05.929Z","namespace":{"id":98420,"name":"Taieb","path":"Taieb","kind":"user","full_path":"Taieb","parent_id":null}},{"id":9731268,"description":"A
      state-of-the-art Vegetation Phenology extraction package: phenofit","name":"phenofit","name_with_namespace":"Phenology
      / phenofit","path":"phenofit","path_with_namespace":"pheno2/phenofit","created_at":"2018-12-03T05:00:07.198Z","default_branch":"master","tag_list":[],"ssh_url_to_repo":"git@gitlab.com:pheno2/phenofit.git","http_url_to_repo":"https://gitlab.com/pheno2/phenofit.git","web_url":"https://gitlab.com/pheno2/phenofit","readme_url":"https://gitlab.com/pheno2/phenofit/blob/master/README.md","avatar_url":null,"star_count":0,"forks_count":0,"last_activity_at":"2018-12-28T06:42:31.836Z","namespace":{"id":4170644,"name":"Phenology","path":"pheno2","kind":"group","full_path":"pheno2","parent_id":null}},{"id":6784715,"description":"An
      app to keep track of your vegetable garden","name":"VegetableGardenPlanner","name_with_namespace":"Trendzetter
      / VegetableGardenPlanner","path":"VegetableGardenPlanner","path_with_namespace":"Trendzetter/VegetableGardenPlanner","created_at":"2018-06-05T09:06:56.531Z","default_branch":"master","tag_list":[],"ssh_url_to_repo":"git@gitlab.com:Trendzetter/VegetableGardenPlanner.git","http_url_to_repo":"https://gitlab.com/Trendzetter/VegetableGardenPlanner.git","web_url":"https://gitlab.com/Trendzetter/VegetableGardenPlanner","readme_url":"https://gitlab.com/Trendzetter/VegetableGardenPlanner/blob/master/README.md","avatar_url":null,"star_count":1,"forks_count":0,"last_activity_at":"2018-12-11T21:49:34.481Z","namespace":{"id":2992169,"name":"Trendzetter","path":"Trendzetter","kind":"user","full_path":"Trendzetter","parent_id":null}},{"id":9818568,"description":"Coding
      Challenge for Effective Digital and Shell Rotterdam","name":"animals-fruits-vegetables","name_with_namespace":"Matthew
      Eichler / animals-fruits-vegetables","path":"animals-fruits-vegetables","path_with_namespace":"aventinesolutions/animals-fruits-vegetables","created_at":"2018-12-07T17:08:43.144Z","default_branch":"master","tag_list":[],"ssh_url_to_repo":"git@gitlab.com:aventinesolutions/animals-fruits-vegetables.git","http_url_to_repo":"https://gitlab.com/aventinesolutions/animals-fruits-vegetables.git","web_url":"https://gitlab.com/aventinesolutions/animals-fruits-vegetables","readme_url":"https://gitlab.com/aventinesolutions/animals-fruits-vegetables/blob/master/README.md","avatar_url":"https://assets.gitlab-static.net/uploads/-/system/project/avatar/9818568/react-hexagon.png","star_count":0,"forks_count":0,"last_activity_at":"2018-12-07T17:08:43.144Z","namespace":{"id":4203779,"name":"aventinesolutions","path":"aventinesolutions","kind":"user","full_path":"aventinesolutions","parent_id":null}},{"id":6993544,"description":"Comparison
      of vegan, vegetarian and omnivorous ingredient networks.","name":"furry-spoon","name_with_namespace":"Rodrigo
      García-Herrera / furry-spoon","path":"furry-spoon","path_with_namespace":"rgarcia-herrera/furry-spoon","created_at":"2018-06-10T06:23:29.367Z","default_branch":"master","tag_list":[],"ssh_url_to_repo":"git@gitlab.com:rgarcia-herrera/furry-spoon.git","http_url_to_repo":"https://gitlab.com/rgarcia-herrera/furry-spoon.git","web_url":"https://gitlab.com/rgarcia-herrera/furry-spoon","readme_url":null,"avatar_url":null,"star_count":0,"forks_count":0,"last_activity_at":"2018-12-03T00:36:36.154Z","namespace":{"id":3047019,"name":"rgarcia-herrera","path":"rgarcia-herrera","kind":"user","full_path":"rgarcia-herrera","parent_id":null}},{"id":5121899,"description":"Good
      Omega 3 Sources For Vegetarians","name":"Hemp","name_with_namespace":"Skpsoft
      / Hemp","path":"Hemp","path_with_namespace":"Skpsoft/Hemp","created_at":"2018-01-11T20:34:02.497Z","default_branch":null,"tag_list":[],"ssh_url_to_repo":"git@gitlab.com:Skpsoft/Hemp.git","http_url_to_repo":"https://gitlab.com/Skpsoft/Hemp.git","web_url":"https://gitlab.com/Skpsoft/Hemp","readme_url":null,"avatar_url":null,"star_count":0,"forks_count":0,"last_activity_at":"2018-11-30T20:19:42.069Z","namespace":{"id":2315354,"name":"Skpsoft","path":"Skpsoft","kind":"user","full_path":"Skpsoft","parent_id":null}},{"id":9414984,"description":"","name":"vegetable-images","name_with_namespace":"kbjn
      / vegetable-images","path":"vegetable-images","path_with_namespace":"kbjn/vegetable-images","created_at":"2018-11-15T09:03:17.136Z","default_branch":"master","tag_list":[],"ssh_url_to_repo":"git@gitlab.com:kbjn/vegetable-images.git","http_url_to_repo":"https://gitlab.com/kbjn/vegetable-images.git","web_url":"https://gitlab.com/kbjn/vegetable-images","readme_url":"https://gitlab.com/kbjn/vegetable-images/blob/master/README.md","avatar_url":null,"star_count":0,"forks_count":0,"last_activity_at":"2018-11-15T14:35:39.192Z","namespace":{"id":3437565,"name":"kbjn","path":"kbjn","kind":"user","full_path":"kbjn","parent_id":null}},{"id":8979315,"description":"This
      repository hosts files related to the following project Nutrient dynamics at
      the interface between surface water and groundwater with aquatic vegetation
      in Cikapundung river. This project is funded by Kemenristekdikti 2018. ","name":"Nutrient
      dynamics at the interface between surface water and groundwater with aquatic
      vegetation in Cikapundung river","name_with_namespace":"Dasapta Erwin Irawan
      / Nutrient dynamics at the interface between surface water and groundwater with
      aquatic vegetation in Cikapundung river","path":"nutrient_2018","path_with_namespace":"derwinirawan/nutrient_2018","created_at":"2018-10-22T01:02:48.001Z","default_branch":"master","tag_list":["anthropogenic","aquatic","cikapundung","nutrient"],"ssh_url_to_repo":"git@gitlab.com:derwinirawan/nutrient_2018.git","http_url_to_repo":"https://gitlab.com/derwinirawan/nutrient_2018.git","web_url":"https://gitlab.com/derwinirawan/nutrient_2018","readme_url":"https://gitlab.com/derwinirawan/nutrient_2018/blob/master/README.md","avatar_url":null,"star_count":0,"forks_count":0,"last_activity_at":"2018-11-15T08:47:17.224Z","namespace":{"id":2955583,"name":"derwinirawan","path":"derwinirawan","kind":"user","full_path":"derwinirawan","parent_id":null}},{"id":8909417,"description":"Proyek
      Vegetable Ecommerces","name":"SayurMasJamal","name_with_namespace":"Rahman Jailani
      / SayurMasJamal","path":"SayurMasJamal","path_with_namespace":"rahmanjai/SayurMasJamal","created_at":"2018-10-17T10:42:37.112Z","default_branch":"master","tag_list":[],"ssh_url_to_repo":"git@gitlab.com:rahmanjai/SayurMasJamal.git","http_url_to_repo":"https://gitlab.com/rahmanjai/SayurMasJamal.git","web_url":"https://gitlab.com/rahmanjai/SayurMasJamal","readme_url":null,"avatar_url":null,"star_count":0,"forks_count":0,"last_activity_at":"2018-10-17T10:42:37.112Z","namespace":{"id":3824401,"name":"rahmanjai","path":"rahmanjai","kind":"user","full_path":"rahmanjai","parent_id":null}},{"id":8781514,"description":null,"name":"dotfiles-vegetableman","name_with_namespace":"guld
      / dotfiles-vegetableman","path":"dotfiles-vegetableman","path_with_namespace":"guld/dotfiles-vegetableman","created_at":"2018-10-09T18:35:47.619Z","default_branch":null,"tag_list":[],"ssh_url_to_repo":"git@gitlab.com:guld/dotfiles-vegetableman.git","http_url_to_repo":"https://gitlab.com/guld/dotfiles-vegetableman.git","web_url":"https://gitlab.com/guld/dotfiles-vegetableman","readme_url":null,"avatar_url":null,"star_count":0,"forks_count":0,"last_activity_at":"2018-10-09T18:35:47.619Z","namespace":{"id":3017680,"name":"guld","path":"guld","kind":"group","full_path":"guld","parent_id":null}},{"id":8473810,"description":"SAVI
      (Soil Adjasted Vegetation Index) Python Script","name":"SAVI","name_with_namespace":"Alekos
      Falagas / SAVI","path":"SAVI","path_with_namespace":"alekfal/SAVI","created_at":"2018-09-20T11:08:12.210Z","default_branch":"master","tag_list":[],"ssh_url_to_repo":"git@gitlab.com:alekfal/SAVI.git","http_url_to_repo":"https://gitlab.com/alekfal/SAVI.git","web_url":"https://gitlab.com/alekfal/SAVI","readme_url":"https://gitlab.com/alekfal/SAVI/blob/master/README.md","avatar_url":null,"star_count":0,"forks_count":0,"last_activity_at":"2018-09-20T11:08:12.210Z","namespace":{"id":3644920,"name":"alekfal","path":"alekfal","kind":"user","full_path":"alekfal","parent_id":null}},{"id":8372735,"description":"By
      SConrad: http://www.shsforums.net/files/file/31-hubelpot-the-vegetable-merchant-beta/","name":"Hubelpot
      the Vegetable Merchant","name_with_namespace":"Infinity Engine Games / Baldurs
      Gate / NPCs / Hubelpot the Vegetable Merchant","path":"hubelpot-the-vegetable-merchant","path_with_namespace":"InfinityEngineGames/BaldursGate/NPCs/hubelpot-the-vegetable-merchant","created_at":"2018-09-13T21:38:40.989Z","default_branch":null,"tag_list":[],"ssh_url_to_repo":"git@gitlab.com:InfinityEngineGames/BaldursGate/NPCs/hubelpot-the-vegetable-merchant.git","http_url_to_repo":"https://gitlab.com/InfinityEngineGames/BaldursGate/NPCs/hubelpot-the-vegetable-merchant.git","web_url":"https://gitlab.com/InfinityEngineGames/BaldursGate/NPCs/hubelpot-the-vegetable-merchant","readme_url":null,"avatar_url":null,"star_count":0,"forks_count":0,"last_activity_at":"2018-09-13T21:38:40.989Z","namespace":{"id":3505380,"name":"NPCs","path":"NPCs","kind":"group","full_path":"InfinityEngineGames/BaldursGate/NPCs","parent_id":3462957}},{"id":8303841,"description":"A
      collection of game-ready wilderness assets you can use in the Lumberyard Game
      Engine to build a forest scene or populate your own levels with vegetation and
      other natural features that would be found in a woodlands scene.","name":"Lumberyard-Woodland-Asset-Package","name_with_namespace":"Mike
      Royal / Lumberyard-Woodland-Asset-Package","path":"Lumberyard-Woodland-Asset-Package","path_with_namespace":"maos20008/Lumberyard-Woodland-Asset-Package","created_at":"2018-09-09T23:58:30.875Z","default_branch":"master","tag_list":[],"ssh_url_to_repo":"git@gitlab.com:maos20008/Lumberyard-Woodland-Asset-Package.git","http_url_to_repo":"https://gitlab.com/maos20008/Lumberyard-Woodland-Asset-Package.git","web_url":"https://gitlab.com/maos20008/Lumberyard-Woodland-Asset-Package","readme_url":"https://gitlab.com/maos20008/Lumberyard-Woodland-Asset-Package/blob/master/README.md","avatar_url":null,"star_count":0,"forks_count":0,"last_activity_at":"2018-09-09T23:58:30.875Z","namespace":{"id":3078180,"name":"maos20008","path":"maos20008","kind":"user","full_path":"maos20008","parent_id":null}},{"id":8130048,"description":"HTTP
      load testing tool and library. It''s over 9000!","name":"vegeta","name_with_namespace":"Ruan
      Pienaar / vegeta","path":"vegeta","path_with_namespace":"ruanpie/vegeta","created_at":"2018-08-28T20:59:39.151Z","default_branch":"master","tag_list":[],"ssh_url_to_repo":"git@gitlab.com:ruanpie/vegeta.git","http_url_to_repo":"https://gitlab.com/ruanpie/vegeta.git","web_url":"https://gitlab.com/ruanpie/vegeta","readme_url":"https://gitlab.com/ruanpie/vegeta/blob/master/README.md","avatar_url":null,"star_count":0,"forks_count":0,"last_activity_at":"2018-08-28T20:59:39.151Z","namespace":{"id":3012702,"name":"ruanpie","path":"ruanpie","kind":"user","full_path":"ruanpie","parent_id":null}},{"id":8121502,"description":"An
      API to finally settle the question, is this a fruit or a vegetable (or a berry)
      botanically speaking (or otherwise).","name":"fruitorvegapi","name_with_namespace":"David
      Dikman / fruitorvegapi","path":"fruitorvegapi","path_with_namespace":"ddikman/fruitorvegapi","created_at":"2018-08-28T10:03:30.333Z","default_branch":"master","tag_list":[],"ssh_url_to_repo":"git@gitlab.com:ddikman/fruitorvegapi.git","http_url_to_repo":"https://gitlab.com/ddikman/fruitorvegapi.git","web_url":"https://gitlab.com/ddikman/fruitorvegapi","readme_url":"https://gitlab.com/ddikman/fruitorvegapi/blob/master/readme.md","avatar_url":"https://assets.gitlab-static.net/uploads/-/system/project/avatar/8121502/c7ddb7ed8ca549f3087ae2130a83b6b7.png","star_count":0,"forks_count":0,"last_activity_at":"2018-08-28T19:33:40.846Z","namespace":{"id":3135572,"name":"ddikman","path":"ddikman","kind":"user","full_path":"ddikman","parent_id":null}},{"id":8024000,"description":"Running
      vegetables from a container","name":"cabbage","name_with_namespace":"Wenzhi
      Liang / cabbage","path":"cabbage","path_with_namespace":"dillik/cabbage","created_at":"2018-08-21T06:08:47.548Z","default_branch":null,"tag_list":[],"ssh_url_to_repo":"git@gitlab.com:dillik/cabbage.git","http_url_to_repo":"https://gitlab.com/dillik/cabbage.git","web_url":"https://gitlab.com/dillik/cabbage","readme_url":null,"avatar_url":null,"star_count":0,"forks_count":0,"last_activity_at":"2018-08-21T06:08:47.548Z","namespace":{"id":157016,"name":"dillik","path":"dillik","kind":"user","full_path":"dillik","parent_id":null}},{"id":7789240,"description":null,"name":"dotfiles-vegetableman","name_with_namespace":"Ira
      Miller / dotfiles-vegetableman","path":"dotfiles-vegetableman","path_with_namespace":"isysd/dotfiles-vegetableman","created_at":"2018-08-07T02:51:02.979Z","default_branch":"vegetableman","tag_list":[],"ssh_url_to_repo":"git@gitlab.com:isysd/dotfiles-vegetableman.git","http_url_to_repo":"https://gitlab.com/isysd/dotfiles-vegetableman.git","web_url":"https://gitlab.com/isysd/dotfiles-vegetableman","readme_url":null,"avatar_url":null,"star_count":0,"forks_count":0,"last_activity_at":"2018-08-07T02:51:02.979Z","namespace":{"id":2068545,"name":"isysd","path":"isysd","kind":"user","full_path":"isysd","parent_id":null}},{"id":7269391,"description":"Sequential
      Vegetation Imaging System ","name":"SVIS","name_with_namespace":"MWR / SVIS","path":"cursesli","path_with_namespace":"MWR/cursesli","created_at":"2018-06-27T23:18:27.336Z","default_branch":"master","tag_list":[],"ssh_url_to_repo":"git@gitlab.com:MWR/cursesli.git","http_url_to_repo":"https://gitlab.com/MWR/cursesli.git","web_url":"https://gitlab.com/MWR/cursesli","readme_url":null,"avatar_url":null,"star_count":0,"forks_count":0,"last_activity_at":"2018-07-10T02:47:57.739Z","namespace":{"id":3006990,"name":"MWR","path":"MWR","kind":"group","full_path":"MWR","parent_id":null}},{"id":7307673,"description":"Learning
      bulma","name":"vegeta-blog","name_with_namespace":"Mrityunjay Saxena / vegeta-blog","path":"vegeta-blog","path_with_namespace":"mgr8/vegeta-blog","created_at":"2018-06-30T20:18:26.071Z","default_branch":"master","tag_list":[],"ssh_url_to_repo":"git@gitlab.com:mgr8/vegeta-blog.git","http_url_to_repo":"https://gitlab.com/mgr8/vegeta-blog.git","web_url":"https://gitlab.com/mgr8/vegeta-blog","readme_url":null,"avatar_url":null,"star_count":0,"forks_count":0,"last_activity_at":"2018-07-01T14:33:12.968Z","namespace":{"id":2817844,"name":"mgr8","path":"mgr8","kind":"user","full_path":"mgr8","parent_id":null}},{"id":7233182,"description":null,"name":"keys-vegetableman","name_with_namespace":"guld
      / keys-vegetableman","path":"keys-vegetableman","path_with_namespace":"guld/keys-vegetableman","created_at":"2018-06-26T03:03:32.587Z","default_branch":"guld","tag_list":[],"ssh_url_to_repo":"git@gitlab.com:guld/keys-vegetableman.git","http_url_to_repo":"https://gitlab.com/guld/keys-vegetableman.git","web_url":"https://gitlab.com/guld/keys-vegetableman","readme_url":null,"avatar_url":null,"star_count":0,"forks_count":0,"last_activity_at":"2018-06-26T18:36:45.717Z","namespace":{"id":3017680,"name":"guld","path":"guld","kind":"group","full_path":"guld","parent_id":null}},{"id":7246596,"description":null,"name":"ledger-GULD-vegetableman","name_with_namespace":"guld
      / ledger-GULD-vegetableman","path":"ledger-guld-vegetableman","path_with_namespace":"guld/ledger-guld-vegetableman","created_at":"2018-06-26T17:41:26.642Z","default_branch":null,"tag_list":[],"ssh_url_to_repo":"git@gitlab.com:guld/ledger-guld-vegetableman.git","http_url_to_repo":"https://gitlab.com/guld/ledger-guld-vegetableman.git","web_url":"https://gitlab.com/guld/ledger-guld-vegetableman","readme_url":null,"avatar_url":null,"star_count":0,"forks_count":0,"last_activity_at":"2018-06-26T17:41:26.642Z","namespace":{"id":3017680,"name":"guld","path":"guld","kind":"group","full_path":"guld","parent_id":null}},{"id":7233180,"description":null,"name":"keys-vegetableman","name_with_namespace":"Ira
      Miller / keys-vegetableman","path":"keys-vegetableman","path_with_namespace":"isysd/keys-vegetableman","created_at":"2018-06-26T03:03:23.344Z","default_branch":"isysd","tag_list":[],"ssh_url_to_repo":"git@gitlab.com:isysd/keys-vegetableman.git","http_url_to_repo":"https://gitlab.com/isysd/keys-vegetableman.git","web_url":"https://gitlab.com/isysd/keys-vegetableman","readme_url":null,"avatar_url":null,"star_count":0,"forks_count":0,"last_activity_at":"2018-06-26T05:12:05.819Z","namespace":{"id":2068545,"name":"isysd","path":"isysd","kind":"user","full_path":"isysd","parent_id":null}},{"id":6097330,"description":"","name":"AppVegetacaoUrbana","name_with_namespace":"Uirá
      Veríssimo / AppVegetacaoUrbana","path":"AppVegetacaoUrbana","path_with_namespace":"uirado/AppVegetacaoUrbana","created_at":"2018-04-16T22:39:44.861Z","default_branch":"master","tag_list":[],"ssh_url_to_repo":"git@gitlab.com:uirado/AppVegetacaoUrbana.git","http_url_to_repo":"https://gitlab.com/uirado/AppVegetacaoUrbana.git","web_url":"https://gitlab.com/uirado/AppVegetacaoUrbana","readme_url":"https://gitlab.com/uirado/AppVegetacaoUrbana/blob/master/README.md","avatar_url":null,"star_count":0,"forks_count":0,"last_activity_at":"2018-06-18T23:50:52.159Z","namespace":{"id":626621,"name":"uirado","path":"uirado","kind":"user","full_path":"uirado","parent_id":null}},{"id":6945092,"description":"Find
      vegetarian and vegan restaurants in your city","name":"veganphilly","name_with_namespace":"Alex
      Gleason / veganphilly","path":"veganphilly","path_with_namespace":"alexgleason/veganphilly","created_at":"2018-06-08T00:16:58.641Z","default_branch":"master","tag_list":[],"ssh_url_to_repo":"git@gitlab.com:alexgleason/veganphilly.git","http_url_to_repo":"https://gitlab.com/alexgleason/veganphilly.git","web_url":"https://gitlab.com/alexgleason/veganphilly","readme_url":"https://gitlab.com/alexgleason/veganphilly/blob/master/README.md","avatar_url":null,"star_count":0,"forks_count":0,"last_activity_at":"2018-06-08T00:16:58.641Z","namespace":{"id":881110,"name":"alexgleason","path":"alexgleason","kind":"user","full_path":"alexgleason","parent_id":null}},{"id":6818631,"description":"Online
      vegetable store.","name":"Bali-Shuk-Store","name_with_namespace":"Way2CU / Bali-Shuk-Store","path":"Bali-Shuk-Store","path_with_namespace":"Way2CU/Bali-Shuk-Store","created_at":"2018-06-05T15:43:29.709Z","default_branch":"master","tag_list":[],"ssh_url_to_repo":"git@gitlab.com:Way2CU/Bali-Shuk-Store.git","http_url_to_repo":"https://gitlab.com/Way2CU/Bali-Shuk-Store.git","web_url":"https://gitlab.com/Way2CU/Bali-Shuk-Store","readme_url":"https://gitlab.com/Way2CU/Bali-Shuk-Store/blob/master/README.md","avatar_url":null,"star_count":0,"forks_count":0,"last_activity_at":"2018-06-05T15:43:29.709Z","namespace":{"id":2993573,"name":"Way2CU","path":"Way2CU","kind":"group","full_path":"Way2CU","parent_id":null}},{"id":6189350,"description":"","name":"Vegetable-market","name_with_namespace":"Sneha
      Sanghavi / Vegetable-market","path":"Vegetable-market","path_with_namespace":"sneha12/Vegetable-market","created_at":"2018-04-25T09:11:16.409Z","default_branch":"master","tag_list":[],"ssh_url_to_repo":"git@gitlab.com:sneha12/Vegetable-market.git","http_url_to_repo":"https://gitlab.com/sneha12/Vegetable-market.git","web_url":"https://gitlab.com/sneha12/Vegetable-market","readme_url":null,"avatar_url":null,"star_count":0,"forks_count":0,"last_activity_at":"2018-04-25T09:13:27.787Z","namespace":{"id":2801093,"name":"sneha12","path":"sneha12","kind":"user","full_path":"sneha12","parent_id":null}},{"id":5776046,"description":"Great
      recipes for great vegetable soups","name":"recipes-rick","name_with_namespace":"Rick
      / recipes-rick","path":"recipes-rick","path_with_namespace":"rick.hoving/recipes-rick","created_at":"2018-03-16T13:41:44.664Z","default_branch":"master","tag_list":[],"ssh_url_to_repo":"git@gitlab.com:rick.hoving/recipes-rick.git","http_url_to_repo":"https://gitlab.com/rick.hoving/recipes-rick.git","web_url":"https://gitlab.com/rick.hoving/recipes-rick","readme_url":null,"avatar_url":null,"star_count":0,"forks_count":0,"last_activity_at":"2018-03-16T13:41:44.664Z","namespace":{"id":2571359,"name":"rick.hoving","path":"rick.hoving","kind":"user","full_path":"rick.hoving","parent_id":null}},{"id":5608674,"description":"Vegetable
      macro for ATITD Tale 7.","name":"VegJanitor","name_with_namespace":"Pluribus
      Games / TaleUsers / VegJanitor","path":"VegJanitor","path_with_namespace":"PluribusGames/TaleUsers/VegJanitor","created_at":"2018-03-01T03:15:10.522Z","default_branch":"master","tag_list":[],"ssh_url_to_repo":"git@gitlab.com:PluribusGames/TaleUsers/VegJanitor.git","http_url_to_repo":"https://gitlab.com/PluribusGames/TaleUsers/VegJanitor.git","web_url":"https://gitlab.com/PluribusGames/TaleUsers/VegJanitor","readme_url":"https://gitlab.com/PluribusGames/TaleUsers/VegJanitor/blob/master/README.md","avatar_url":null,"star_count":0,"forks_count":0,"last_activity_at":"2018-03-01T03:15:10.522Z","namespace":{"id":2554207,"name":"TaleUsers","path":"TaleUsers","kind":"group","full_path":"PluribusGames/TaleUsers","parent_id":2526872}},{"id":4634421,"description":"It
      is illegal to smonk on the premises","name":"BlueVegetal","name_with_namespace":"CookieEaters
      / BlueVegetal","path":"BlueVegetal","path_with_namespace":"CookieEaters/BlueVegetal","created_at":"2017-11-13T02:59:08.053Z","default_branch":"master","tag_list":["angery","leg","smonk","vegetal"],"ssh_url_to_repo":"git@gitlab.com:CookieEaters/BlueVegetal.git","http_url_to_repo":"https://gitlab.com/CookieEaters/BlueVegetal.git","web_url":"https://gitlab.com/CookieEaters/BlueVegetal","readme_url":"https://gitlab.com/CookieEaters/BlueVegetal/blob/master/README.md","avatar_url":null,"star_count":0,"forks_count":0,"last_activity_at":"2017-11-13T02:59:08.053Z","namespace":{"id":1493590,"name":"CookieEaters","path":"CookieEaters","kind":"group","full_path":"CookieEaters","parent_id":null}},{"id":1989410,"description":"UI
      part of PointlessVegetable project","name":"PointlessVegetableUI","name_with_namespace":"Sebastian
      Simko / PointlessVegetableUI","path":"PointlessVegetableUI","path_with_namespace":"sebastian.simko/PointlessVegetableUI","created_at":"2016-11-10T17:40:56.851Z","default_branch":"master","tag_list":[],"ssh_url_to_repo":"git@gitlab.com:sebastian.simko/PointlessVegetableUI.git","http_url_to_repo":"https://gitlab.com/sebastian.simko/PointlessVegetableUI.git","web_url":"https://gitlab.com/sebastian.simko/PointlessVegetableUI","readme_url":"https://gitlab.com/sebastian.simko/PointlessVegetableUI/blob/master/README.md","avatar_url":"https://assets.gitlab-static.net/uploads/-/system/project/avatar/1989410/fruit-and-veg_2607604b.jpg","star_count":0,"forks_count":0,"last_activity_at":"2017-09-18T18:24:09.277Z","namespace":{"id":518671,"name":"sebastian.simko","path":"sebastian.simko","kind":"user","full_path":"sebastian.simko","parent_id":null}},{"id":3774605,"description":"","name":"strategies-vegetales","name_with_namespace":"Enguerrand
      / strategies-vegetales","path":"strategies-vegetales","path_with_namespace":"Engue/strategies-vegetales","created_at":"2017-07-25T07:17:41.570Z","default_branch":null,"tag_list":[],"ssh_url_to_repo":"git@gitlab.com:Engue/strategies-vegetales.git","http_url_to_repo":"https://gitlab.com/Engue/strategies-vegetales.git","web_url":"https://gitlab.com/Engue/strategies-vegetales","readme_url":null,"avatar_url":null,"star_count":0,"forks_count":0,"last_activity_at":"2017-07-25T07:17:41.570Z","namespace":{"id":1175556,"name":"Engue","path":"Engue","kind":"user","full_path":"Engue","parent_id":null}},{"id":322070,"description":"Pronounced
      \"GeGe-eF\" which stands for Gado-gado Framework inspired by Delicious Spicy
      Vegetables with Grilled Nut Sauce Indonesian Culinary \"Gado-gado\". This include
      web application core design, working with various other frameworks","name":"GgF","name_with_namespace":"suwi
      dadi utomo / GgF","path":"GgF","path_with_namespace":"suwidadi/GgF","created_at":"2015-06-22T03:18:03.460Z","default_branch":"master","tag_list":[],"ssh_url_to_repo":"git@gitlab.com:suwidadi/GgF.git","http_url_to_repo":"https://gitlab.com/suwidadi/GgF.git","web_url":"https://gitlab.com/suwidadi/GgF","readme_url":"https://gitlab.com/suwidadi/GgF/blob/master/README.md","avatar_url":null,"star_count":0,"forks_count":0,"last_activity_at":"2015-06-22T03:18:03.460Z","namespace":{"id":206243,"name":"suwidadi","path":"suwidadi","kind":"user","full_path":"suwidadi","parent_id":null}},{"id":262078,"description":"Vegetation
      extensions for osgEarth.","name":"osgearth-flora","name_with_namespace":"pelican
      / osgearth-flora","path":"osgearth-flora","path_with_namespace":"pelican/osgearth-flora","created_at":"2015-05-06T17:47:55.598Z","default_branch":"master","tag_list":[],"ssh_url_to_repo":"git@gitlab.com:pelican/osgearth-flora.git","http_url_to_repo":"https://gitlab.com/pelican/osgearth-flora.git","web_url":"https://gitlab.com/pelican/osgearth-flora","readme_url":"https://gitlab.com/pelican/osgearth-flora/blob/master/README.md","avatar_url":"https://assets.gitlab-static.net/uploads/-/system/project/avatar/262078/cactus-clipart-as6068.gif","star_count":2,"forks_count":0,"last_activity_at":"2015-05-06T17:50:38.489Z","namespace":{"id":101766,"name":"pelican","path":"pelican","kind":"group","full_path":"pelican","parent_id":null}}]'
    headers:
      Cache-Control:
      - max-age=0, private, must-revalidate
      Content-Type:
      - application/json
      Date:
      - Thu, 28 Mar 2019 13:54:31 GMT
      Etag:
      - W/"9644459564b5112ca0f3e3e75ca74494"
      Link:
      - <https://gitlab.com/api/v4/projects?membership=false&order_by=last_activity_at&owned=false&page=1&per_page=100&repository_checksum_failed=false&search=vegeta&simple=false&sort=desc&starred=false&statistics=false&wiki_checksum_failed=false&with_custom_attributes=false&with_issues_enabled=false&with_merge_requests_enabled=false>;
        rel="first", <https://gitlab.com/api/v4/projects?membership=false&order_by=last_activity_at&owned=false&page=1&per_page=100&repository_checksum_failed=false&search=vegeta&simple=false&sort=desc&starred=false&statistics=false&wiki_checksum_failed=false&with_custom_attributes=false&with_issues_enabled=false&with_merge_requests_enabled=false>;
        rel="last"
      Server:
      - nginx
      Strict-Transport-Security:
      - max-age=31536000
      Vary:
      - Accept-Encoding
      - Origin
      X-Content-Type-Options:
      - nosniff
      X-Frame-Options:
      - SAMEORIGIN
      X-Next-Page:
      - ""
      X-Page:
      - "1"
      X-Per-Page:
      - "100"
      X-Prev-Page:
      - ""
      X-Request-Id:
      - h9IELJUwxl6
      X-Runtime:
      - "0.784676"
      X-Total:
      - "43"
      X-Total-Pages:
      - "1"
    status: 200 OK
    code: 200
    duration: ""
- request:
    body: ""
    form: {}
    headers:
      Accept:
      - application/vnd.github.jean-grey-preview+json
      Content-Type:
      - application/json; charset=utf-8
      Referer:
      - http://api.github.com/search/repositories?page=2&per_page=100&q=user%3Atsenart+in%3Aname+patrol
    url: https://api.github.com/search/repositories?page=2&per_page=100&q=user%3Atsenart+in%3Aname+patrol
    method: GET
  response:
    body: '{"total_count":1,"incomplete_results":false,"items":[]}'
    headers:
      Access-Control-Allow-Origin:
      - '*'
      Access-Control-Expose-Headers:
      - ETag, Link, Location, Retry-After, X-GitHub-OTP, X-RateLimit-Limit, X-RateLimit-Remaining,
        X-RateLimit-Reset, X-OAuth-Scopes, X-Accepted-OAuth-Scopes, X-Poll-Interval,
        X-GitHub-Media-Type
      Cache-Control:
      - no-cache
      Content-Security-Policy:
      - default-src 'none'
      Content-Type:
      - application/json; charset=utf-8
      Date:
      - Thu, 28 Mar 2019 13:54:32 GMT
      Link:
      - <https://api.github.com/search/repositories?page=1&per_page=100&q=user%3Atsenart+in%3Aname+patrol>;
        rel="prev", <https://api.github.com/search/repositories?page=1&per_page=100&q=user%3Atsenart+in%3Aname+patrol>;
        rel="last", <https://api.github.com/search/repositories?page=1&per_page=100&q=user%3Atsenart+in%3Aname+patrol>;
        rel="first"
      Referrer-Policy:
      - origin-when-cross-origin, strict-origin-when-cross-origin
      Server:
      - GitHub.com
      Status:
      - 200 OK
      Strict-Transport-Security:
      - max-age=31536000; includeSubdomains; preload
      X-Content-Type-Options:
      - nosniff
      X-Frame-Options:
      - deny
      X-Github-Media-Type:
      - github.v3; param=jean-grey-preview; format=json
      X-Github-Request-Id:
      - 1450:3570:15BB56:3A9BDD:5C9CD216
      X-Xss-Protection:
      - 1; mode=block
    status: 200 OK
    code: 200
    duration: ""
