---
version: 1
interactions:
- request:
    body: ""
    form: {}
    headers:
      Accept:
      - application/vnd.github.jean-grey-preview+json,application/vnd.github.mercy-preview+json
      - application/vnd.github.machine-man-preview+json
      Content-Type:
      - application/json; charset=utf-8
    url: https://api.github.com/repos/sourcegraph/sourcegraph
    method: GET
  response:
    body: '{"id":41288708,"node_id":"MDEwOlJlcG9zaXRvcnk0MTI4ODcwOA==","name":"sourcegraph","full_name":"sourcegraph/sourcegraph","private":false,"owner":{"login":"sourcegraph","id":3979584,"node_id":"MDEyOk9yZ2FuaXphdGlvbjM5Nzk1ODQ=","avatar_url":"https://avatars0.githubusercontent.com/u/3979584?v=4","gravatar_id":"","url":"https://api.github.com/users/sourcegraph","html_url":"https://github.com/sourcegraph","followers_url":"https://api.github.com/users/sourcegraph/followers","following_url":"https://api.github.com/users/sourcegraph/following{/other_user}","gists_url":"https://api.github.com/users/sourcegraph/gists{/gist_id}","starred_url":"https://api.github.com/users/sourcegraph/starred{/owner}{/repo}","subscriptions_url":"https://api.github.com/users/sourcegraph/subscriptions","organizations_url":"https://api.github.com/users/sourcegraph/orgs","repos_url":"https://api.github.com/users/sourcegraph/repos","events_url":"https://api.github.com/users/sourcegraph/events{/privacy}","received_events_url":"https://api.github.com/users/sourcegraph/received_events","type":"Organization","site_admin":false},"html_url":"https://github.com/sourcegraph/sourcegraph","description":"Universal
      code search and navigation tool (self-hosted)","fork":false,"url":"https://api.github.com/repos/sourcegraph/sourcegraph","forks_url":"https://api.github.com/repos/sourcegraph/sourcegraph/forks","keys_url":"https://api.github.com/repos/sourcegraph/sourcegraph/keys{/key_id}","collaborators_url":"https://api.github.com/repos/sourcegraph/sourcegraph/collaborators{/collaborator}","teams_url":"https://api.github.com/repos/sourcegraph/sourcegraph/teams","hooks_url":"https://api.github.com/repos/sourcegraph/sourcegraph/hooks","issue_events_url":"https://api.github.com/repos/sourcegraph/sourcegraph/issues/events{/number}","events_url":"https://api.github.com/repos/sourcegraph/sourcegraph/events","assignees_url":"https://api.github.com/repos/sourcegraph/sourcegraph/assignees{/user}","branches_url":"https://api.github.com/repos/sourcegraph/sourcegraph/branches{/branch}","tags_url":"https://api.github.com/repos/sourcegraph/sourcegraph/tags","blobs_url":"https://api.github.com/repos/sourcegraph/sourcegraph/git/blobs{/sha}","git_tags_url":"https://api.github.com/repos/sourcegraph/sourcegraph/git/tags{/sha}","git_refs_url":"https://api.github.com/repos/sourcegraph/sourcegraph/git/refs{/sha}","trees_url":"https://api.github.com/repos/sourcegraph/sourcegraph/git/trees{/sha}","statuses_url":"https://api.github.com/repos/sourcegraph/sourcegraph/statuses/{sha}","languages_url":"https://api.github.com/repos/sourcegraph/sourcegraph/languages","stargazers_url":"https://api.github.com/repos/sourcegraph/sourcegraph/stargazers","contributors_url":"https://api.github.com/repos/sourcegraph/sourcegraph/contributors","subscribers_url":"https://api.github.com/repos/sourcegraph/sourcegraph/subscribers","subscription_url":"https://api.github.com/repos/sourcegraph/sourcegraph/subscription","commits_url":"https://api.github.com/repos/sourcegraph/sourcegraph/commits{/sha}","git_commits_url":"https://api.github.com/repos/sourcegraph/sourcegraph/git/commits{/sha}","comments_url":"https://api.github.com/repos/sourcegraph/sourcegraph/comments{/number}","issue_comment_url":"https://api.github.com/repos/sourcegraph/sourcegraph/issues/comments{/number}","contents_url":"https://api.github.com/repos/sourcegraph/sourcegraph/contents/{+path}","compare_url":"https://api.github.com/repos/sourcegraph/sourcegraph/compare/{base}...{head}","merges_url":"https://api.github.com/repos/sourcegraph/sourcegraph/merges","archive_url":"https://api.github.com/repos/sourcegraph/sourcegraph/{archive_format}{/ref}","downloads_url":"https://api.github.com/repos/sourcegraph/sourcegraph/downloads","issues_url":"https://api.github.com/repos/sourcegraph/sourcegraph/issues{/number}","pulls_url":"https://api.github.com/repos/sourcegraph/sourcegraph/pulls{/number}","milestones_url":"https://api.github.com/repos/sourcegraph/sourcegraph/milestones{/number}","notifications_url":"https://api.github.com/repos/sourcegraph/sourcegraph/notifications{?since,all,participating}","labels_url":"https://api.github.com/repos/sourcegraph/sourcegraph/labels{/name}","releases_url":"https://api.github.com/repos/sourcegraph/sourcegraph/releases{/id}","deployments_url":"https://api.github.com/repos/sourcegraph/sourcegraph/deployments","created_at":"2015-08-24T07:27:28Z","updated_at":"2020-02-05T14:37:05Z","pushed_at":"2020-02-05T15:17:22Z","git_url":"git://github.com/sourcegraph/sourcegraph.git","ssh_url":"git@github.com:sourcegraph/sourcegraph.git","clone_url":"https://github.com/sourcegraph/sourcegraph.git","svn_url":"https://github.com/sourcegraph/sourcegraph","homepage":"https://sourcegraph.com","size":350675,"stargazers_count":3126,"watchers_count":3126,"language":"Go","has_issues":true,"has_projects":true,"has_downloads":true,"has_wiki":false,"has_pages":false,"forks_count":285,"mirror_url":null,"archived":false,"disabled":false,"open_issues_count":1099,"license":{"key":"other","name":"Other","spdx_id":"NOASSERTION","url":null,"node_id":"MDc6TGljZW5zZTA="},"topics":["code-intelligence","code-search","open-source","repo-type-main","sourcegraph"],"forks":285,"open_issues":1099,"watchers":3126,"default_branch":"master","permissions":{"admin":true,"push":true,"pull":true},"temp_clone_token":"","allow_squash_merge":true,"allow_merge_commit":false,"allow_rebase_merge":true,"delete_branch_on_merge":true,"organization":{"login":"sourcegraph","id":3979584,"node_id":"MDEyOk9yZ2FuaXphdGlvbjM5Nzk1ODQ=","avatar_url":"https://avatars0.githubusercontent.com/u/3979584?v=4","gravatar_id":"","url":"https://api.github.com/users/sourcegraph","html_url":"https://github.com/sourcegraph","followers_url":"https://api.github.com/users/sourcegraph/followers","following_url":"https://api.github.com/users/sourcegraph/following{/other_user}","gists_url":"https://api.github.com/users/sourcegraph/gists{/gist_id}","starred_url":"https://api.github.com/users/sourcegraph/starred{/owner}{/repo}","subscriptions_url":"https://api.github.com/users/sourcegraph/subscriptions","organizations_url":"https://api.github.com/users/sourcegraph/orgs","repos_url":"https://api.github.com/users/sourcegraph/repos","events_url":"https://api.github.com/users/sourcegraph/events{/privacy}","received_events_url":"https://api.github.com/users/sourcegraph/received_events","type":"Organization","site_admin":false},"network_count":285,"subscribers_count":79}'
    headers:
      Access-Control-Allow-Origin:
      - '*'
      Access-Control-Expose-Headers:
      - ETag, Link, Location, Retry-After, X-GitHub-OTP, X-RateLimit-Limit, X-RateLimit-Remaining,
        X-RateLimit-Reset, X-OAuth-Scopes, X-Accepted-OAuth-Scopes, X-Poll-Interval,
        X-GitHub-Media-Type
      Cache-Control:
      - private, max-age=60, s-maxage=60
      Content-Security-Policy:
      - default-src 'none'
      Content-Type:
      - application/json; charset=utf-8
      Date:
      - Wed, 05 Feb 2020 15:39:06 GMT
      Etag:
      - W/"bff32b5333df0b8cc6a63e4df073e276"
      Last-Modified:
      - Wed, 05 Feb 2020 14:37:05 GMT
      Referrer-Policy:
      - origin-when-cross-origin, strict-origin-when-cross-origin
      Server:
      - GitHub.com
      Status:
      - 200 OK
      Strict-Transport-Security:
      - max-age=31536000; includeSubdomains; preload
      Vary:
      - Accept, Authorization, Cookie, X-GitHub-OTP
      - Accept-Encoding
      X-Accepted-Oauth-Scopes:
      - repo
      X-Content-Type-Options:
      - nosniff
      X-Frame-Options:
      - deny
      X-Github-Media-Type:
      - github.v3; param=jean-grey-preview; format=json, github.mercy-preview; format=json,
        github.machine-man-preview; format=json
      X-Github-Request-Id:
      - C104:265DD:3DF45:4C98A:5E3AE19A
      X-Oauth-Scopes:
      - read:org, repo
      X-Ratelimit-Limit:
      - "5000"
      X-Ratelimit-Remaining:
      - "4995"
      X-Ratelimit-Reset:
      - "1580919065"
      X-Xss-Protection:
      - 1; mode=block
    status: 200 OK
    code: 200
    duration: ""
- request:
    body: ""
    form: {}
    headers:
      Content-Type:
      - application/json; charset=utf-8
    url: https://bitbucket.sgdev.org/rest/api/1.0/labels/archived/labeled?REPOSITORY=&limit=1000
    method: GET
  response:
    body: '{"size":1,"limit":1000,"isLastPage":true,"values":[{"slug":"archived-repo","id":10073,"name":"archived-repo","scmId":"git","state":"AVAILABLE","statusMessage":"Available","forkable":true,"project":{"key":"PUBLIC","id":4,"name":"Public","public":false,"type":"NORMAL","links":{"self":[{"href":"https://bitbucket.sgdev.org/projects/PUBLIC"}]}},"public":false,"labelableType":"REPOSITORY","links":{"clone":[{"href":"https://bitbucket.sgdev.org/scm/public/archived-repo.git","name":"http"}],"self":[{"href":"https://bitbucket.sgdev.org/projects/PUBLIC/repos/archived-repo/browse"}]}}],"start":0}'
    headers:
      Cache-Control:
      - private, no-cache
      - no-cache, no-transform
      Content-Type:
      - application/json;charset=UTF-8
      Date:
      - Wed, 05 Feb 2020 15:39:06 GMT
      Pragma:
      - no-cache
      Server:
      - Caddy
      Vary:
      - X-AUSERNAME,Accept-Encoding
      X-Arequestid:
      - '@1JRK3O7x939x4815629x0'
      X-Asen:
      - SEN-11363689
      X-Asessionid:
      - oyttbs
      X-Auserid:
      - "1"
      X-Ausername:
      - milton
      X-Content-Type-Options:
      - nosniff
    status: 200 OK
    code: 200
    duration: ""
- request:
    body: ""
    form: {}
    headers:
      Content-Type:
      - application/json; charset=utf-8
    url: https://bitbucket.sgdev.org/rest/api/1.0/projects/SOUR/repos/vegeta
    method: GET
  response:
    body: '{"slug":"vegeta","id":2,"name":"vegeta","scmId":"git","state":"AVAILABLE","statusMessage":"Available","forkable":true,"project":{"key":"SOUR","id":1,"name":"sourcegraph","public":false,"type":"NORMAL","links":{"self":[{"href":"https://bitbucket.sgdev.org/projects/SOUR"}]}},"public":false,"links":{"clone":[{"href":"https://bitbucket.sgdev.org/scm/sour/vegeta.git","name":"http"}],"self":[{"href":"https://bitbucket.sgdev.org/projects/SOUR/repos/vegeta/browse"}]}}'
    headers:
      Cache-Control:
      - private, no-cache
      - no-cache, no-transform
      Content-Type:
      - application/json;charset=UTF-8
      Date:
      - Wed, 05 Feb 2020 15:39:08 GMT
      Pragma:
      - no-cache
      Server:
      - Caddy
      Vary:
      - X-AUSERNAME,Accept-Encoding
      X-Arequestid:
      - '@1JRK3O7x939x4815630x0'
      X-Asen:
      - SEN-11363689
      X-Asessionid:
      - 1wolyxf
      X-Auserid:
      - "1"
      X-Ausername:
      - milton
      X-Content-Type-Options:
      - nosniff
    status: 200 OK
    code: 200
    duration: ""
- request:
    body: '{"query":"\nfragment actor on Actor {\n  avatarUrl\n  login\n  url\n}\n\nfragment
      label on Label {\n  name\n  color\n  description\n  id\n}\n\nfragment commit
      on Commit {\n  oid\n  message\n  messageHeadline\n  committedDate\n  pushedDate\n  url\n  status
      {\n    state\n  }\n  committer {\n    avatarUrl\n    email\n    name\n    user
      {\n      ...actor\n    }\n  }\n}\n\nfragment prCommit on PullRequestCommit {\n  commit
      {\n    ...commit\n  }\n}\n\nfragment review on PullRequestReview {\n  databaseId\n  author
      {\n    ...actor\n  }\n  authorAssociation\n  body\n  state\n  url\n  createdAt\n  updatedAt\n  commit
      {\n    ...commit\n  }\n  includesCreatedEdit\n}\n\nfragment pr on PullRequest
      {\n  id\n  title\n  body\n  state\n  url\n  number\n  createdAt\n  updatedAt\n  headRefOid\n  baseRefOid\n  headRefName\n  baseRefName\n  author
      {\n    ...actor\n  }\n  participants(first: 100) {\n    nodes {\n      ...actor\n    }\n  }\n  labels(first:
      100) {\n    nodes {\n      ...label\n    }\n  }\n  commits(last: 1) {\n    nodes
      {\n      ...prCommit\n    }\n  }\n  timelineItems(first: 250, itemTypes: [ASSIGNED_EVENT,
      CLOSED_EVENT, ISSUE_COMMENT, RENAMED_TITLE_EVENT, MERGED_EVENT, PULL_REQUEST_REVIEW,
      PULL_REQUEST_REVIEW_THREAD, REOPENED_EVENT, REVIEW_DISMISSED_EVENT, REVIEW_REQUEST_REMOVED_EVENT,
      REVIEW_REQUESTED_EVENT, UNASSIGNED_EVENT, LABELED_EVENT, UNLABELED_EVENT, PULL_REQUEST_COMMIT])
      {\n    nodes {\n      __typename\n      ... on AssignedEvent {\n        actor
      {\n          ...actor\n        }\n        assignee {\n          ...actor\n        }\n        createdAt\n      }\n      ...
      on ClosedEvent {\n        actor {\n          ...actor\n        }\n        createdAt\n        url\n      }\n      ...
      on IssueComment {\n        databaseId\n        author {\n          ...actor\n        }\n        authorAssociation\n        body\n        createdAt\n        editor
      {\n          ...actor\n        }\n        url\n        updatedAt\n        includesCreatedEdit\n        publishedAt\n      }\n      ...
      on RenamedTitleEvent {\n        actor {\n          ...actor\n        }\n        previousTitle\n        currentTitle\n        createdAt\n      }\n      ...
      on MergedEvent {\n        actor {\n          ...actor\n        }\n        mergeRefName\n        url\n        commit
      {\n          ...commit\n        }\n        createdAt\n      }\n      ... on
      PullRequestReview {\n        ...review\n      }\n      ... on PullRequestReviewThread
      {\n        comments(last: 100) {\n          nodes {\n            databaseId\n            author
      {\n              ...actor\n            }\n            authorAssociation\n            editor
      {\n              ...actor\n            }\n            commit {\n              ...commit\n            }\n            body\n            state\n            url\n            createdAt\n            updatedAt\n            includesCreatedEdit\n          }\n        }\n      }\n      ...
      on ReopenedEvent {\n        actor {\n          ...actor\n        }\n        createdAt\n      }\n      ...
      on ReviewDismissedEvent {\n        actor {\n          ...actor\n        }\n        review
      {\n          ...review\n        }\n        dismissalMessage\n        createdAt\n      }\n      ...
      on ReviewRequestRemovedEvent {\n        actor {\n          ...actor\n        }\n        requestedReviewer
      {\n          ...actor\n        }\n        requestedTeam: requestedReviewer {\n          ...
      on Team {\n            name\n            url\n            avatarUrl\n          }\n        }\n        createdAt\n      }\n      ...
      on ReviewRequestedEvent {\n        actor {\n          ...actor\n        }\n        requestedReviewer
      {\n          ...actor\n        }\n        requestedTeam: requestedReviewer {\n          ...
      on Team {\n            name\n            url\n            avatarUrl\n          }\n        }\n        createdAt\n      }\n      ...
      on UnassignedEvent {\n        actor {\n          ...actor\n        }\n        assignee
      {\n          ...actor\n        }\n        createdAt\n      }\n      ... on LabeledEvent
      {\n        actor {\n          ...actor\n        }\n        label {\n          ...label\n        }\n        createdAt\n      }\n      ...
      on UnlabeledEvent {\n        actor {\n          ...actor\n        }\n        label
      {\n          ...label\n        }\n        createdAt\n      }\n      ... on PullRequestCommit{\n        ...prCommit\n      }\n    }\n  }\n}\nquery
      {\nrepo_0: repository(owner: \"sourcegraph\", name: \"sourcegraph\") {\nrepo_0_999:
      pullRequest(number: 999) { ...pr }\n}\n}","variables":null}'
    form: {}
    headers:
      Content-Type:
      - application/json; charset=utf-8
    url: https://api.github.com/graphql
    method: POST
  response:
    body: '{"data":{"repo_0":{"repo_0_999":{"id":"MDExOlB1bGxSZXF1ZXN0MjMwOTk4Njg2","title":"add
      extension filter to filter bar","body":"Enables adding extension filters to
      the filter bar by rendering the extension filter as filter chips inside the
      filter bar.\r\nWIP for https://github.com/sourcegraph/sourcegraph/issues/962\r\n\r\n>
      This PR updates the CHANGELOG.md file to describe any user-facing changes.\r\n.\r\n","state":"MERGED","url":"https://github.com/sourcegraph/sourcegraph/pull/999","number":999,"createdAt":"2018-11-14T22:07:45Z","updatedAt":"2020-01-31T14:19:43Z","headRefOid":"7db302f07955e41d50e656d5faebefb4d87bce8a","baseRefOid":"fa3815ba9ddd49db9111c5e9691e16d27e8f1f60","headRefName":"vo/add-type-issue-filter","baseRefName":"master","author":{"avatarUrl":"https://avatars2.githubusercontent.com/u/9110008?v=4","login":"vanesa","url":"https://github.com/vanesa"},"participants":{"nodes":[{"avatarUrl":"https://avatars2.githubusercontent.com/u/9110008?v=4","login":"vanesa","url":"https://github.com/vanesa"},{"avatarUrl":"https://avatars0.githubusercontent.com/u/1976?v=4","login":"sqs","url":"https://github.com/sqs"},{"avatarUrl":"https://avatars2.githubusercontent.com/u/3173176?v=4","login":"slimsag","url":"https://github.com/slimsag"},{"avatarUrl":"https://avatars3.githubusercontent.com/u/25610?v=4","login":"ryanslade","url":"https://github.com/ryanslade"}]},"labels":{"nodes":[{"name":"extensions","color":"3e2f91","description":"Sourcegraph
      extensions","id":"MDU6TGFiZWwxMDMwNjkwMTY3"}]},"commits":{"nodes":[{"commit":{"oid":"7db302f07955e41d50e656d5faebefb4d87bce8a","message":"merge
      master","messageHeadline":"merge master","committedDate":"2018-12-04T07:52:11Z","pushedDate":"2018-12-04T07:52:26Z","url":"https://github.com/sourcegraph/sourcegraph/commit/7db302f07955e41d50e656d5faebefb4d87bce8a","status":{"state":"SUCCESS"},"committer":{"avatarUrl":"https://avatars2.githubusercontent.com/u/9110008?v=4","email":"vanesa@sourcegraph.com","name":"Vanesa
      Ortiz","user":{"avatarUrl":"https://avatars2.githubusercontent.com/u/9110008?v=4","login":"vanesa","url":"https://github.com/vanesa"}}}}]},"timelineItems":{"nodes":[{"__typename":"PullRequestReview","databaseId":175130382,"author":{"avatarUrl":"https://avatars0.githubusercontent.com/u/1976?v=4","login":"sqs","url":"https://github.com/sqs"},"authorAssociation":"MEMBER","body":"","state":"COMMENTED","url":"https://github.com/sourcegraph/sourcegraph/pull/999#pullrequestreview-175130382","createdAt":"2018-11-14T23:31:46Z","updatedAt":"2018-11-14T23:31:50Z","commit":{"oid":"2e3f122f736f5b7a52eaa6578048ab5cc30968f3","message":"add
      extension filter to filter bar","messageHeadline":"add extension filter to filter
      bar","committedDate":"2018-11-14T22:05:18Z","pushedDate":"2018-11-14T22:05:45Z","url":"https://github.com/sourcegraph/sourcegraph/commit/2e3f122f736f5b7a52eaa6578048ab5cc30968f3","status":{"state":"FAILURE"},"committer":{"avatarUrl":"https://avatars2.githubusercontent.com/u/9110008?v=4","email":"vanesa@sourcegraph.com","name":"Vanesa
      Ortiz","user":{"avatarUrl":"https://avatars2.githubusercontent.com/u/9110008?v=4","login":"vanesa","url":"https://github.com/vanesa"}}},"includesCreatedEdit":false},{"__typename":"IssueComment","databaseId":439217700,"author":{"avatarUrl":"https://avatars2.githubusercontent.com/u/9110008?v=4","login":"vanesa","url":"https://github.com/vanesa"},"authorAssociation":"MEMBER","body":"I’m
      extending `contributions.ts` with a SearchFilters like @sqs suggested. I’m wondering
      though: We currently have `contributions.ts`, ActionsContainer etc. in an `actions`
      folder. Would SearchFilters be a new type of `action` or should it be considered
      sth separate? I’m also creating a SearchFiltersContainer, which would then also
      be located under `actions`?","createdAt":"2018-11-15T22:44:50Z","editor":{"avatarUrl":"https://avatars2.githubusercontent.com/u/9110008?v=4","login":"vanesa","url":"https://github.com/vanesa"},"url":"https://github.com/sourcegraph/sourcegraph/pull/999#issuecomment-439217700","updatedAt":"2018-11-15T22:45:03Z","includesCreatedEdit":true,"publishedAt":"2018-11-15T22:44:50Z"},{"__typename":"IssueComment","databaseId":439218986,"author":{"avatarUrl":"https://avatars0.githubusercontent.com/u/1976?v=4","login":"sqs","url":"https://github.com/sqs"},"authorAssociation":"MEMBER","body":"It
      would make sense to rename the directory but no need to handle that here. ","createdAt":"2018-11-15T22:49:54Z","editor":null,"url":"https://github.com/sourcegraph/sourcegraph/pull/999#issuecomment-439218986","updatedAt":"2018-11-15T22:49:54Z","includesCreatedEdit":false,"publishedAt":"2018-11-15T22:49:54Z"},{"__typename":"PullRequestCommit","commit":{"oid":"ad8e8dc77a35aa1da3aba1ef1ca2f6c7394e4e9b","message":"add
      extension filter to filter bar","messageHeadline":"add extension filter to filter
      bar","committedDate":"2018-11-21T01:09:55Z","pushedDate":null,"url":"https://github.com/sourcegraph/sourcegraph/commit/ad8e8dc77a35aa1da3aba1ef1ca2f6c7394e4e9b","status":null,"committer":{"avatarUrl":"https://avatars2.githubusercontent.com/u/9110008?v=4","email":"vanesa@sourcegraph.com","name":"Vanesa
      Ortiz","user":{"avatarUrl":"https://avatars2.githubusercontent.com/u/9110008?v=4","login":"vanesa","url":"https://github.com/vanesa"}}}},{"__typename":"PullRequestCommit","commit":{"oid":"ce86001a5826dbcf5be4daf5769becc9dd16562f","message":"fix
      build","messageHeadline":"fix build","committedDate":"2018-11-21T01:12:59Z","pushedDate":null,"url":"https://github.com/sourcegraph/sourcegraph/commit/ce86001a5826dbcf5be4daf5769becc9dd16562f","status":null,"committer":{"avatarUrl":"https://avatars2.githubusercontent.com/u/9110008?v=4","email":"vanesa@sourcegraph.com","name":"Vanesa
      Ortiz","user":{"avatarUrl":"https://avatars2.githubusercontent.com/u/9110008?v=4","login":"vanesa","url":"https://github.com/vanesa"}}}},{"__typename":"PullRequestCommit","commit":{"oid":"48e5fe7ad09f9e0ef354929ee99db67b88a5bc36","message":"add
      SearchFilters contribution","messageHeadline":"add SearchFilters contribution","committedDate":"2018-11-21T01:20:39Z","pushedDate":"2018-11-21T01:24:08Z","url":"https://github.com/sourcegraph/sourcegraph/commit/48e5fe7ad09f9e0ef354929ee99db67b88a5bc36","status":{"state":"FAILURE"},"committer":{"avatarUrl":"https://avatars2.githubusercontent.com/u/9110008?v=4","email":"vanesa@sourcegraph.com","name":"Vanesa
      Ortiz","user":{"avatarUrl":"https://avatars2.githubusercontent.com/u/9110008?v=4","login":"vanesa","url":"https://github.com/vanesa"}}}},{"__typename":"PullRequestReview","databaseId":177045661,"author":{"avatarUrl":"https://avatars2.githubusercontent.com/u/3173176?v=4","login":"slimsag","url":"https://github.com/slimsag"},"authorAssociation":"MEMBER","body":"","state":"COMMENTED","url":"https://github.com/sourcegraph/sourcegraph/pull/999#pullrequestreview-177045661","createdAt":"2018-11-21T01:30:28Z","updatedAt":"2018-11-21T01:30:29Z","commit":{"oid":"48e5fe7ad09f9e0ef354929ee99db67b88a5bc36","message":"add
      SearchFilters contribution","messageHeadline":"add SearchFilters contribution","committedDate":"2018-11-21T01:20:39Z","pushedDate":"2018-11-21T01:24:08Z","url":"https://github.com/sourcegraph/sourcegraph/commit/48e5fe7ad09f9e0ef354929ee99db67b88a5bc36","status":{"state":"FAILURE"},"committer":{"avatarUrl":"https://avatars2.githubusercontent.com/u/9110008?v=4","email":"vanesa@sourcegraph.com","name":"Vanesa
      Ortiz","user":{"avatarUrl":"https://avatars2.githubusercontent.com/u/9110008?v=4","login":"vanesa","url":"https://github.com/vanesa"}}},"includesCreatedEdit":false},{"__typename":"PullRequestReview","databaseId":177045724,"author":{"avatarUrl":"https://avatars2.githubusercontent.com/u/3173176?v=4","login":"slimsag","url":"https://github.com/slimsag"},"authorAssociation":"MEMBER","body":"","state":"COMMENTED","url":"https://github.com/sourcegraph/sourcegraph/pull/999#pullrequestreview-177045724","createdAt":"2018-11-21T01:30:52Z","updatedAt":"2018-11-21T01:30:52Z","commit":{"oid":"48e5fe7ad09f9e0ef354929ee99db67b88a5bc36","message":"add
      SearchFilters contribution","messageHeadline":"add SearchFilters contribution","committedDate":"2018-11-21T01:20:39Z","pushedDate":"2018-11-21T01:24:08Z","url":"https://github.com/sourcegraph/sourcegraph/commit/48e5fe7ad09f9e0ef354929ee99db67b88a5bc36","status":{"state":"FAILURE"},"committer":{"avatarUrl":"https://avatars2.githubusercontent.com/u/9110008?v=4","email":"vanesa@sourcegraph.com","name":"Vanesa
      Ortiz","user":{"avatarUrl":"https://avatars2.githubusercontent.com/u/9110008?v=4","login":"vanesa","url":"https://github.com/vanesa"}}},"includesCreatedEdit":false},{"__typename":"PullRequestCommit","commit":{"oid":"de33ba52145bbd427a09e66b4c19a586cf42f57c","message":"remove
      extends","messageHeadline":"remove extends","committedDate":"2018-11-21T01:35:14Z","pushedDate":"2018-11-21T01:35:24Z","url":"https://github.com/sourcegraph/sourcegraph/commit/de33ba52145bbd427a09e66b4c19a586cf42f57c","status":{"state":"FAILURE"},"committer":{"avatarUrl":"https://avatars2.githubusercontent.com/u/9110008?v=4","email":"vanesa@sourcegraph.com","name":"Vanesa
      Ortiz","user":{"avatarUrl":"https://avatars2.githubusercontent.com/u/9110008?v=4","login":"vanesa","url":"https://github.com/vanesa"}}}},{"__typename":"PullRequestCommit","commit":{"oid":"eb93ee7545ca576ae8ad2057f24a4202a0698bd1","message":"merge
      from master","messageHeadline":"merge from master","committedDate":"2018-11-22T00:36:23Z","pushedDate":"2018-11-22T00:36:35Z","url":"https://github.com/sourcegraph/sourcegraph/commit/eb93ee7545ca576ae8ad2057f24a4202a0698bd1","status":{"state":"FAILURE"},"committer":{"avatarUrl":"https://avatars2.githubusercontent.com/u/9110008?v=4","email":"vanesa@sourcegraph.com","name":"Vanesa
      Ortiz","user":{"avatarUrl":"https://avatars2.githubusercontent.com/u/9110008?v=4","login":"vanesa","url":"https://github.com/vanesa"}}}},{"__typename":"PullRequestReview","databaseId":177471689,"author":{"avatarUrl":"https://avatars2.githubusercontent.com/u/3173176?v=4","login":"slimsag","url":"https://github.com/slimsag"},"authorAssociation":"MEMBER","body":"","state":"COMMENTED","url":"https://github.com/sourcegraph/sourcegraph/pull/999#pullrequestreview-177471689","createdAt":"2018-11-22T00:39:22Z","updatedAt":"2018-11-22T00:39:23Z","commit":{"oid":"eb93ee7545ca576ae8ad2057f24a4202a0698bd1","message":"merge
      from master","messageHeadline":"merge from master","committedDate":"2018-11-22T00:36:23Z","pushedDate":"2018-11-22T00:36:35Z","url":"https://github.com/sourcegraph/sourcegraph/commit/eb93ee7545ca576ae8ad2057f24a4202a0698bd1","status":{"state":"FAILURE"},"committer":{"avatarUrl":"https://avatars2.githubusercontent.com/u/9110008?v=4","email":"vanesa@sourcegraph.com","name":"Vanesa
      Ortiz","user":{"avatarUrl":"https://avatars2.githubusercontent.com/u/9110008?v=4","login":"vanesa","url":"https://github.com/vanesa"}}},"includesCreatedEdit":false},{"__typename":"PullRequestReview","databaseId":177471734,"author":{"avatarUrl":"https://avatars2.githubusercontent.com/u/3173176?v=4","login":"slimsag","url":"https://github.com/slimsag"},"authorAssociation":"MEMBER","body":"","state":"COMMENTED","url":"https://github.com/sourcegraph/sourcegraph/pull/999#pullrequestreview-177471734","createdAt":"2018-11-22T00:39:40Z","updatedAt":"2018-11-22T00:39:41Z","commit":{"oid":"eb93ee7545ca576ae8ad2057f24a4202a0698bd1","message":"merge
      from master","messageHeadline":"merge from master","committedDate":"2018-11-22T00:36:23Z","pushedDate":"2018-11-22T00:36:35Z","url":"https://github.com/sourcegraph/sourcegraph/commit/eb93ee7545ca576ae8ad2057f24a4202a0698bd1","status":{"state":"FAILURE"},"committer":{"avatarUrl":"https://avatars2.githubusercontent.com/u/9110008?v=4","email":"vanesa@sourcegraph.com","name":"Vanesa
      Ortiz","user":{"avatarUrl":"https://avatars2.githubusercontent.com/u/9110008?v=4","login":"vanesa","url":"https://github.com/vanesa"}}},"includesCreatedEdit":false},{"__typename":"PullRequestReview","databaseId":177471899,"author":{"avatarUrl":"https://avatars2.githubusercontent.com/u/3173176?v=4","login":"slimsag","url":"https://github.com/slimsag"},"authorAssociation":"MEMBER","body":"","state":"COMMENTED","url":"https://github.com/sourcegraph/sourcegraph/pull/999#pullrequestreview-177471899","createdAt":"2018-11-22T00:40:52Z","updatedAt":"2018-11-22T00:40:52Z","commit":{"oid":"eb93ee7545ca576ae8ad2057f24a4202a0698bd1","message":"merge
      from master","messageHeadline":"merge from master","committedDate":"2018-11-22T00:36:23Z","pushedDate":"2018-11-22T00:36:35Z","url":"https://github.com/sourcegraph/sourcegraph/commit/eb93ee7545ca576ae8ad2057f24a4202a0698bd1","status":{"state":"FAILURE"},"committer":{"avatarUrl":"https://avatars2.githubusercontent.com/u/9110008?v=4","email":"vanesa@sourcegraph.com","name":"Vanesa
      Ortiz","user":{"avatarUrl":"https://avatars2.githubusercontent.com/u/9110008?v=4","login":"vanesa","url":"https://github.com/vanesa"}}},"includesCreatedEdit":false},{"__typename":"PullRequestCommit","commit":{"oid":"ff06ce9c1489d59f4389a6a9f82fc59411675437","message":"merge
      master","messageHeadline":"merge master","committedDate":"2018-11-27T20:46:46Z","pushedDate":"2018-11-27T20:46:58Z","url":"https://github.com/sourcegraph/sourcegraph/commit/ff06ce9c1489d59f4389a6a9f82fc59411675437","status":{"state":"FAILURE"},"committer":{"avatarUrl":"https://avatars2.githubusercontent.com/u/9110008?v=4","email":"vanesa@sourcegraph.com","name":"Vanesa
      Ortiz","user":{"avatarUrl":"https://avatars2.githubusercontent.com/u/9110008?v=4","login":"vanesa","url":"https://github.com/vanesa"}}}},{"__typename":"PullRequestCommit","commit":{"oid":"523cfc63b451fb3eb28dfc8120d3eaece58bc947","message":"move
      SearchFiltersProps into SearchFiltersContainer.tsx and ActionProps into ActionContainer.tsx","messageHeadline":"move
      SearchFiltersProps into SearchFiltersContainer.tsx and ActionPro…","committedDate":"2018-11-28T02:14:30Z","pushedDate":"2018-11-28T02:14:39Z","url":"https://github.com/sourcegraph/sourcegraph/commit/523cfc63b451fb3eb28dfc8120d3eaece58bc947","status":{"state":"FAILURE"},"committer":{"avatarUrl":"https://avatars2.githubusercontent.com/u/9110008?v=4","email":"vanesa@sourcegraph.com","name":"Vanesa
      Ortiz","user":{"avatarUrl":"https://avatars2.githubusercontent.com/u/9110008?v=4","login":"vanesa","url":"https://github.com/vanesa"}}}},{"__typename":"PullRequestCommit","commit":{"oid":"ed461017a425958e02598078325e85db98232cf4","message":"pass
      in platformContext","messageHeadline":"pass in platformContext","committedDate":"2018-11-28T02:54:32Z","pushedDate":"2018-11-28T02:54:42Z","url":"https://github.com/sourcegraph/sourcegraph/commit/ed461017a425958e02598078325e85db98232cf4","status":{"state":"FAILURE"},"committer":{"avatarUrl":"https://avatars2.githubusercontent.com/u/9110008?v=4","email":"vanesa@sourcegraph.com","name":"Vanesa
      Ortiz","user":{"avatarUrl":"https://avatars2.githubusercontent.com/u/9110008?v=4","login":"vanesa","url":"https://github.com/vanesa"}}}},{"__typename":"PullRequestCommit","commit":{"oid":"a817d56efded8cebc3480aba0700906208e848c4","message":"fix
      import link, remove platformContext","messageHeadline":"fix import link, remove
      platformContext","committedDate":"2018-11-28T03:03:32Z","pushedDate":"2018-11-28T03:03:39Z","url":"https://github.com/sourcegraph/sourcegraph/commit/a817d56efded8cebc3480aba0700906208e848c4","status":{"state":"FAILURE"},"committer":{"avatarUrl":"https://avatars2.githubusercontent.com/u/9110008?v=4","email":"vanesa@sourcegraph.com","name":"Vanesa
      Ortiz","user":{"avatarUrl":"https://avatars2.githubusercontent.com/u/9110008?v=4","login":"vanesa","url":"https://github.com/vanesa"}}}},{"__typename":"PullRequestCommit","commit":{"oid":"ae9a267c62bd9ed0bf22fa2f126f655275326975","message":"delete
      SearchFiltersContainer duplicate","messageHeadline":"delete SearchFiltersContainer
      duplicate","committedDate":"2018-11-28T06:20:29Z","pushedDate":"2018-11-28T06:20:36Z","url":"https://github.com/sourcegraph/sourcegraph/commit/ae9a267c62bd9ed0bf22fa2f126f655275326975","status":{"state":"FAILURE"},"committer":{"avatarUrl":"https://avatars2.githubusercontent.com/u/9110008?v=4","email":"vanesa@sourcegraph.com","name":"Vanesa
      Ortiz","user":{"avatarUrl":"https://avatars2.githubusercontent.com/u/9110008?v=4","login":"vanesa","url":"https://github.com/vanesa"}}}},{"__typename":"PullRequestCommit","commit":{"oid":"9ba9eed4aecc4424b2f5efb940cbaff60a697d00","message":"Merge
      branch ''master'' into vo/add-type-issue-filter","messageHeadline":"Merge branch
      ''master'' into vo/add-type-issue-filter","committedDate":"2018-11-28T18:47:58Z","pushedDate":null,"url":"https://github.com/sourcegraph/sourcegraph/commit/9ba9eed4aecc4424b2f5efb940cbaff60a697d00","status":null,"committer":{"avatarUrl":"https://avatars2.githubusercontent.com/u/9110008?v=4","email":"vanesa@sourcegraph.com","name":"Vanesa
      Ortiz","user":{"avatarUrl":"https://avatars2.githubusercontent.com/u/9110008?v=4","login":"vanesa","url":"https://github.com/vanesa"}}}},{"__typename":"PullRequestCommit","commit":{"oid":"5ba93634942a43ceb56984602b632c9962773a96","message":"update
      CHANGELOG","messageHeadline":"update CHANGELOG","committedDate":"2018-11-28T18:51:43Z","pushedDate":"2018-11-28T18:51:53Z","url":"https://github.com/sourcegraph/sourcegraph/commit/5ba93634942a43ceb56984602b632c9962773a96","status":{"state":"SUCCESS"},"committer":{"avatarUrl":"https://avatars2.githubusercontent.com/u/9110008?v=4","email":"vanesa@sourcegraph.com","name":"Vanesa
      Ortiz","user":{"avatarUrl":"https://avatars2.githubusercontent.com/u/9110008?v=4","login":"vanesa","url":"https://github.com/vanesa"}}}},{"__typename":"PullRequestCommit","commit":{"oid":"2aa21d284923959c9790df2475410e8a590af753","message":"update
      docs and add search filters to the contributions schema","messageHeadline":"update
      docs and add search filters to the contributions schema","committedDate":"2018-11-30T00:20:30Z","pushedDate":"2018-11-30T00:20:45Z","url":"https://github.com/sourcegraph/sourcegraph/commit/2aa21d284923959c9790df2475410e8a590af753","status":{"state":"FAILURE"},"committer":{"avatarUrl":"https://avatars2.githubusercontent.com/u/9110008?v=4","email":"vanesa@sourcegraph.com","name":"Vanesa
      Ortiz","user":{"avatarUrl":"https://avatars2.githubusercontent.com/u/9110008?v=4","login":"vanesa","url":"https://github.com/vanesa"}}}},{"__typename":"PullRequestCommit","commit":{"oid":"5efbd22c639506179037a0eec6f96fcea3a22c53","message":"Merge
      branch ''master'' into vo/add-type-issue-filter","messageHeadline":"Merge branch
      ''master'' into vo/add-type-issue-filter","committedDate":"2018-11-30T00:46:06Z","pushedDate":"2018-11-30T00:46:26Z","url":"https://github.com/sourcegraph/sourcegraph/commit/5efbd22c639506179037a0eec6f96fcea3a22c53","status":{"state":"SUCCESS"},"committer":{"avatarUrl":"https://avatars2.githubusercontent.com/u/9110008?v=4","email":"vanesa@sourcegraph.com","name":"Vanesa
      Ortiz","user":{"avatarUrl":"https://avatars2.githubusercontent.com/u/9110008?v=4","login":"vanesa","url":"https://github.com/vanesa"}}}},{"__typename":"ReviewRequestedEvent","actor":{"avatarUrl":"https://avatars2.githubusercontent.com/u/9110008?v=4","login":"vanesa","url":"https://github.com/vanesa"},"requestedReviewer":{"avatarUrl":"https://avatars0.githubusercontent.com/u/1976?v=4","login":"sqs","url":"https://github.com/sqs"},"requestedTeam":{},"createdAt":"2018-11-30T00:53:50Z"},{"__typename":"ReviewRequestedEvent","actor":{"avatarUrl":"https://avatars2.githubusercontent.com/u/9110008?v=4","login":"vanesa","url":"https://github.com/vanesa"},"requestedReviewer":{"avatarUrl":"https://avatars2.githubusercontent.com/u/3173176?v=4","login":"slimsag","url":"https://github.com/slimsag"},"requestedTeam":{},"createdAt":"2018-11-30T00:53:50Z"},{"__typename":"PullRequestReview","databaseId":180115279,"author":{"avatarUrl":"https://avatars0.githubusercontent.com/u/1976?v=4","login":"sqs","url":"https://github.com/sqs"},"authorAssociation":"MEMBER","body":"LGTM
      :+1: \r\n\r\nThere is a merge conflict with the soon-to-be-merged #1120. If
      you can merge this PR soon so it''s merged before #1120, that would be best.
      (I see there is still 1 outstanding comment by @slimsag athttps://github.com/sourcegraph/sourcegraph/pull/999/files#r235574622.)
      Otherwise, if I merge #1120 before you merge this, I will rebase this PR on
      top of master to address the conflicts.","state":"APPROVED","url":"https://github.com/sourcegraph/sourcegraph/pull/999#pullrequestreview-180115279","createdAt":"2018-11-30T04:02:45Z","updatedAt":"2018-11-30T04:04:36Z","commit":{"oid":"5efbd22c639506179037a0eec6f96fcea3a22c53","message":"Merge
      branch ''master'' into vo/add-type-issue-filter","messageHeadline":"Merge branch
      ''master'' into vo/add-type-issue-filter","committedDate":"2018-11-30T00:46:06Z","pushedDate":"2018-11-30T00:46:26Z","url":"https://github.com/sourcegraph/sourcegraph/commit/5efbd22c639506179037a0eec6f96fcea3a22c53","status":{"state":"SUCCESS"},"committer":{"avatarUrl":"https://avatars2.githubusercontent.com/u/9110008?v=4","email":"vanesa@sourcegraph.com","name":"Vanesa
      Ortiz","user":{"avatarUrl":"https://avatars2.githubusercontent.com/u/9110008?v=4","login":"vanesa","url":"https://github.com/vanesa"}}},"includesCreatedEdit":false},{"__typename":"PullRequestCommit","commit":{"oid":"ac535a56ff14a4226dc3a9875d639b06ff274536","message":"Merge
      branch ''master'' into vo/add-type-issue-filter","messageHeadline":"Merge branch
      ''master'' into vo/add-type-issue-filter","committedDate":"2018-11-30T06:34:46Z","pushedDate":"2018-11-30T06:35:00Z","url":"https://github.com/sourcegraph/sourcegraph/commit/ac535a56ff14a4226dc3a9875d639b06ff274536","status":{"state":"SUCCESS"},"committer":{"avatarUrl":"https://avatars0.githubusercontent.com/u/1976?v=4","email":"qslack@qslack.com","name":"Quinn
      Slack","user":{"avatarUrl":"https://avatars0.githubusercontent.com/u/1976?v=4","login":"sqs","url":"https://github.com/sqs"}}}},{"__typename":"IssueComment","databaseId":443106403,"author":{"avatarUrl":"https://avatars0.githubusercontent.com/u/1976?v=4","login":"sqs","url":"https://github.com/sqs"},"authorAssociation":"MEMBER","body":"@vanesa
      \tI just pushed a commit ac535a56ff14a4226dc3a9875d639b06ff274536 to this branch,
      which merges in master (and incorporates #1120). Please take a look to ensure
      I didn''t break anything in the merge.","createdAt":"2018-11-30T06:35:35Z","editor":null,"url":"https://github.com/sourcegraph/sourcegraph/pull/999#issuecomment-443106403","updatedAt":"2018-11-30T06:35:35Z","includesCreatedEdit":false,"publishedAt":"2018-11-30T06:35:35Z"},{"__typename":"IssueComment","databaseId":443313134,"author":{"avatarUrl":"https://avatars2.githubusercontent.com/u/9110008?v=4","login":"vanesa","url":"https://github.com/vanesa"},"authorAssociation":"MEMBER","body":"Here''s
      a gif on how adding a new filter chip to the extension would look like:\r\nhttps://cl.ly/add455078e1a","createdAt":"2018-11-30T19:29:06Z","editor":null,"url":"https://github.com/sourcegraph/sourcegraph/pull/999#issuecomment-443313134","updatedAt":"2018-11-30T19:29:06Z","includesCreatedEdit":false,"publishedAt":"2018-11-30T19:29:06Z"},{"__typename":"IssueComment","databaseId":443357344,"author":{"avatarUrl":"https://avatars2.githubusercontent.com/u/3173176?v=4","login":"slimsag","url":"https://github.com/slimsag"},"authorAssociation":"MEMBER","body":"Sorry
      for the delay in reviewing this, I won''t be able to get to this until at least
      Mon.","createdAt":"2018-11-30T22:21:25Z","editor":null,"url":"https://github.com/sourcegraph/sourcegraph/pull/999#issuecomment-443357344","updatedAt":"2018-11-30T22:21:25Z","includesCreatedEdit":false,"publishedAt":"2018-11-30T22:21:25Z"},{"__typename":"LabeledEvent","actor":{"avatarUrl":"https://avatars2.githubusercontent.com/u/9110008?v=4","login":"vanesa","url":"https://github.com/vanesa"},"label":{"name":"extensions","color":"3e2f91","description":"Sourcegraph
      extensions","id":"MDU6TGFiZWwxMDMwNjkwMTY3"},"createdAt":"2018-11-30T23:45:37Z"},{"__typename":"IssueComment","databaseId":443827703,"author":{"avatarUrl":"https://avatars0.githubusercontent.com/u/1976?v=4","login":"sqs","url":"https://github.com/sqs"},"authorAssociation":"MEMBER","body":">
      Just to be sure: you mean the \"searchFilters\" \"Filters\" should be lowercase,
      not the \"Search Filters\" from the description, right?\r\n\r\nNo, the prose
      “Search Filters” should have the F lowercased to fit with our style guide preference
      for sentence case over title case. (Can’t find this comment on the GitHub mobile
      interface anymore so quoting the email.)","createdAt":"2018-12-03T18:59:10Z","editor":null,"url":"https://github.com/sourcegraph/sourcegraph/pull/999#issuecomment-443827703","updatedAt":"2018-12-03T18:59:10Z","includesCreatedEdit":false,"publishedAt":"2018-12-03T18:59:10Z"},{"__typename":"PullRequestReview","databaseId":180953049,"author":{"avatarUrl":"https://avatars2.githubusercontent.com/u/3173176?v=4","login":"slimsag","url":"https://github.com/slimsag"},"authorAssociation":"MEMBER","body":"","state":"COMMENTED","url":"https://github.com/sourcegraph/sourcegraph/pull/999#pullrequestreview-180953049","createdAt":"2018-12-03T20:00:17Z","updatedAt":"2018-12-03T20:00:17Z","commit":{"oid":"ac535a56ff14a4226dc3a9875d639b06ff274536","message":"Merge
      branch ''master'' into vo/add-type-issue-filter","messageHeadline":"Merge branch
      ''master'' into vo/add-type-issue-filter","committedDate":"2018-11-30T06:34:46Z","pushedDate":"2018-11-30T06:35:00Z","url":"https://github.com/sourcegraph/sourcegraph/commit/ac535a56ff14a4226dc3a9875d639b06ff274536","status":{"state":"SUCCESS"},"committer":{"avatarUrl":"https://avatars0.githubusercontent.com/u/1976?v=4","email":"qslack@qslack.com","name":"Quinn
      Slack","user":{"avatarUrl":"https://avatars0.githubusercontent.com/u/1976?v=4","login":"sqs","url":"https://github.com/sqs"}}},"includesCreatedEdit":false},{"__typename":"PullRequestReview","databaseId":180954885,"author":{"avatarUrl":"https://avatars2.githubusercontent.com/u/3173176?v=4","login":"slimsag","url":"https://github.com/slimsag"},"authorAssociation":"MEMBER","body":"","state":"COMMENTED","url":"https://github.com/sourcegraph/sourcegraph/pull/999#pullrequestreview-180954885","createdAt":"2018-12-03T20:04:34Z","updatedAt":"2018-12-03T20:04:35Z","commit":{"oid":"ac535a56ff14a4226dc3a9875d639b06ff274536","message":"Merge
      branch ''master'' into vo/add-type-issue-filter","messageHeadline":"Merge branch
      ''master'' into vo/add-type-issue-filter","committedDate":"2018-11-30T06:34:46Z","pushedDate":"2018-11-30T06:35:00Z","url":"https://github.com/sourcegraph/sourcegraph/commit/ac535a56ff14a4226dc3a9875d639b06ff274536","status":{"state":"SUCCESS"},"committer":{"avatarUrl":"https://avatars0.githubusercontent.com/u/1976?v=4","email":"qslack@qslack.com","name":"Quinn
      Slack","user":{"avatarUrl":"https://avatars0.githubusercontent.com/u/1976?v=4","login":"sqs","url":"https://github.com/sqs"}}},"includesCreatedEdit":false},{"__typename":"PullRequestReview","databaseId":180955113,"author":{"avatarUrl":"https://avatars2.githubusercontent.com/u/3173176?v=4","login":"slimsag","url":"https://github.com/slimsag"},"authorAssociation":"MEMBER","body":"","state":"COMMENTED","url":"https://github.com/sourcegraph/sourcegraph/pull/999#pullrequestreview-180955113","createdAt":"2018-12-03T20:05:11Z","updatedAt":"2018-12-03T20:05:11Z","commit":{"oid":"ac535a56ff14a4226dc3a9875d639b06ff274536","message":"Merge
      branch ''master'' into vo/add-type-issue-filter","messageHeadline":"Merge branch
      ''master'' into vo/add-type-issue-filter","committedDate":"2018-11-30T06:34:46Z","pushedDate":"2018-11-30T06:35:00Z","url":"https://github.com/sourcegraph/sourcegraph/commit/ac535a56ff14a4226dc3a9875d639b06ff274536","status":{"state":"SUCCESS"},"committer":{"avatarUrl":"https://avatars0.githubusercontent.com/u/1976?v=4","email":"qslack@qslack.com","name":"Quinn
      Slack","user":{"avatarUrl":"https://avatars0.githubusercontent.com/u/1976?v=4","login":"sqs","url":"https://github.com/sqs"}}},"includesCreatedEdit":false},{"__typename":"PullRequestReview","databaseId":180955348,"author":{"avatarUrl":"https://avatars2.githubusercontent.com/u/3173176?v=4","login":"slimsag","url":"https://github.com/slimsag"},"authorAssociation":"MEMBER","body":"","state":"COMMENTED","url":"https://github.com/sourcegraph/sourcegraph/pull/999#pullrequestreview-180955348","createdAt":"2018-12-03T20:05:47Z","updatedAt":"2018-12-03T20:05:47Z","commit":{"oid":"ac535a56ff14a4226dc3a9875d639b06ff274536","message":"Merge
      branch ''master'' into vo/add-type-issue-filter","messageHeadline":"Merge branch
      ''master'' into vo/add-type-issue-filter","committedDate":"2018-11-30T06:34:46Z","pushedDate":"2018-11-30T06:35:00Z","url":"https://github.com/sourcegraph/sourcegraph/commit/ac535a56ff14a4226dc3a9875d639b06ff274536","status":{"state":"SUCCESS"},"committer":{"avatarUrl":"https://avatars0.githubusercontent.com/u/1976?v=4","email":"qslack@qslack.com","name":"Quinn
      Slack","user":{"avatarUrl":"https://avatars0.githubusercontent.com/u/1976?v=4","login":"sqs","url":"https://github.com/sqs"}}},"includesCreatedEdit":false},{"__typename":"PullRequestReview","databaseId":180955758,"author":{"avatarUrl":"https://avatars2.githubusercontent.com/u/3173176?v=4","login":"slimsag","url":"https://github.com/slimsag"},"authorAssociation":"MEMBER","body":"","state":"COMMENTED","url":"https://github.com/sourcegraph/sourcegraph/pull/999#pullrequestreview-180955758","createdAt":"2018-12-03T20:06:57Z","updatedAt":"2018-12-03T20:06:58Z","commit":{"oid":"ac535a56ff14a4226dc3a9875d639b06ff274536","message":"Merge
      branch ''master'' into vo/add-type-issue-filter","messageHeadline":"Merge branch
      ''master'' into vo/add-type-issue-filter","committedDate":"2018-11-30T06:34:46Z","pushedDate":"2018-11-30T06:35:00Z","url":"https://github.com/sourcegraph/sourcegraph/commit/ac535a56ff14a4226dc3a9875d639b06ff274536","status":{"state":"SUCCESS"},"committer":{"avatarUrl":"https://avatars0.githubusercontent.com/u/1976?v=4","email":"qslack@qslack.com","name":"Quinn
      Slack","user":{"avatarUrl":"https://avatars0.githubusercontent.com/u/1976?v=4","login":"sqs","url":"https://github.com/sqs"}}},"includesCreatedEdit":false},{"__typename":"IssueComment","databaseId":443851982,"author":{"avatarUrl":"https://avatars2.githubusercontent.com/u/3173176?v=4","login":"slimsag","url":"https://github.com/slimsag"},"authorAssociation":"MEMBER","body":"Left
      some inline comments, but aside from those LGTM. I''ll re-review once you address
      them","createdAt":"2018-12-03T20:07:58Z","editor":null,"url":"https://github.com/sourcegraph/sourcegraph/pull/999#issuecomment-443851982","updatedAt":"2018-12-03T20:07:58Z","includesCreatedEdit":false,"publishedAt":"2018-12-03T20:07:58Z"},{"__typename":"PullRequestCommit","commit":{"oid":"84b0efdf68760bb7b5f604b15a3cf0075768164e","message":"Merge
      branch ''master'' into vo/add-type-issue-filter","messageHeadline":"Merge branch
      ''master'' into vo/add-type-issue-filter","committedDate":"2018-12-03T20:19:19Z","pushedDate":null,"url":"https://github.com/sourcegraph/sourcegraph/commit/84b0efdf68760bb7b5f604b15a3cf0075768164e","status":null,"committer":{"avatarUrl":"https://avatars2.githubusercontent.com/u/9110008?v=4","email":"vanesa@sourcegraph.com","name":"Vanesa
      Ortiz","user":{"avatarUrl":"https://avatars2.githubusercontent.com/u/9110008?v=4","login":"vanesa","url":"https://github.com/vanesa"}}}},{"__typename":"PullRequestCommit","commit":{"oid":"1f40316857bea2b37cb797dc4ad94ac476254bc4","message":"use
      unique key for filter chips, set contributions state in each container, edit
      docs","messageHeadline":"use unique key for filter chips, set contributions
      state in each cont…","committedDate":"2018-12-03T20:35:54Z","pushedDate":"2018-12-03T20:36:06Z","url":"https://github.com/sourcegraph/sourcegraph/commit/1f40316857bea2b37cb797dc4ad94ac476254bc4","status":{"state":"FAILURE"},"committer":{"avatarUrl":"https://avatars2.githubusercontent.com/u/9110008?v=4","email":"vanesa@sourcegraph.com","name":"Vanesa
      Ortiz","user":{"avatarUrl":"https://avatars2.githubusercontent.com/u/9110008?v=4","login":"vanesa","url":"https://github.com/vanesa"}}}},{"__typename":"PullRequestCommit","commit":{"oid":"725229b6e618eedeebe0c0d280afcdfddd777327","message":"switch
      ContributionsState with ActionsContainerState","messageHeadline":"switch ContributionsState
      with ActionsContainerState","committedDate":"2018-12-03T20:41:32Z","pushedDate":"2018-12-03T20:41:45Z","url":"https://github.com/sourcegraph/sourcegraph/commit/725229b6e618eedeebe0c0d280afcdfddd777327","status":{"state":"SUCCESS"},"committer":{"avatarUrl":"https://avatars2.githubusercontent.com/u/9110008?v=4","email":"vanesa@sourcegraph.com","name":"Vanesa
      Ortiz","user":{"avatarUrl":"https://avatars2.githubusercontent.com/u/9110008?v=4","login":"vanesa","url":"https://github.com/vanesa"}}}},{"__typename":"PullRequestReview","databaseId":180975476,"author":{"avatarUrl":"https://avatars2.githubusercontent.com/u/3173176?v=4","login":"slimsag","url":"https://github.com/slimsag"},"authorAssociation":"MEMBER","body":"","state":"COMMENTED","url":"https://github.com/sourcegraph/sourcegraph/pull/999#pullrequestreview-180975476","createdAt":"2018-12-03T20:57:17Z","updatedAt":"2018-12-03T20:57:18Z","commit":{"oid":"725229b6e618eedeebe0c0d280afcdfddd777327","message":"switch
      ContributionsState with ActionsContainerState","messageHeadline":"switch ContributionsState
      with ActionsContainerState","committedDate":"2018-12-03T20:41:32Z","pushedDate":"2018-12-03T20:41:45Z","url":"https://github.com/sourcegraph/sourcegraph/commit/725229b6e618eedeebe0c0d280afcdfddd777327","status":{"state":"SUCCESS"},"committer":{"avatarUrl":"https://avatars2.githubusercontent.com/u/9110008?v=4","email":"vanesa@sourcegraph.com","name":"Vanesa
      Ortiz","user":{"avatarUrl":"https://avatars2.githubusercontent.com/u/9110008?v=4","login":"vanesa","url":"https://github.com/vanesa"}}},"includesCreatedEdit":false},{"__typename":"PullRequestReview","databaseId":180976437,"author":{"avatarUrl":"https://avatars2.githubusercontent.com/u/3173176?v=4","login":"slimsag","url":"https://github.com/slimsag"},"authorAssociation":"MEMBER","body":"LGTM
      once my last comment is addressed","state":"APPROVED","url":"https://github.com/sourcegraph/sourcegraph/pull/999#pullrequestreview-180976437","createdAt":"2018-12-03T20:59:28Z","updatedAt":"2018-12-03T20:59:28Z","commit":{"oid":"725229b6e618eedeebe0c0d280afcdfddd777327","message":"switch
      ContributionsState with ActionsContainerState","messageHeadline":"switch ContributionsState
      with ActionsContainerState","committedDate":"2018-12-03T20:41:32Z","pushedDate":"2018-12-03T20:41:45Z","url":"https://github.com/sourcegraph/sourcegraph/commit/725229b6e618eedeebe0c0d280afcdfddd777327","status":{"state":"SUCCESS"},"committer":{"avatarUrl":"https://avatars2.githubusercontent.com/u/9110008?v=4","email":"vanesa@sourcegraph.com","name":"Vanesa
      Ortiz","user":{"avatarUrl":"https://avatars2.githubusercontent.com/u/9110008?v=4","login":"vanesa","url":"https://github.com/vanesa"}}},"includesCreatedEdit":false},{"__typename":"PullRequestCommit","commit":{"oid":"273293d8f40281db8ef56abe253f7715a5ca1b2d","message":"convert
      ContributionsState to ActionsState","messageHeadline":"convert ContributionsState
      to ActionsState","committedDate":"2018-12-03T23:07:31Z","pushedDate":"2018-12-03T23:07:40Z","url":"https://github.com/sourcegraph/sourcegraph/commit/273293d8f40281db8ef56abe253f7715a5ca1b2d","status":{"state":"SUCCESS"},"committer":{"avatarUrl":"https://avatars2.githubusercontent.com/u/9110008?v=4","email":"vanesa@sourcegraph.com","name":"Vanesa
      Ortiz","user":{"avatarUrl":"https://avatars2.githubusercontent.com/u/9110008?v=4","login":"vanesa","url":"https://github.com/vanesa"}}}},{"__typename":"PullRequestReview","databaseId":181046456,"author":{"avatarUrl":"https://avatars2.githubusercontent.com/u/3173176?v=4","login":"slimsag","url":"https://github.com/slimsag"},"authorAssociation":"MEMBER","body":"LGTM","state":"APPROVED","url":"https://github.com/sourcegraph/sourcegraph/pull/999#pullrequestreview-181046456","createdAt":"2018-12-04T00:35:05Z","updatedAt":"2018-12-04T00:35:05Z","commit":{"oid":"273293d8f40281db8ef56abe253f7715a5ca1b2d","message":"convert
      ContributionsState to ActionsState","messageHeadline":"convert ContributionsState
      to ActionsState","committedDate":"2018-12-03T23:07:31Z","pushedDate":"2018-12-03T23:07:40Z","url":"https://github.com/sourcegraph/sourcegraph/commit/273293d8f40281db8ef56abe253f7715a5ca1b2d","status":{"state":"SUCCESS"},"committer":{"avatarUrl":"https://avatars2.githubusercontent.com/u/9110008?v=4","email":"vanesa@sourcegraph.com","name":"Vanesa
      Ortiz","user":{"avatarUrl":"https://avatars2.githubusercontent.com/u/9110008?v=4","login":"vanesa","url":"https://github.com/vanesa"}}},"includesCreatedEdit":false},{"__typename":"PullRequestCommit","commit":{"oid":"7db302f07955e41d50e656d5faebefb4d87bce8a","message":"merge
      master","messageHeadline":"merge master","committedDate":"2018-12-04T07:52:11Z","pushedDate":"2018-12-04T07:52:26Z","url":"https://github.com/sourcegraph/sourcegraph/commit/7db302f07955e41d50e656d5faebefb4d87bce8a","status":{"state":"SUCCESS"},"committer":{"avatarUrl":"https://avatars2.githubusercontent.com/u/9110008?v=4","email":"vanesa@sourcegraph.com","name":"Vanesa
      Ortiz","user":{"avatarUrl":"https://avatars2.githubusercontent.com/u/9110008?v=4","login":"vanesa","url":"https://github.com/vanesa"}}}},{"__typename":"MergedEvent","actor":{"avatarUrl":"https://avatars2.githubusercontent.com/u/9110008?v=4","login":"vanesa","url":"https://github.com/vanesa"},"mergeRefName":"master","url":"https://github.com/sourcegraph/sourcegraph/pull/999#event-2003548247","commit":{"oid":"23a5556c7e25aaab1f1529cee4efb90fe6fe3a30","message":"add
      extension filter to filter bar (#999)\n\n* add search filters contributions
      to the extension api","messageHeadline":"add extension filter to filter bar
      (#999)","committedDate":"2018-12-04T08:10:02Z","pushedDate":"2018-12-04T08:10:09Z","url":"https://github.com/sourcegraph/sourcegraph/commit/23a5556c7e25aaab1f1529cee4efb90fe6fe3a30","status":{"state":"SUCCESS"},"committer":{"avatarUrl":"https://avatars3.githubusercontent.com/u/19864447?v=4","email":"noreply@github.com","name":"GitHub","user":null}},"createdAt":"2018-12-04T08:10:03Z"},{"__typename":"ClosedEvent","actor":{"avatarUrl":"https://avatars2.githubusercontent.com/u/9110008?v=4","login":"vanesa","url":"https://github.com/vanesa"},"createdAt":"2018-12-04T08:10:03Z","url":"https://github.com/sourcegraph/sourcegraph/pull/999#event-2003548253"},{"__typename":"LabeledEvent","actor":{"avatarUrl":"https://avatars3.githubusercontent.com/u/25610?v=4","login":"ryanslade","url":"https://github.com/ryanslade"},"label":{"name":"debugging","color":"6745bc","description":"","id":"MDU6TGFiZWwxNTUyNzczNzE0"},"createdAt":"2020-01-31T10:22:36Z"},{"__typename":"UnlabeledEvent","actor":{"avatarUrl":"https://avatars3.githubusercontent.com/u/25610?v=4","login":"ryanslade","url":"https://github.com/ryanslade"},"label":{"name":"debugging","color":"6745bc","description":"","id":"MDU6TGFiZWwxNTUyNzczNzE0"},"createdAt":"2020-01-31T10:24:32Z"},{"__typename":"LabeledEvent","actor":{"avatarUrl":"https://avatars3.githubusercontent.com/u/25610?v=4","login":"ryanslade","url":"https://github.com/ryanslade"},"label":{"name":"debugging","color":"6745bc","description":"","id":"MDU6TGFiZWwxNTUyNzczNzE0"},"createdAt":"2020-01-31T11:18:25Z"},{"__typename":"UnlabeledEvent","actor":{"avatarUrl":"https://avatars3.githubusercontent.com/u/25610?v=4","login":"ryanslade","url":"https://github.com/ryanslade"},"label":{"name":"debugging","color":"6745bc","description":"","id":"MDU6TGFiZWwxNTUyNzczNzE0"},"createdAt":"2020-01-31T11:22:34Z"},{"__typename":"LabeledEvent","actor":{"avatarUrl":"https://avatars3.githubusercontent.com/u/25610?v=4","login":"ryanslade","url":"https://github.com/ryanslade"},"label":{"name":"debugging","color":"6745bc","description":"","id":"MDU6TGFiZWwxNTUyNzczNzE0"},"createdAt":"2020-01-31T11:26:21Z"},{"__typename":"UnlabeledEvent","actor":{"avatarUrl":"https://avatars3.githubusercontent.com/u/25610?v=4","login":"ryanslade","url":"https://github.com/ryanslade"},"label":{"name":"debugging","color":"6745bc","description":"","id":"MDU6TGFiZWwxNTUyNzczNzE0"},"createdAt":"2020-01-31T11:32:42Z"},{"__typename":"LabeledEvent","actor":{"avatarUrl":"https://avatars3.githubusercontent.com/u/25610?v=4","login":"ryanslade","url":"https://github.com/ryanslade"},"label":{"name":"debugging","color":"6745bc","description":"","id":"MDU6TGFiZWwxNTUyNzczNzE0"},"createdAt":"2020-01-31T11:35:16Z"},{"__typename":"UnlabeledEvent","actor":{"avatarUrl":"https://avatars3.githubusercontent.com/u/25610?v=4","login":"ryanslade","url":"https://github.com/ryanslade"},"label":{"name":"debugging","color":"6745bc","description":"","id":"MDU6TGFiZWwxNTUyNzczNzE0"},"createdAt":"2020-01-31T14:18:03Z"},{"__typename":"LabeledEvent","actor":{"avatarUrl":"https://avatars3.githubusercontent.com/u/25610?v=4","login":"ryanslade","url":"https://github.com/ryanslade"},"label":{"name":"debugging","color":"6745bc","description":"","id":"MDU6TGFiZWwxNTUyNzczNzE0"},"createdAt":"2020-01-31T14:19:06Z"},{"__typename":"UnlabeledEvent","actor":{"avatarUrl":"https://avatars3.githubusercontent.com/u/25610?v=4","login":"ryanslade","url":"https://github.com/ryanslade"},"label":{"name":"debugging","color":"6745bc","description":"","id":"MDU6TGFiZWwxNTUyNzczNzE0"},"createdAt":"2020-01-31T14:19:43Z"}]}}}}}'
    headers:
      Access-Control-Allow-Origin:
      - '*'
      Access-Control-Expose-Headers:
      - ETag, Link, Location, Retry-After, X-GitHub-OTP, X-RateLimit-Limit, X-RateLimit-Remaining,
        X-RateLimit-Reset, X-OAuth-Scopes, X-Accepted-OAuth-Scopes, X-Poll-Interval,
        X-GitHub-Media-Type
      Cache-Control:
      - no-cache
      Content-Security-Policy:
      - default-src 'none'
      Content-Type:
      - application/json; charset=utf-8
      Date:
      - Wed, 05 Feb 2020 15:39:10 GMT
      Referrer-Policy:
      - origin-when-cross-origin, strict-origin-when-cross-origin
      Server:
      - GitHub.com
      Status:
      - 200 OK
      Strict-Transport-Security:
      - max-age=31536000; includeSubdomains; preload
      Vary:
      - Accept-Encoding
      X-Accepted-Oauth-Scopes:
      - repo
      X-Content-Type-Options:
      - nosniff
      X-Frame-Options:
      - deny
      X-Github-Media-Type:
      - github.v4; format=json
      X-Github-Request-Id:
      - C10A:DCF5:66FB9:7F633:5E3AE19C
      X-Oauth-Scopes:
      - read:org, repo
      X-Ratelimit-Limit:
      - "5000"
      X-Ratelimit-Remaining:
      - "4988"
      X-Ratelimit-Reset:
      - "1580920683"
      X-Xss-Protection:
      - 1; mode=block
    status: 200 OK
    code: 200
    duration: ""
- request:
    body: ""
    form: {}
    headers:
      Content-Type:
      - application/json; charset=utf-8
    url: https://bitbucket.sgdev.org/rest/api/1.0/projects/SOUR/repos/vegeta/pull-requests/2
    method: GET
  response:
    body: '{"id":2,"version":5,"title":"Release testing pr","description":"* Remove
      dump.go\r\n* make make make","state":"MERGED","open":false,"closed":true,"createdDate":1563286307998,"updatedDate":1572432617016,"closedDate":1572432617016,"fromRef":{"id":"refs/heads/release-testing-pr","displayId":"release-testing-pr","latestCommit":"1f63e719a65cad47a0a272d3d6eef05f4da427bb","repository":{"slug":"vegeta","id":2,"name":"vegeta","scmId":"git","state":"AVAILABLE","statusMessage":"Available","forkable":true,"project":{"key":"SOUR","id":1,"name":"sourcegraph","public":false,"type":"NORMAL","links":{"self":[{"href":"https://bitbucket.sgdev.org/projects/SOUR"}]}},"public":false,"links":{"clone":[{"href":"https://bitbucket.sgdev.org/scm/sour/vegeta.git","name":"http"}],"self":[{"href":"https://bitbucket.sgdev.org/projects/SOUR/repos/vegeta/browse"}]}}},"toRef":{"id":"refs/heads/master","displayId":"master","latestCommit":"13613ac741e0f14f179e552ca428401ca83fe28a","repository":{"slug":"vegeta","id":2,"name":"vegeta","scmId":"git","state":"AVAILABLE","statusMessage":"Available","forkable":true,"project":{"key":"SOUR","id":1,"name":"sourcegraph","public":false,"type":"NORMAL","links":{"self":[{"href":"https://bitbucket.sgdev.org/projects/SOUR"}]}},"public":false,"links":{"clone":[{"href":"https://bitbucket.sgdev.org/scm/sour/vegeta.git","name":"http"}],"self":[{"href":"https://bitbucket.sgdev.org/projects/SOUR/repos/vegeta/browse"}]}}},"locked":false,"author":{"user":{"name":"milton","emailAddress":"dev@sourcegraph.com","id":1,"displayName":"milton
      woof","active":true,"slug":"milton","type":"NORMAL","links":{"self":[{"href":"https://bitbucket.sgdev.org/users/milton"}]}},"role":"AUTHOR","approved":false,"status":"UNAPPROVED"},"reviewers":[{"user":{"name":"tomas","emailAddress":"tomas@sourcegraph.com","id":3,"displayName":"Tomás
      Senart","active":true,"slug":"tomas","type":"NORMAL","links":{"self":[{"href":"https://bitbucket.sgdev.org/users/tomas"}]}},"lastReviewedCommit":"1f63e719a65cad47a0a272d3d6eef05f4da427bb","role":"REVIEWER","approved":false,"status":"UNAPPROVED"}],"participants":[],"links":{"self":[{"href":"https://bitbucket.sgdev.org/projects/SOUR/repos/vegeta/pull-requests/2"}]}}'
    headers:
      Cache-Control:
      - private, no-cache
      - no-cache, no-transform
      Content-Type:
      - application/json;charset=UTF-8
      Date:
      - Wed, 05 Feb 2020 15:39:10 GMT
      Pragma:
      - no-cache
      Server:
      - Caddy
      Vary:
      - X-AUSERNAME,Accept-Encoding
      X-Arequestid:
      - '@1JRK3O7x939x4815639x0'
      X-Asen:
      - SEN-11363689
      X-Asessionid:
      - wnz61k
      X-Auserid:
      - "1"
      X-Ausername:
      - milton
      X-Content-Type-Options:
      - nosniff
    status: 200 OK
    code: 200
    duration: ""
- request:
    body: ""
    form: {}
    headers:
      Content-Type:
      - application/json; charset=utf-8
    url: https://bitbucket.sgdev.org/rest/api/1.0/projects/SOUR/repos/vegeta/pull-requests/2/activities?limit=1000
    method: GET
  response:
    body: '{"size":9,"limit":500,"isLastPage":true,"values":[{"id":87,"createdDate":1572432617016,"user":{"name":"tomas","emailAddress":"tomas@sourcegraph.com","id":3,"displayName":"Tomás
      Senart","active":true,"slug":"tomas","type":"NORMAL","links":{"self":[{"href":"https://bitbucket.sgdev.org/users/tomas"}]}},"action":"MERGED","commit":{"id":"be4d84e9c4b0a15e59c5f52900e6d55c7525b8d3","displayId":"be4d84e9c4b","author":{"name":"tomas","emailAddress":"tomas@sourcegraph.com","id":3,"displayName":"Tomás
      Senart","active":true,"slug":"tomas","type":"NORMAL","links":{"self":[{"href":"https://bitbucket.sgdev.org/users/tomas"}]}},"authorTimestamp":1572432617000,"committer":{"name":"tomas","emailAddress":"tomas@sourcegraph.com","id":3,"displayName":"Tomás
      Senart","active":true,"slug":"tomas","type":"NORMAL","links":{"self":[{"href":"https://bitbucket.sgdev.org/users/tomas"}]}},"committerTimestamp":1572432617000,"message":"Merge
      pull request #2 in SOUR/vegeta from release-testing-pr to master\n\n* commit
      ''1f63e719a65cad47a0a272d3d6eef05f4da427bb'':\n  make make make\n  Remove dump.go","parents":[{"id":"13613ac741e0f14f179e552ca428401ca83fe28a","displayId":"13613ac741e","author":{"name":"Tomás
      Senart","emailAddress":"tomas@sourcegraph.com"},"authorTimestamp":1572431324000,"committer":{"name":"Tomás
      Senart","emailAddress":"tomas@sourcegraph.com"},"committerTimestamp":1572431324000,"message":"Merge
      pull request #4 in SOUR/vegeta from encode-comment to master\n\n* commit ''db6f6959b162f5501f43898e1d44c03de5de6202'':\n  Encode
      comment is fun!","parents":[{"id":"0f5577eaf11a136541b8c667273b6bc5eba51a8b","displayId":"0f5577eaf11"},{"id":"db6f6959b162f5501f43898e1d44c03de5de6202","displayId":"db6f6959b16"}]},{"id":"1f63e719a65cad47a0a272d3d6eef05f4da427bb","displayId":"1f63e719a65","author":{"name":"Tomás
      Senart","emailAddress":"tsenart@gmail.com"},"authorTimestamp":1563286282000,"committer":{"name":"Tomás
      Senart","emailAddress":"tsenart@gmail.com"},"committerTimestamp":1563286282000,"message":"make
      make make","parents":[{"id":"7b71906bf3b3ec81a4d013b7f59ceb34b3c4105b","displayId":"7b71906bf3b"}]}]}},{"id":85,"createdDate":1572432552916,"user":{"name":"tomas","emailAddress":"tomas@sourcegraph.com","id":3,"displayName":"Tomás
      Senart","active":true,"slug":"tomas","type":"NORMAL","links":{"self":[{"href":"https://bitbucket.sgdev.org/users/tomas"}]}},"action":"COMMENTED","commentAction":"ADDED","comment":{"properties":{"repositoryId":2},"id":8,"version":0,"text":"Comment.","author":{"name":"tomas","emailAddress":"tomas@sourcegraph.com","id":3,"displayName":"Tomás
      Senart","active":true,"slug":"tomas","type":"NORMAL","links":{"self":[{"href":"https://bitbucket.sgdev.org/users/tomas"}]}},"createdDate":1572432552916,"updatedDate":1572432552916,"comments":[{"properties":{"repositoryId":2},"id":9,"version":0,"text":"Reply.","author":{"name":"tomas","emailAddress":"tomas@sourcegraph.com","id":3,"displayName":"Tomás
      Senart","active":true,"slug":"tomas","type":"NORMAL","links":{"self":[{"href":"https://bitbucket.sgdev.org/users/tomas"}]}},"createdDate":1572432558954,"updatedDate":1572432558954,"comments":[],"tasks":[{"anchor":{"properties":{"repositoryId":2},"id":9,"version":0,"text":"Reply.","author":{"name":"tomas","emailAddress":"tomas@sourcegraph.com","id":3,"displayName":"Tomás
      Senart","active":true,"slug":"tomas","type":"NORMAL","links":{"self":[{"href":"https://bitbucket.sgdev.org/users/tomas"}]}},"createdDate":1572432558954,"updatedDate":1572432558954,"permittedOperations":{"editable":false,"deletable":false},"type":"COMMENT"},"author":{"name":"tomas","emailAddress":"tomas@sourcegraph.com","id":3,"displayName":"Tomás
      Senart","active":true,"slug":"tomas","type":"NORMAL","links":{"self":[{"href":"https://bitbucket.sgdev.org/users/tomas"}]}},"createdDate":1572432564000,"id":4,"text":"Task","state":"RESOLVED","permittedOperations":{"deletable":false,"editable":false,"transitionable":true}}],"permittedOperations":{"editable":false,"deletable":false}}],"tasks":[{"anchor":{"properties":{"repositoryId":2},"id":8,"version":0,"text":"Comment.","author":{"name":"tomas","emailAddress":"tomas@sourcegraph.com","id":3,"displayName":"Tomás
      Senart","active":true,"slug":"tomas","type":"NORMAL","links":{"self":[{"href":"https://bitbucket.sgdev.org/users/tomas"}]}},"createdDate":1572432552916,"updatedDate":1572432552916,"permittedOperations":{"editable":false,"deletable":false},"type":"COMMENT"},"author":{"name":"tomas","emailAddress":"tomas@sourcegraph.com","id":3,"displayName":"Tomás
      Senart","active":true,"slug":"tomas","type":"NORMAL","links":{"self":[{"href":"https://bitbucket.sgdev.org/users/tomas"}]}},"createdDate":1572432578000,"id":5,"text":"Another
      task.","state":"OPEN","permittedOperations":{"deletable":true,"editable":true,"transitionable":true}}],"permittedOperations":{"editable":false,"deletable":false}}},{"id":77,"createdDate":1572430034930,"user":{"name":"tomas","emailAddress":"tomas@sourcegraph.com","id":3,"displayName":"Tomás
      Senart","active":true,"slug":"tomas","type":"NORMAL","links":{"self":[{"href":"https://bitbucket.sgdev.org/users/tomas"}]}},"action":"REOPENED"},{"id":76,"createdDate":1572429831834,"user":{"name":"tomas","emailAddress":"tomas@sourcegraph.com","id":3,"displayName":"Tomás
      Senart","active":true,"slug":"tomas","type":"NORMAL","links":{"self":[{"href":"https://bitbucket.sgdev.org/users/tomas"}]}},"action":"DECLINED"},{"id":75,"createdDate":1572429777823,"user":{"name":"tomas","emailAddress":"tomas@sourcegraph.com","id":3,"displayName":"Tomás
      Senart","active":true,"slug":"tomas","type":"NORMAL","links":{"self":[{"href":"https://bitbucket.sgdev.org/users/tomas"}]}},"action":"UNAPPROVED"},{"id":74,"createdDate":1572429738565,"user":{"name":"tomas","emailAddress":"tomas@sourcegraph.com","id":3,"displayName":"Tomás
      Senart","active":true,"slug":"tomas","type":"NORMAL","links":{"self":[{"href":"https://bitbucket.sgdev.org/users/tomas"}]}},"action":"APPROVED"},{"id":73,"createdDate":1572429681822,"user":{"name":"tomas","emailAddress":"tomas@sourcegraph.com","id":3,"displayName":"Tomás
      Senart","active":true,"slug":"tomas","type":"NORMAL","links":{"self":[{"href":"https://bitbucket.sgdev.org/users/tomas"}]}},"action":"REVIEWED"},{"id":72,"createdDate":1572429656637,"user":{"name":"tomas","emailAddress":"tomas@sourcegraph.com","id":3,"displayName":"Tomás
      Senart","active":true,"slug":"tomas","type":"NORMAL","links":{"self":[{"href":"https://bitbucket.sgdev.org/users/tomas"}]}},"action":"UPDATED","addedReviewers":[{"name":"tomas","emailAddress":"tomas@sourcegraph.com","id":3,"displayName":"Tomás
      Senart","active":true,"slug":"tomas","type":"NORMAL","links":{"self":[{"href":"https://bitbucket.sgdev.org/users/tomas"}]}}],"removedReviewers":[]},{"id":44,"createdDate":1563286308065,"user":{"name":"milton","emailAddress":"dev@sourcegraph.com","id":1,"displayName":"milton
      woof","active":true,"slug":"milton","type":"NORMAL","links":{"self":[{"href":"https://bitbucket.sgdev.org/users/milton"}]}},"action":"OPENED"}],"start":0}'
    headers:
      Cache-Control:
      - private, no-cache
      - no-cache, no-transform
      Content-Type:
      - application/json;charset=UTF-8
      Date:
      - Wed, 05 Feb 2020 15:39:10 GMT
      Pragma:
      - no-cache
      Server:
      - Caddy
      Vary:
      - X-AUSERNAME,Accept-Encoding
      X-Arequestid:
      - '@1JRK3O7x939x4815640x0'
      X-Asen:
      - SEN-11363689
      X-Asessionid:
      - x8hzr7
      X-Auserid:
      - "1"
      X-Ausername:
      - milton
      X-Content-Type-Options:
      - nosniff
    status: 200 OK
    code: 200
    duration: ""
