---
version: 1
interactions:
- request:
    body: '{"query":"\nfragment actor on Actor {\n  avatarUrl\n  login\n  url\n}\n\nfragment
      label on Label {\n  name\n  color\n  description\n  id\n}\n\nfragment commit
      on Commit {\n  oid\n  message\n  messageHeadline\n  committedDate\n  pushedDate\n  url\n  committer
      {\n    avatarUrl\n    email\n    name\n    user {\n      ...actor\n    }\n  }\n}\n\nfragment
      basicCommit on Commit {\n  oid\n  status {\n    state\n    contexts {\n      id\n      context\n      state\n      description\n    }\n  }\n  checkSuites(last:
      10){\n    nodes {\n      id\n      status\n      conclusion\n    }\n  }\n  committedDate\n}\n\nfragment
      prCommit on PullRequestCommit {\n  commit {\n    ...basicCommit\n  }\n}\n\nfragment
      review on PullRequestReview {\n  databaseId\n  author {\n    ...actor\n  }\n  authorAssociation\n  body\n  state\n  url\n  createdAt\n  updatedAt\n  commit
      {\n    ...commit\n  }\n  includesCreatedEdit\n}\n\nfragment pr on PullRequest
      {\n  id\n  title\n  body\n  state\n  url\n  number\n  createdAt\n  updatedAt\n  headRefOid\n  baseRefOid\n  headRefName\n  baseRefName\n  author
      {\n    ...actor\n  }\n  participants(first: 100) {\n    nodes {\n      ...actor\n    }\n  }\n  labels(first:
      100) {\n    nodes {\n      ...label\n    }\n  }\n  commits(last: 1) {\n    nodes
      {\n      ...prCommit\n    }\n  }\n  timelineItems(first: 250, itemTypes: [ASSIGNED_EVENT,
      CLOSED_EVENT, ISSUE_COMMENT, RENAMED_TITLE_EVENT, MERGED_EVENT, PULL_REQUEST_REVIEW,
      PULL_REQUEST_REVIEW_THREAD, REOPENED_EVENT, REVIEW_DISMISSED_EVENT, REVIEW_REQUEST_REMOVED_EVENT,
      REVIEW_REQUESTED_EVENT, UNASSIGNED_EVENT, LABELED_EVENT, UNLABELED_EVENT, PULL_REQUEST_COMMIT])
      {\n    nodes {\n      __typename\n      ... on AssignedEvent {\n        actor
      {\n          ...actor\n        }\n        assignee {\n          ...actor\n        }\n        createdAt\n      }\n      ...
      on ClosedEvent {\n        actor {\n          ...actor\n        }\n        createdAt\n        url\n      }\n      ...
      on IssueComment {\n        databaseId\n        author {\n          ...actor\n        }\n        authorAssociation\n        body\n        createdAt\n        editor
      {\n          ...actor\n        }\n        url\n        updatedAt\n        includesCreatedEdit\n        publishedAt\n      }\n      ...
      on RenamedTitleEvent {\n        actor {\n          ...actor\n        }\n        previousTitle\n        currentTitle\n        createdAt\n      }\n      ...
      on MergedEvent {\n        actor {\n          ...actor\n        }\n        mergeRefName\n        url\n        commit
      {\n          ...commit\n        }\n        createdAt\n      }\n      ... on
      PullRequestReview {\n        ...review\n      }\n      ... on PullRequestReviewThread
      {\n        comments(last: 100) {\n          nodes {\n            databaseId\n            author
      {\n              ...actor\n            }\n            authorAssociation\n            editor
      {\n              ...actor\n            }\n            commit {\n              ...commit\n            }\n            body\n            state\n            url\n            createdAt\n            updatedAt\n            includesCreatedEdit\n          }\n        }\n      }\n      ...
      on ReopenedEvent {\n        actor {\n          ...actor\n        }\n        createdAt\n      }\n      ...
      on ReviewDismissedEvent {\n        actor {\n          ...actor\n        }\n        review
      {\n          ...review\n        }\n        dismissalMessage\n        createdAt\n      }\n      ...
      on ReviewRequestRemovedEvent {\n        actor {\n          ...actor\n        }\n        requestedReviewer
      {\n          ...actor\n        }\n        requestedTeam: requestedReviewer {\n          ...
      on Team {\n            name\n            url\n            avatarUrl\n          }\n        }\n        createdAt\n      }\n      ...
      on ReviewRequestedEvent {\n        actor {\n          ...actor\n        }\n        requestedReviewer
      {\n          ...actor\n        }\n        requestedTeam: requestedReviewer {\n          ...
      on Team {\n            name\n            url\n            avatarUrl\n          }\n        }\n        createdAt\n      }\n      ...
      on UnassignedEvent {\n        actor {\n          ...actor\n        }\n        assignee
      {\n          ...actor\n        }\n        createdAt\n      }\n      ... on LabeledEvent
      {\n        actor {\n          ...actor\n        }\n        label {\n          ...label\n        }\n        createdAt\n      }\n      ...
      on UnlabeledEvent {\n        actor {\n          ...actor\n        }\n        label
      {\n          ...label\n        }\n        createdAt\n      }\n      ... on PullRequestCommit
      {\n        ...prCommit\n      }\n    }\n  }\n}\nquery {\nrepo_0: repository(owner:
      \"whoisthis\", name: \"sourcegraph\") {\nrepo_0_5550: pullRequest(number: 5550)
      { ...pr }\n}\n}","variables":null}'
    form: {}
    headers:
      Accept:
      - application/vnd.github.antiope-preview+json
      Content-Type:
      - application/json; charset=utf-8
    url: https://api.github.com/graphql
    method: POST
  response:
    body: '{"data":{"repo_0":null},"errors":[{"type":"NOT_FOUND","path":["repo_0"],"locations":[{"line":269,"column":1}],"message":"Could
      not resolve to a Repository with the name ''sourcegraph''."}]}'
    headers:
      Access-Control-Allow-Origin:
      - '*'
      Access-Control-Expose-Headers:
      - ETag, Link, Location, Retry-After, X-GitHub-OTP, X-RateLimit-Limit, X-RateLimit-Remaining,
        X-RateLimit-Reset, X-OAuth-Scopes, X-Accepted-OAuth-Scopes, X-Poll-Interval,
        X-GitHub-Media-Type
      Cache-Control:
      - no-cache
      Content-Security-Policy:
      - default-src 'none'
      Content-Type:
      - application/json; charset=utf-8
      Date:
      - Wed, 12 Feb 2020 10:47:43 GMT
      Referrer-Policy:
      - origin-when-cross-origin, strict-origin-when-cross-origin
      Server:
      - GitHub.com
      Status:
      - 200 OK
      Strict-Transport-Security:
      - max-age=31536000; includeSubdomains; preload
      Vary:
      - Accept-Encoding, Accept
      X-Accepted-Oauth-Scopes:
      - repo
      X-Content-Type-Options:
      - nosniff
      X-Frame-Options:
      - deny
      X-Github-Media-Type:
      - github.antiope-preview; format=json
      X-Github-Request-Id:
      - 3BC3:0B66:18A3C57:1DD85F4:5E43D7CF
      X-Oauth-Scopes:
      - read:org, repo
      X-Ratelimit-Limit:
      - "5000"
      X-Ratelimit-Remaining:
      - "4964"
      X-Ratelimit-Reset:
      - "1581508040"
      X-Xss-Protection:
      - 1; mode=block
    status: 200 OK
    code: 200
    duration: ""
- request:
    body: '{"query":"\nfragment actor on Actor {\n  avatarUrl\n  login\n  url\n}\n\nfragment
      label on Label {\n  name\n  color\n  description\n  id\n}\n\nfragment commit
      on Commit {\n  oid\n  message\n  messageHeadline\n  committedDate\n  pushedDate\n  url\n  committer
      {\n    avatarUrl\n    email\n    name\n    user {\n      ...actor\n    }\n  }\n}\n\nfragment
      basicCommit on Commit {\n  oid\n  status {\n    state\n    contexts {\n      id\n      context\n      state\n      description\n    }\n  }\n  checkSuites(last:
      10){\n    nodes {\n      id\n      status\n      conclusion\n    }\n  }\n  committedDate\n}\n\nfragment
      prCommit on PullRequestCommit {\n  commit {\n    ...basicCommit\n  }\n}\n\nfragment
      review on PullRequestReview {\n  databaseId\n  author {\n    ...actor\n  }\n  authorAssociation\n  body\n  state\n  url\n  createdAt\n  updatedAt\n  commit
      {\n    ...commit\n  }\n  includesCreatedEdit\n}\n\nfragment pr on PullRequest
      {\n  id\n  title\n  body\n  state\n  url\n  number\n  createdAt\n  updatedAt\n  headRefOid\n  baseRefOid\n  headRefName\n  baseRefName\n  author
      {\n    ...actor\n  }\n  participants(first: 100) {\n    nodes {\n      ...actor\n    }\n  }\n  labels(first:
      100) {\n    nodes {\n      ...label\n    }\n  }\n  commits(last: 1) {\n    nodes
      {\n      ...prCommit\n    }\n  }\n  timelineItems(first: 250, itemTypes: [ASSIGNED_EVENT,
      CLOSED_EVENT, ISSUE_COMMENT, RENAMED_TITLE_EVENT, MERGED_EVENT, PULL_REQUEST_REVIEW,
      PULL_REQUEST_REVIEW_THREAD, REOPENED_EVENT, REVIEW_DISMISSED_EVENT, REVIEW_REQUEST_REMOVED_EVENT,
      REVIEW_REQUESTED_EVENT, UNASSIGNED_EVENT, LABELED_EVENT, UNLABELED_EVENT, PULL_REQUEST_COMMIT])
      {\n    nodes {\n      __typename\n      ... on AssignedEvent {\n        actor
      {\n          ...actor\n        }\n        assignee {\n          ...actor\n        }\n        createdAt\n      }\n      ...
      on ClosedEvent {\n        actor {\n          ...actor\n        }\n        createdAt\n        url\n      }\n      ...
      on IssueComment {\n        databaseId\n        author {\n          ...actor\n        }\n        authorAssociation\n        body\n        createdAt\n        editor
      {\n          ...actor\n        }\n        url\n        updatedAt\n        includesCreatedEdit\n        publishedAt\n      }\n      ...
      on RenamedTitleEvent {\n        actor {\n          ...actor\n        }\n        previousTitle\n        currentTitle\n        createdAt\n      }\n      ...
      on MergedEvent {\n        actor {\n          ...actor\n        }\n        mergeRefName\n        url\n        commit
      {\n          ...commit\n        }\n        createdAt\n      }\n      ... on
      PullRequestReview {\n        ...review\n      }\n      ... on PullRequestReviewThread
      {\n        comments(last: 100) {\n          nodes {\n            databaseId\n            author
      {\n              ...actor\n            }\n            authorAssociation\n            editor
      {\n              ...actor\n            }\n            commit {\n              ...commit\n            }\n            body\n            state\n            url\n            createdAt\n            updatedAt\n            includesCreatedEdit\n          }\n        }\n      }\n      ...
      on ReopenedEvent {\n        actor {\n          ...actor\n        }\n        createdAt\n      }\n      ...
      on ReviewDismissedEvent {\n        actor {\n          ...actor\n        }\n        review
      {\n          ...review\n        }\n        dismissalMessage\n        createdAt\n      }\n      ...
      on ReviewRequestRemovedEvent {\n        actor {\n          ...actor\n        }\n        requestedReviewer
      {\n          ...actor\n        }\n        requestedTeam: requestedReviewer {\n          ...
      on Team {\n            name\n            url\n            avatarUrl\n          }\n        }\n        createdAt\n      }\n      ...
      on ReviewRequestedEvent {\n        actor {\n          ...actor\n        }\n        requestedReviewer
      {\n          ...actor\n        }\n        requestedTeam: requestedReviewer {\n          ...
      on Team {\n            name\n            url\n            avatarUrl\n          }\n        }\n        createdAt\n      }\n      ...
      on UnassignedEvent {\n        actor {\n          ...actor\n        }\n        assignee
      {\n          ...actor\n        }\n        createdAt\n      }\n      ... on LabeledEvent
      {\n        actor {\n          ...actor\n        }\n        label {\n          ...label\n        }\n        createdAt\n      }\n      ...
      on UnlabeledEvent {\n        actor {\n          ...actor\n        }\n        label
      {\n          ...label\n        }\n        createdAt\n      }\n      ... on PullRequestCommit
      {\n        ...prCommit\n      }\n    }\n  }\n}\nquery {\nrepo_0: repository(owner:
      \"sourcegraph\", name: \"sourcegraph\") {\nrepo_0_0: pullRequest(number: 0)
      { ...pr }\n}\n}","variables":null}'
    form: {}
    headers:
      Accept:
      - application/vnd.github.antiope-preview+json
      Content-Type:
      - application/json; charset=utf-8
    url: https://api.github.com/graphql
    method: POST
  response:
    body: '{"data":{"repo_0":{"repo_0_0":null}},"errors":[{"type":"NOT_FOUND","path":["repo_0","repo_0_0"],"locations":[{"line":270,"column":1}],"message":"Could
      not resolve to a PullRequest with the number of 0."}]}'
    headers:
      Access-Control-Allow-Origin:
      - '*'
      Access-Control-Expose-Headers:
      - ETag, Link, Location, Retry-After, X-GitHub-OTP, X-RateLimit-Limit, X-RateLimit-Remaining,
        X-RateLimit-Reset, X-OAuth-Scopes, X-Accepted-OAuth-Scopes, X-Poll-Interval,
        X-GitHub-Media-Type
      Cache-Control:
      - no-cache
      Content-Security-Policy:
      - default-src 'none'
      Content-Type:
      - application/json; charset=utf-8
      Date:
      - Wed, 12 Feb 2020 10:47:44 GMT
      Referrer-Policy:
      - origin-when-cross-origin, strict-origin-when-cross-origin
      Server:
      - GitHub.com
      Status:
      - 200 OK
      Strict-Transport-Security:
      - max-age=31536000; includeSubdomains; preload
      Vary:
      - Accept-Encoding, Accept
      X-Accepted-Oauth-Scopes:
      - repo
      X-Content-Type-Options:
      - nosniff
      X-Frame-Options:
      - deny
      X-Github-Media-Type:
      - github.antiope-preview; format=json
      X-Github-Request-Id:
      - 3BC3:0B66:18A3CFF:1DD8661:5E43D7CF
      X-Oauth-Scopes:
      - read:org, repo
      X-Ratelimit-Limit:
      - "5000"
      X-Ratelimit-Remaining:
      - "4961"
      X-Ratelimit-Reset:
      - "1581508040"
      X-Xss-Protection:
      - 1; mode=block
    status: 200 OK
    code: 200
    duration: ""
- request:
    body: '{"query":"\nfragment actor on Actor {\n  avatarUrl\n  login\n  url\n}\n\nfragment
      label on Label {\n  name\n  color\n  description\n  id\n}\n\nfragment commit
      on Commit {\n  oid\n  message\n  messageHeadline\n  committedDate\n  pushedDate\n  url\n  committer
      {\n    avatarUrl\n    email\n    name\n    user {\n      ...actor\n    }\n  }\n}\n\nfragment
      basicCommit on Commit {\n  oid\n  status {\n    state\n    contexts {\n      id\n      context\n      state\n      description\n    }\n  }\n  checkSuites(last:
      10){\n    nodes {\n      id\n      status\n      conclusion\n    }\n  }\n  committedDate\n}\n\nfragment
      prCommit on PullRequestCommit {\n  commit {\n    ...basicCommit\n  }\n}\n\nfragment
      review on PullRequestReview {\n  databaseId\n  author {\n    ...actor\n  }\n  authorAssociation\n  body\n  state\n  url\n  createdAt\n  updatedAt\n  commit
      {\n    ...commit\n  }\n  includesCreatedEdit\n}\n\nfragment pr on PullRequest
      {\n  id\n  title\n  body\n  state\n  url\n  number\n  createdAt\n  updatedAt\n  headRefOid\n  baseRefOid\n  headRefName\n  baseRefName\n  author
      {\n    ...actor\n  }\n  participants(first: 100) {\n    nodes {\n      ...actor\n    }\n  }\n  labels(first:
      100) {\n    nodes {\n      ...label\n    }\n  }\n  commits(last: 1) {\n    nodes
      {\n      ...prCommit\n    }\n  }\n  timelineItems(first: 250, itemTypes: [ASSIGNED_EVENT,
      CLOSED_EVENT, ISSUE_COMMENT, RENAMED_TITLE_EVENT, MERGED_EVENT, PULL_REQUEST_REVIEW,
      PULL_REQUEST_REVIEW_THREAD, REOPENED_EVENT, REVIEW_DISMISSED_EVENT, REVIEW_REQUEST_REMOVED_EVENT,
      REVIEW_REQUESTED_EVENT, UNASSIGNED_EVENT, LABELED_EVENT, UNLABELED_EVENT, PULL_REQUEST_COMMIT])
      {\n    nodes {\n      __typename\n      ... on AssignedEvent {\n        actor
      {\n          ...actor\n        }\n        assignee {\n          ...actor\n        }\n        createdAt\n      }\n      ...
      on ClosedEvent {\n        actor {\n          ...actor\n        }\n        createdAt\n        url\n      }\n      ...
      on IssueComment {\n        databaseId\n        author {\n          ...actor\n        }\n        authorAssociation\n        body\n        createdAt\n        editor
      {\n          ...actor\n        }\n        url\n        updatedAt\n        includesCreatedEdit\n        publishedAt\n      }\n      ...
      on RenamedTitleEvent {\n        actor {\n          ...actor\n        }\n        previousTitle\n        currentTitle\n        createdAt\n      }\n      ...
      on MergedEvent {\n        actor {\n          ...actor\n        }\n        mergeRefName\n        url\n        commit
      {\n          ...commit\n        }\n        createdAt\n      }\n      ... on
      PullRequestReview {\n        ...review\n      }\n      ... on PullRequestReviewThread
      {\n        comments(last: 100) {\n          nodes {\n            databaseId\n            author
      {\n              ...actor\n            }\n            authorAssociation\n            editor
      {\n              ...actor\n            }\n            commit {\n              ...commit\n            }\n            body\n            state\n            url\n            createdAt\n            updatedAt\n            includesCreatedEdit\n          }\n        }\n      }\n      ...
      on ReopenedEvent {\n        actor {\n          ...actor\n        }\n        createdAt\n      }\n      ...
      on ReviewDismissedEvent {\n        actor {\n          ...actor\n        }\n        review
      {\n          ...review\n        }\n        dismissalMessage\n        createdAt\n      }\n      ...
      on ReviewRequestRemovedEvent {\n        actor {\n          ...actor\n        }\n        requestedReviewer
      {\n          ...actor\n        }\n        requestedTeam: requestedReviewer {\n          ...
      on Team {\n            name\n            url\n            avatarUrl\n          }\n        }\n        createdAt\n      }\n      ...
      on ReviewRequestedEvent {\n        actor {\n          ...actor\n        }\n        requestedReviewer
      {\n          ...actor\n        }\n        requestedTeam: requestedReviewer {\n          ...
      on Team {\n            name\n            url\n            avatarUrl\n          }\n        }\n        createdAt\n      }\n      ...
      on UnassignedEvent {\n        actor {\n          ...actor\n        }\n        assignee
      {\n          ...actor\n        }\n        createdAt\n      }\n      ... on LabeledEvent
      {\n        actor {\n          ...actor\n        }\n        label {\n          ...label\n        }\n        createdAt\n      }\n      ...
      on UnlabeledEvent {\n        actor {\n          ...actor\n        }\n        label
      {\n          ...label\n        }\n        createdAt\n      }\n      ... on PullRequestCommit
      {\n        ...prCommit\n      }\n    }\n  }\n}\nquery {\nrepo_0: repository(owner:
      \"sourcegraph\", name: \"sourcegraph\") {\nrepo_0_5550: pullRequest(number:
      5550) { ...pr }\n}\nrepo_1: repository(owner: \"sourcegraph\", name: \"sourcegraph\")
      {\nrepo_1_5834: pullRequest(number: 5834) { ...pr }\n}\nrepo_2: repository(owner:
      \"tsenart\", name: \"vegeta\") {\nrepo_2_50: pullRequest(number: 50) { ...pr
      }\n}\nrepo_3: repository(owner: \"sourcegraph\", name: \"sourcegraph\") {\nrepo_3_7352:
      pullRequest(number: 7352) { ...pr }\n}\n}","variables":null}'
    form: {}
    headers:
      Accept:
      - application/vnd.github.antiope-preview+json
      Content-Type:
      - application/json; charset=utf-8
    url: https://api.github.com/graphql
    method: POST
  response:
    body: "{\"data\":{\"repo_0\":{\"repo_0_5550\":{\"id\":\"MDExOlB1bGxSZXF1ZXN0MzE2ODI5NDE0\",\"title\":\"Fix
      disableExtension flag for native integrations\",\"body\":\"This flag should
      only be observed in the browser extension. Calling `observeStorageKey()` breaks
      native integrations.\",\"state\":\"MERGED\",\"url\":\"https://github.com/sourcegraph/sourcegraph/pull/5550\",\"number\":5550,\"createdAt\":\"2019-09-12T10:06:09Z\",\"updatedAt\":\"2019-09-13T09:44:39Z\",\"headRefOid\":\"30cc0384757b7d2fe9d42cf09ab7744731c8a9ea\",\"baseRefOid\":\"f7097fe19816d0a9d637dc759722f6f43fd057ea\",\"headRefName\":\"disable-extension-native-integratin\",\"baseRefName\":\"master\",\"author\":{\"avatarUrl\":\"https://avatars1.githubusercontent.com/u/1741180?v=4\",\"login\":\"lguychard\",\"url\":\"https://github.com/lguychard\"},\"participants\":{\"nodes\":[{\"avatarUrl\":\"https://avatars1.githubusercontent.com/u/1741180?v=4\",\"login\":\"lguychard\",\"url\":\"https://github.com/lguychard\"},{\"avatarUrl\":\"https://avatars3.githubusercontent.com/u/2946214?v=4\",\"login\":\"unknwon\",\"url\":\"https://github.com/unknwon\"},{\"avatarUrl\":\"https://avatars0.githubusercontent.com/u/10532611?v=4\",\"login\":\"felixfbecker\",\"url\":\"https://github.com/felixfbecker\"}]},\"labels\":{\"nodes\":[]},\"commits\":{\"nodes\":[{\"commit\":{\"oid\":\"30cc0384757b7d2fe9d42cf09ab7744731c8a9ea\",\"status\":{\"state\":\"SUCCESS\",\"contexts\":[{\"id\":\"MDEzOlN0YXR1c0NvbnRleHQ3NjQ0MDU0MzIx\",\"context\":\"buildkite/sourcegraph\",\"state\":\"SUCCESS\",\"description\":\"Build
      #42783 passed (15 minutes, 53 seconds)\"},{\"id\":\"MDEzOlN0YXR1c0NvbnRleHQ3NjQ0MDUzMTQ0\",\"context\":\"percy/Sourcegraph\",\"state\":\"SUCCESS\",\"description\":\"Visual
      review automatically approved, no visual changes found.\"}]},\"checkSuites\":{\"nodes\":[{\"id\":\"MDEwOkNoZWNrU3VpdGUyMjMwNzk1ODA=\",\"status\":\"QUEUED\",\"conclusion\":null},{\"id\":\"MDEwOkNoZWNrU3VpdGUyMjMwNzk1ODE=\",\"status\":\"QUEUED\",\"conclusion\":null},{\"id\":\"MDEwOkNoZWNrU3VpdGUyMjMwNzk1ODI=\",\"status\":\"QUEUED\",\"conclusion\":null}]},\"committedDate\":\"2019-09-13T09:13:12Z\"}}]},\"timelineItems\":{\"nodes\":[{\"__typename\":\"ReviewRequestedEvent\",\"actor\":{\"avatarUrl\":\"https://avatars1.githubusercontent.com/u/1741180?v=4\",\"login\":\"lguychard\",\"url\":\"https://github.com/lguychard\"},\"requestedReviewer\":{\"avatarUrl\":\"https://avatars3.githubusercontent.com/u/2946214?v=4\",\"login\":\"unknwon\",\"url\":\"https://github.com/unknwon\"},\"requestedTeam\":{},\"createdAt\":\"2019-09-12T10:06:09Z\"},{\"__typename\":\"ReviewRequestedEvent\",\"actor\":{\"avatarUrl\":\"https://avatars1.githubusercontent.com/u/1741180?v=4\",\"login\":\"lguychard\",\"url\":\"https://github.com/lguychard\"},\"requestedReviewer\":{\"avatarUrl\":\"https://avatars0.githubusercontent.com/u/10532611?v=4\",\"login\":\"felixfbecker\",\"url\":\"https://github.com/felixfbecker\"},\"requestedTeam\":{},\"createdAt\":\"2019-09-12T10:06:09Z\"},{\"__typename\":\"PullRequestReview\",\"databaseId\":287537086,\"author\":{\"avatarUrl\":\"https://avatars3.githubusercontent.com/u/2946214?v=4\",\"login\":\"unknwon\",\"url\":\"https://github.com/unknwon\"},\"authorAssociation\":\"MEMBER\",\"body\":\"Thanks
      for the fix! The chaining logic looks brilliant to me (as a non-FE dev).\",\"state\":\"APPROVED\",\"url\":\"https://github.com/sourcegraph/sourcegraph/pull/5550#pullrequestreview-287537086\",\"createdAt\":\"2019-09-12T15:57:28Z\",\"updatedAt\":\"2019-09-12T15:57:28Z\",\"commit\":{\"oid\":\"36734225c6bf58fb5c499b1489def2a7b65af45d\",\"message\":\"Fix
      disableExtension flag for native integrations\\n\\nThis flag should only be
      observed in the browser extension. Calling `observeStorageKey()` breaks native
      integrations.\",\"messageHeadline\":\"Fix disableExtension flag for native integrations\",\"committedDate\":\"2019-09-12T10:05:39Z\",\"pushedDate\":\"2019-09-12T10:05:45Z\",\"url\":\"https://github.com/sourcegraph/sourcegraph/commit/36734225c6bf58fb5c499b1489def2a7b65af45d\",\"committer\":{\"avatarUrl\":\"https://avatars1.githubusercontent.com/u/1741180?v=4\",\"email\":\"loic@sourcegraph.com\",\"name\":\"Loïc
      Guychard\",\"user\":{\"avatarUrl\":\"https://avatars1.githubusercontent.com/u/1741180?v=4\",\"login\":\"lguychard\",\"url\":\"https://github.com/lguychard\"}}},\"includesCreatedEdit\":false},{\"__typename\":\"PullRequestReview\",\"databaseId\":287549355,\"author\":{\"avatarUrl\":\"https://avatars0.githubusercontent.com/u/10532611?v=4\",\"login\":\"felixfbecker\",\"url\":\"https://github.com/felixfbecker\"},\"authorAssociation\":\"MEMBER\",\"body\":\"\",\"state\":\"COMMENTED\",\"url\":\"https://github.com/sourcegraph/sourcegraph/pull/5550#pullrequestreview-287549355\",\"createdAt\":\"2019-09-12T16:18:08Z\",\"updatedAt\":\"2019-09-12T16:18:58Z\",\"commit\":{\"oid\":\"36734225c6bf58fb5c499b1489def2a7b65af45d\",\"message\":\"Fix
      disableExtension flag for native integrations\\n\\nThis flag should only be
      observed in the browser extension. Calling `observeStorageKey()` breaks native
      integrations.\",\"messageHeadline\":\"Fix disableExtension flag for native integrations\",\"committedDate\":\"2019-09-12T10:05:39Z\",\"pushedDate\":\"2019-09-12T10:05:45Z\",\"url\":\"https://github.com/sourcegraph/sourcegraph/commit/36734225c6bf58fb5c499b1489def2a7b65af45d\",\"committer\":{\"avatarUrl\":\"https://avatars1.githubusercontent.com/u/1741180?v=4\",\"email\":\"loic@sourcegraph.com\",\"name\":\"Loïc
      Guychard\",\"user\":{\"avatarUrl\":\"https://avatars1.githubusercontent.com/u/1741180?v=4\",\"login\":\"lguychard\",\"url\":\"https://github.com/lguychard\"}}},\"includesCreatedEdit\":false},{\"__typename\":\"PullRequestCommit\",\"commit\":{\"oid\":\"21d1cd99699e36ab5e2b9be1cc663691d47193ef\",\"status\":null,\"checkSuites\":{\"nodes\":[]},\"committedDate\":\"2019-09-13T09:13:12Z\"}},{\"__typename\":\"PullRequestCommit\",\"commit\":{\"oid\":\"30cc0384757b7d2fe9d42cf09ab7744731c8a9ea\",\"status\":{\"state\":\"SUCCESS\",\"contexts\":[{\"id\":\"MDEzOlN0YXR1c0NvbnRleHQ3NjQ0MDU0MzIx\",\"context\":\"buildkite/sourcegraph\",\"state\":\"SUCCESS\",\"description\":\"Build
      #42783 passed (15 minutes, 53 seconds)\"},{\"id\":\"MDEzOlN0YXR1c0NvbnRleHQ3NjQ0MDUzMTQ0\",\"context\":\"percy/Sourcegraph\",\"state\":\"SUCCESS\",\"description\":\"Visual
      review automatically approved, no visual changes found.\"}]},\"checkSuites\":{\"nodes\":[{\"id\":\"MDEwOkNoZWNrU3VpdGUyMjMwNzk1ODA=\",\"status\":\"QUEUED\",\"conclusion\":null},{\"id\":\"MDEwOkNoZWNrU3VpdGUyMjMwNzk1ODE=\",\"status\":\"QUEUED\",\"conclusion\":null},{\"id\":\"MDEwOkNoZWNrU3VpdGUyMjMwNzk1ODI=\",\"status\":\"QUEUED\",\"conclusion\":null}]},\"committedDate\":\"2019-09-13T09:13:12Z\"}},{\"__typename\":\"IssueComment\",\"databaseId\":531172813,\"author\":{\"avatarUrl\":\"https://avatars2.githubusercontent.com/in/254?v=4\",\"login\":\"codecov\",\"url\":\"https://github.com/apps/codecov\"},\"authorAssociation\":\"NONE\",\"body\":\"#
      [Codecov](https://codecov.io/gh/sourcegraph/sourcegraph/pull/5550?src=pr&el=h1)
      Report\\n> Merging [#5550](https://codecov.io/gh/sourcegraph/sourcegraph/pull/5550?src=pr&el=desc)
      into [master](https://codecov.io/gh/sourcegraph/sourcegraph/commit/f7097fe19816d0a9d637dc759722f6f43fd057ea?src=pr&el=desc)
      will **decrease** coverage by `<.01%`.\\n> The diff coverage is `0%`.\\n\\n```diff\\n@@
      \           Coverage Diff             @@\\n##           master    #5550      +/-
      \  ##\\n==========================================\\n- Coverage   46.57%   46.56%
      \  -0.01%     \\n==========================================\\n  Files         741
      \     741              \\n  Lines       44953    44954       +1     \\n  Branches
      \    2628     2630       +2     \\n==========================================\\n
      \ Hits        20935    20935              \\n- Misses      21963    21964       +1
      \    \\n  Partials     2055     2055\\n```\\n\\n| [Impacted Files](https://codecov.io/gh/sourcegraph/sourcegraph/pull/5550?src=pr&el=tree)
      | Coverage Δ | |\\n|---|---|---|\\n| [...r/src/libs/code\\\\_intelligence/code\\\\_intelligence.tsx](https://codecov.io/gh/sourcegraph/sourcegraph/pull/5550/diff?src=pr&el=tree#diff-YnJvd3Nlci9zcmMvbGlicy9jb2RlX2ludGVsbGlnZW5jZS9jb2RlX2ludGVsbGlnZW5jZS50c3g=)
      | `67.46% <0%> (-0.33%)` | :arrow_down: |\\n\",\"createdAt\":\"2019-09-13T09:41:29Z\",\"editor\":null,\"url\":\"https://github.com/sourcegraph/sourcegraph/pull/5550#issuecomment-531172813\",\"updatedAt\":\"2019-09-13T09:41:29Z\",\"includesCreatedEdit\":false,\"publishedAt\":\"2019-09-13T09:41:29Z\"},{\"__typename\":\"MergedEvent\",\"actor\":{\"avatarUrl\":\"https://avatars1.githubusercontent.com/u/1741180?v=4\",\"login\":\"lguychard\",\"url\":\"https://github.com/lguychard\"},\"mergeRefName\":\"master\",\"url\":\"https://github.com/sourcegraph/sourcegraph/pull/5550#event-2631781468\",\"commit\":{\"oid\":\"f66b0addcbeb51d29350f3abc2af7ffb238af48a\",\"message\":\"Fix
      disableExtension flag for native integrations (#5550)\\n\\nThis flag should
      only be observed in the browser extension. Calling `observeStorageKey()` breaks
      native integrations.\",\"messageHeadline\":\"Fix disableExtension flag for native
      integrations (#5550)\",\"committedDate\":\"2019-09-13T09:44:37Z\",\"pushedDate\":\"2019-09-13T09:44:39Z\",\"url\":\"https://github.com/sourcegraph/sourcegraph/commit/f66b0addcbeb51d29350f3abc2af7ffb238af48a\",\"committer\":{\"avatarUrl\":\"https://avatars3.githubusercontent.com/u/19864447?v=4\",\"email\":\"noreply@github.com\",\"name\":\"GitHub\",\"user\":null}},\"createdAt\":\"2019-09-13T09:44:38Z\"},{\"__typename\":\"ClosedEvent\",\"actor\":{\"avatarUrl\":\"https://avatars1.githubusercontent.com/u/1741180?v=4\",\"login\":\"lguychard\",\"url\":\"https://github.com/lguychard\"},\"createdAt\":\"2019-09-13T09:44:38Z\",\"url\":\"https://github.com/sourcegraph/sourcegraph/pull/5550#event-2631781475\"}]}}},\"repo_1\":{\"repo_1_5834\":{\"id\":\"MDExOlB1bGxSZXF1ZXN0MzIzNzkyNTA0\",\"title\":\"a8n:
      Persist GitHub ChangesetEvents to database\",\"body\":\"This adds the necessary
      methods to the `a8n.Store` to upsert, list and count `a8n.ChangesetEvents`.\\r\\n\\r\\nAfter
      loading changesets in the `a8n.Syncer` we upsert them into the database, making
      sure that on conflict they're updated.\\r\\n\\r\\nThe `key` column on `changeset_events`
      is added in preparation for the introduction of webhooks, where we could potentially
      receive the same event via API calls and via webhook payloads. In that case,
      we want to make sure that we can reconcile the two different representations
      of the same event and update the database entry to its newest version.\\r\\n\\r\\nThe
      PR also adds a minimal first GraphQL API for changeset events. It's minimal,
      because we still need to work out the schema.\\r\\n\\r\\ncc @felixfbecker \\r\\n\",\"state\":\"MERGED\",\"url\":\"https://github.com/sourcegraph/sourcegraph/pull/5834\",\"number\":5834,\"createdAt\":\"2019-10-02T14:49:31Z\",\"updatedAt\":\"2019-10-08T09:52:20Z\",\"headRefOid\":\"9780015346b79568f04925a03f6ec6cdbc0ae9be\",\"baseRefOid\":\"cec6864065fbe12890b3778af1f76c03b03c801a\",\"headRefName\":\"a8n/changeset-events\",\"baseRefName\":\"master\",\"author\":{\"avatarUrl\":\"https://avatars2.githubusercontent.com/u/67471?v=4\",\"login\":\"tsenart\",\"url\":\"https://github.com/tsenart\"},\"participants\":{\"nodes\":[{\"avatarUrl\":\"https://avatars2.githubusercontent.com/u/67471?v=4\",\"login\":\"tsenart\",\"url\":\"https://github.com/tsenart\"},{\"avatarUrl\":\"https://avatars3.githubusercontent.com/u/1185253?v=4\",\"login\":\"mrnugget\",\"url\":\"https://github.com/mrnugget\"}]},\"labels\":{\"nodes\":[{\"name\":\"automation\",\"color\":\"ef820a\",\"description\":\"\",\"id\":\"MDU6TGFiZWwxNTMyNTU0NDkz\"}]},\"commits\":{\"nodes\":[{\"commit\":{\"oid\":\"9780015346b79568f04925a03f6ec6cdbc0ae9be\",\"status\":{\"state\":\"SUCCESS\",\"contexts\":[{\"id\":\"MDEzOlN0YXR1c0NvbnRleHQ3ODE5ODMyMTUz\",\"context\":\"buildkite/sourcegraph\",\"state\":\"SUCCESS\",\"description\":\"Build
      #44448 passed (10 minutes, 17 seconds)\"},{\"id\":\"MDEzOlN0YXR1c0NvbnRleHQ3ODE5ODMwMjA2\",\"context\":\"percy/Sourcegraph\",\"state\":\"SUCCESS\",\"description\":\"Visual
      review automatically approved, no visual changes found.\"}]},\"checkSuites\":{\"nodes\":[{\"id\":\"MDEwOkNoZWNrU3VpdGUyNTQ0ODc3Mzg=\",\"status\":\"QUEUED\",\"conclusion\":null},{\"id\":\"MDEwOkNoZWNrU3VpdGUyNTQ0ODc3Mzk=\",\"status\":\"QUEUED\",\"conclusion\":null},{\"id\":\"MDEwOkNoZWNrU3VpdGUyNTQ0ODc3NDA=\",\"status\":\"QUEUED\",\"conclusion\":null}]},\"committedDate\":\"2019-10-07T12:50:59Z\"}}]},\"timelineItems\":{\"nodes\":[{\"__typename\":\"RenamedTitleEvent\",\"actor\":{\"avatarUrl\":\"https://avatars2.githubusercontent.com/u/67471?v=4\",\"login\":\"tsenart\",\"url\":\"https://github.com/tsenart\"},\"previousTitle\":\"A8n/changeset
      events\",\"currentTitle\":\"a8n: ChangesetEvents\",\"createdAt\":\"2019-10-02T14:49:45Z\"},{\"__typename\":\"AssignedEvent\",\"actor\":{\"avatarUrl\":\"https://avatars2.githubusercontent.com/u/67471?v=4\",\"login\":\"tsenart\",\"url\":\"https://github.com/tsenart\"},\"assignee\":{\"avatarUrl\":\"https://avatars2.githubusercontent.com/u/67471?v=4\",\"login\":\"tsenart\",\"url\":\"https://github.com/tsenart\"},\"createdAt\":\"2019-10-03T12:05:41Z\"},{\"__typename\":\"IssueComment\",\"databaseId\":537920237,\"author\":{\"avatarUrl\":\"https://avatars2.githubusercontent.com/u/67471?v=4\",\"login\":\"tsenart\",\"url\":\"https://github.com/tsenart\"},\"authorAssociation\":\"MEMBER\",\"body\":\"This
      is a comment. EDIT\",\"createdAt\":\"2019-10-03T12:18:21Z\",\"editor\":{\"avatarUrl\":\"https://avatars2.githubusercontent.com/u/67471?v=4\",\"login\":\"tsenart\",\"url\":\"https://github.com/tsenart\"},\"url\":\"https://github.com/sourcegraph/sourcegraph/pull/5834#issuecomment-537920237\",\"updatedAt\":\"2019-10-03T12:22:14Z\",\"includesCreatedEdit\":true,\"publishedAt\":\"2019-10-03T12:18:21Z\"},{\"__typename\":\"ClosedEvent\",\"actor\":{\"avatarUrl\":\"https://avatars2.githubusercontent.com/u/67471?v=4\",\"login\":\"tsenart\",\"url\":\"https://github.com/tsenart\"},\"createdAt\":\"2019-10-03T14:02:51Z\",\"url\":\"https://github.com/sourcegraph/sourcegraph/pull/5834#event-2684174597\"},{\"__typename\":\"ReopenedEvent\",\"actor\":{\"avatarUrl\":\"https://avatars2.githubusercontent.com/u/67471?v=4\",\"login\":\"tsenart\",\"url\":\"https://github.com/tsenart\"},\"createdAt\":\"2019-10-03T14:02:54Z\"},{\"__typename\":\"PullRequestReview\",\"databaseId\":296894453,\"author\":{\"avatarUrl\":\"https://avatars2.githubusercontent.com/u/67471?v=4\",\"login\":\"tsenart\",\"url\":\"https://github.com/tsenart\"},\"authorAssociation\":\"MEMBER\",\"body\":\"A
      review\",\"state\":\"COMMENTED\",\"url\":\"https://github.com/sourcegraph/sourcegraph/pull/5834#pullrequestreview-296894453\",\"createdAt\":\"2019-10-03T14:03:23Z\",\"updatedAt\":\"2019-10-03T14:03:23Z\",\"commit\":{\"oid\":\"0830ebfae3fa8f6405d30c1d0bb6dbdfba514e3f\",\"message\":\"a8n:
      Fix CreateChangesetEvent query\",\"messageHeadline\":\"a8n: Fix CreateChangesetEvent
      query\",\"committedDate\":\"2019-10-02T14:41:15Z\",\"pushedDate\":\"2019-10-02T14:41:30Z\",\"url\":\"https://github.com/sourcegraph/sourcegraph/commit/0830ebfae3fa8f6405d30c1d0bb6dbdfba514e3f\",\"committer\":{\"avatarUrl\":\"https://avatars2.githubusercontent.com/u/67471?v=4\",\"email\":\"tsenart@gmail.com\",\"name\":\"Tomás
      Senart\",\"user\":{\"avatarUrl\":\"https://avatars2.githubusercontent.com/u/67471?v=4\",\"login\":\"tsenart\",\"url\":\"https://github.com/tsenart\"}}},\"includesCreatedEdit\":false},{\"__typename\":\"IssueComment\",\"databaseId\":537960109,\"author\":{\"avatarUrl\":\"https://avatars2.githubusercontent.com/u/67471?v=4\",\"login\":\"tsenart\",\"url\":\"https://github.com/tsenart\"},\"authorAssociation\":\"MEMBER\",\"body\":\"Making
      this PR the playground for fetching timeline events from Github. \",\"createdAt\":\"2019-10-03T14:04:06Z\",\"editor\":null,\"url\":\"https://github.com/sourcegraph/sourcegraph/pull/5834#issuecomment-537960109\",\"updatedAt\":\"2019-10-03T14:04:06Z\",\"includesCreatedEdit\":false,\"publishedAt\":\"2019-10-03T14:04:06Z\"},{\"__typename\":\"ReviewRequestedEvent\",\"actor\":{\"avatarUrl\":\"https://avatars2.githubusercontent.com/u/67471?v=4\",\"login\":\"tsenart\",\"url\":\"https://github.com/tsenart\"},\"requestedReviewer\":{\"avatarUrl\":\"https://avatars2.githubusercontent.com/u/1646931?v=4\",\"login\":\"beyang\",\"url\":\"https://github.com/beyang\"},\"requestedTeam\":{},\"createdAt\":\"2019-10-03T14:04:11Z\"},{\"__typename\":\"ReviewRequestedEvent\",\"actor\":{\"avatarUrl\":\"https://avatars2.githubusercontent.com/u/67471?v=4\",\"login\":\"tsenart\",\"url\":\"https://github.com/tsenart\"},\"requestedReviewer\":{\"avatarUrl\":\"https://avatars2.githubusercontent.com/u/3173176?v=4\",\"login\":\"slimsag\",\"url\":\"https://github.com/slimsag\"},\"requestedTeam\":{},\"createdAt\":\"2019-10-03T14:04:11Z\"},{\"__typename\":\"RenamedTitleEvent\",\"actor\":{\"avatarUrl\":\"https://avatars2.githubusercontent.com/u/67471?v=4\",\"login\":\"tsenart\",\"url\":\"https://github.com/tsenart\"},\"previousTitle\":\"a8n:
      ChangesetEvents\",\"currentTitle\":\"[WIP] a8n: ChangesetEvents\",\"createdAt\":\"2019-10-03T14:04:27Z\"},{\"__typename\":\"UnassignedEvent\",\"actor\":{\"avatarUrl\":\"https://avatars2.githubusercontent.com/u/67471?v=4\",\"login\":\"tsenart\",\"url\":\"https://github.com/tsenart\"},\"assignee\":{\"avatarUrl\":\"https://avatars2.githubusercontent.com/u/67471?v=4\",\"login\":\"tsenart\",\"url\":\"https://github.com/tsenart\"},\"createdAt\":\"2019-10-03T14:04:58Z\"},{\"__typename\":\"PullRequestCommit\",\"commit\":{\"oid\":\"841fb15a8edeef3b4894e52fc8e07e597889fd45\",\"status\":null,\"checkSuites\":{\"nodes\":[]},\"committedDate\":\"2019-10-04T09:03:40Z\"}},{\"__typename\":\"PullRequestCommit\",\"commit\":{\"oid\":\"70f88ad3e92fa14707eaa9c5c597e4256a6d1c68\",\"status\":null,\"checkSuites\":{\"nodes\":[]},\"committedDate\":\"2019-10-04T09:03:40Z\"}},{\"__typename\":\"PullRequestCommit\",\"commit\":{\"oid\":\"71993940833d0d14b02a4fe90bfbb4fdd1601d31\",\"status\":{\"state\":\"FAILURE\",\"contexts\":[{\"id\":\"MDEzOlN0YXR1c0NvbnRleHQ3ODA1NDM1MTU2\",\"context\":\"buildkite/sourcegraph\",\"state\":\"FAILURE\",\"description\":\"Build
      #44262 failed (7 minutes)\"}]},\"checkSuites\":{\"nodes\":[{\"id\":\"MDEwOkNoZWNrU3VpdGUyNTEyNDM1NTU=\",\"status\":\"QUEUED\",\"conclusion\":null},{\"id\":\"MDEwOkNoZWNrU3VpdGUyNTEyNDM1NTY=\",\"status\":\"QUEUED\",\"conclusion\":null},{\"id\":\"MDEwOkNoZWNrU3VpdGUyNTEyNDM1NTc=\",\"status\":\"QUEUED\",\"conclusion\":null}]},\"committedDate\":\"2019-10-04T09:03:40Z\"}},{\"__typename\":\"PullRequestCommit\",\"commit\":{\"oid\":\"13057d82a110b44aba4ce1796a91bc51cc52fc85\",\"status\":{\"state\":\"FAILURE\",\"contexts\":[{\"id\":\"MDEzOlN0YXR1c0NvbnRleHQ3ODA2NjYwNDM0\",\"context\":\"buildkite/sourcegraph\",\"state\":\"FAILURE\",\"description\":\"Build
      #44274 failed (8 minutes, 24 seconds)\"}]},\"checkSuites\":{\"nodes\":[{\"id\":\"MDEwOkNoZWNrU3VpdGUyNTE0ODU2NDY=\",\"status\":\"QUEUED\",\"conclusion\":null},{\"id\":\"MDEwOkNoZWNrU3VpdGUyNTE0ODU2NDg=\",\"status\":\"QUEUED\",\"conclusion\":null},{\"id\":\"MDEwOkNoZWNrU3VpdGUyNTE0ODU2NTA=\",\"status\":\"QUEUED\",\"conclusion\":null}]},\"committedDate\":\"2019-10-04T12:12:08Z\"}},{\"__typename\":\"PullRequestCommit\",\"commit\":{\"oid\":\"729d8df692d0fa981207a656bdc36ecbcd6969ab\",\"status\":{\"state\":\"FAILURE\",\"contexts\":[{\"id\":\"MDEzOlN0YXR1c0NvbnRleHQ3ODA4MDcyNzI0\",\"context\":\"buildkite/sourcegraph\",\"state\":\"FAILURE\",\"description\":\"Build
      #44283 failed (6 minutes, 33 seconds)\"}]},\"checkSuites\":{\"nodes\":[{\"id\":\"MDEwOkNoZWNrU3VpdGUyNTE3NDA1NTI=\",\"status\":\"QUEUED\",\"conclusion\":null},{\"id\":\"MDEwOkNoZWNrU3VpdGUyNTE3NDA1NTQ=\",\"status\":\"QUEUED\",\"conclusion\":null},{\"id\":\"MDEwOkNoZWNrU3VpdGUyNTE3NDA1NTY=\",\"status\":\"QUEUED\",\"conclusion\":null}]},\"committedDate\":\"2019-10-04T14:56:38Z\"}},{\"__typename\":\"PullRequestCommit\",\"commit\":{\"oid\":\"dcdecd1f3e16b197d3ebbec9f8dbcb33fb582b99\",\"status\":{\"state\":\"FAILURE\",\"contexts\":[{\"id\":\"MDEzOlN0YXR1c0NvbnRleHQ3ODA4MTg0NjI1\",\"context\":\"buildkite/sourcegraph\",\"state\":\"FAILURE\",\"description\":\"Build
      #44284 failed (7 minutes, 45 seconds)\"}]},\"checkSuites\":{\"nodes\":[{\"id\":\"MDEwOkNoZWNrU3VpdGUyNTE3NTkyMDg=\",\"status\":\"QUEUED\",\"conclusion\":null},{\"id\":\"MDEwOkNoZWNrU3VpdGUyNTE3NTkyMDk=\",\"status\":\"QUEUED\",\"conclusion\":null},{\"id\":\"MDEwOkNoZWNrU3VpdGUyNTE3NTkyMTA=\",\"status\":\"QUEUED\",\"conclusion\":null}]},\"committedDate\":\"2019-10-04T15:08:26Z\"}},{\"__typename\":\"ReviewRequestRemovedEvent\",\"actor\":{\"avatarUrl\":\"https://avatars2.githubusercontent.com/u/1646931?v=4\",\"login\":\"beyang\",\"url\":\"https://github.com/beyang\"},\"requestedReviewer\":{\"avatarUrl\":\"https://avatars2.githubusercontent.com/u/1646931?v=4\",\"login\":\"beyang\",\"url\":\"https://github.com/beyang\"},\"requestedTeam\":{},\"createdAt\":\"2019-10-04T19:23:05Z\"},{\"__typename\":\"PullRequestCommit\",\"commit\":{\"oid\":\"30a5f5e3d9cbc35d634ff051d550054f99b6fbb1\",\"status\":{\"state\":\"FAILURE\",\"contexts\":[{\"id\":\"MDEzOlN0YXR1c0NvbnRleHQ3ODE3NzE3Njkx\",\"context\":\"buildkite/sourcegraph\",\"state\":\"FAILURE\",\"description\":\"Build
      #44405 failed (8 minutes, 28 seconds)\"}]},\"checkSuites\":{\"nodes\":[{\"id\":\"MDEwOkNoZWNrU3VpdGUyNTQxMTk0MDI=\",\"status\":\"QUEUED\",\"conclusion\":null},{\"id\":\"MDEwOkNoZWNrU3VpdGUyNTQxMTk0MDM=\",\"status\":\"QUEUED\",\"conclusion\":null},{\"id\":\"MDEwOkNoZWNrU3VpdGUyNTQxMTk0MDQ=\",\"status\":\"QUEUED\",\"conclusion\":null}]},\"committedDate\":\"2019-10-07T07:59:15Z\"}},{\"__typename\":\"ReviewRequestedEvent\",\"actor\":{\"avatarUrl\":\"https://avatars2.githubusercontent.com/u/67471?v=4\",\"login\":\"tsenart\",\"url\":\"https://github.com/tsenart\"},\"requestedReviewer\":{},\"requestedTeam\":{\"name\":\"automation\",\"url\":\"https://github.com/orgs/sourcegraph/teams/automation\",\"avatarUrl\":\"https://avatars2.githubusercontent.com/t/3452110?s=400&v=4\"},\"createdAt\":\"2019-10-07T07:59:23Z\"},{\"__typename\":\"PullRequestCommit\",\"commit\":{\"oid\":\"233b4a6d0a201c9d739c77587f91dc1e9432882f\",\"status\":{\"state\":\"FAILURE\",\"contexts\":[{\"id\":\"MDEzOlN0YXR1c0NvbnRleHQ3ODE3NzcyMjIy\",\"context\":\"buildkite/sourcegraph\",\"state\":\"FAILURE\",\"description\":\"Build
      #44406 failed (7 minutes, 57 seconds)\"}]},\"checkSuites\":{\"nodes\":[{\"id\":\"MDEwOkNoZWNrU3VpdGUyNTQxMzAyNDQ=\",\"status\":\"QUEUED\",\"conclusion\":null},{\"id\":\"MDEwOkNoZWNrU3VpdGUyNTQxMzAyNDY=\",\"status\":\"QUEUED\",\"conclusion\":null},{\"id\":\"MDEwOkNoZWNrU3VpdGUyNTQxMzAyNDc=\",\"status\":\"QUEUED\",\"conclusion\":null}]},\"committedDate\":\"2019-10-07T08:08:09Z\"}},{\"__typename\":\"PullRequestCommit\",\"commit\":{\"oid\":\"dc19de9ee127a3f299b2865029815a29674166e0\",\"status\":{\"state\":\"FAILURE\",\"contexts\":[{\"id\":\"MDEzOlN0YXR1c0NvbnRleHQ3ODE4MDA3Mzg5\",\"context\":\"buildkite/sourcegraph\",\"state\":\"FAILURE\",\"description\":\"Build
      #44407 failed (7 minutes, 45 seconds)\"}]},\"checkSuites\":{\"nodes\":[{\"id\":\"MDEwOkNoZWNrU3VpdGUyNTQxNzIxNzc=\",\"status\":\"QUEUED\",\"conclusion\":null},{\"id\":\"MDEwOkNoZWNrU3VpdGUyNTQxNzIxNzg=\",\"status\":\"QUEUED\",\"conclusion\":null},{\"id\":\"MDEwOkNoZWNrU3VpdGUyNTQxNzIxNzk=\",\"status\":\"QUEUED\",\"conclusion\":null}]},\"committedDate\":\"2019-10-07T08:43:13Z\"}},{\"__typename\":\"PullRequestCommit\",\"commit\":{\"oid\":\"145a6540a49f1053b4e421801101e425b1eeae1f\",\"status\":{\"state\":\"FAILURE\",\"contexts\":[{\"id\":\"MDEzOlN0YXR1c0NvbnRleHQ3ODE4MjEzMDc2\",\"context\":\"buildkite/sourcegraph\",\"state\":\"FAILURE\",\"description\":\"Build
      #44416 failed (8 minutes, 17 seconds)\"}]},\"checkSuites\":{\"nodes\":[{\"id\":\"MDEwOkNoZWNrU3VpdGUyNTQyMDc2OTg=\",\"status\":\"QUEUED\",\"conclusion\":null},{\"id\":\"MDEwOkNoZWNrU3VpdGUyNTQyMDc3MDE=\",\"status\":\"QUEUED\",\"conclusion\":null},{\"id\":\"MDEwOkNoZWNrU3VpdGUyNTQyMDc3MDI=\",\"status\":\"QUEUED\",\"conclusion\":null}]},\"committedDate\":\"2019-10-07T09:08:40Z\"}},{\"__typename\":\"PullRequestCommit\",\"commit\":{\"oid\":\"5c46ac67d1327418ca2d0714078b5a33ebb18827\",\"status\":null,\"checkSuites\":{\"nodes\":[]},\"committedDate\":\"2019-10-07T09:21:17Z\"}},{\"__typename\":\"PullRequestCommit\",\"commit\":{\"oid\":\"e78e5adabe6233d20b49a3f62aeee79639924911\",\"status\":null,\"checkSuites\":{\"nodes\":[]},\"committedDate\":\"2019-10-07T11:52:35Z\"}},{\"__typename\":\"PullRequestCommit\",\"commit\":{\"oid\":\"ea79747711c7f513e2e0713f9d70ad912253b3a9\",\"status\":{\"state\":\"FAILURE\",\"contexts\":[{\"id\":\"MDEzOlN0YXR1c0NvbnRleHQ3ODE5NDIwMTk5\",\"context\":\"buildkite/sourcegraph\",\"state\":\"FAILURE\",\"description\":\"Build
      #44434 failed (9 minutes, 18 seconds)\"}]},\"checkSuites\":{\"nodes\":[{\"id\":\"MDEwOkNoZWNrU3VpdGUyNTQ0MTY0NDU=\",\"status\":\"QUEUED\",\"conclusion\":null},{\"id\":\"MDEwOkNoZWNrU3VpdGUyNTQ0MTY0NDg=\",\"status\":\"QUEUED\",\"conclusion\":null},{\"id\":\"MDEwOkNoZWNrU3VpdGUyNTQ0MTY0NTA=\",\"status\":\"QUEUED\",\"conclusion\":null}]},\"committedDate\":\"2019-10-07T11:57:11Z\"}},{\"__typename\":\"PullRequestCommit\",\"commit\":{\"oid\":\"112254ea81448199d549f057495c779e75a7d923\",\"status\":{\"state\":\"FAILURE\",\"contexts\":[{\"id\":\"MDEzOlN0YXR1c0NvbnRleHQ3ODE5NTkzNjE1\",\"context\":\"buildkite/sourcegraph\",\"state\":\"FAILURE\",\"description\":\"Build
      #44440 canceled by Thorsten Ball\"}]},\"checkSuites\":{\"nodes\":[{\"id\":\"MDEwOkNoZWNrU3VpdGUyNTQ0NTQ3Njc=\",\"status\":\"QUEUED\",\"conclusion\":null},{\"id\":\"MDEwOkNoZWNrU3VpdGUyNTQ0NTQ3NzA=\",\"status\":\"QUEUED\",\"conclusion\":null},{\"id\":\"MDEwOkNoZWNrU3VpdGUyNTQ0NTQ3NzI=\",\"status\":\"QUEUED\",\"conclusion\":null}]},\"committedDate\":\"2019-10-07T12:27:05Z\"}},{\"__typename\":\"LabeledEvent\",\"actor\":{\"avatarUrl\":\"https://avatars3.githubusercontent.com/u/1185253?v=4\",\"login\":\"mrnugget\",\"url\":\"https://github.com/mrnugget\"},\"label\":{\"name\":\"automation\",\"color\":\"ef820a\",\"description\":\"\",\"id\":\"MDU6TGFiZWwxNTMyNTU0NDkz\"},\"createdAt\":\"2019-10-07T12:28:25Z\"},{\"__typename\":\"PullRequestCommit\",\"commit\":{\"oid\":\"d0144535fb3207a38678ac7e436529e53768ad8f\",\"status\":{\"state\":\"FAILURE\",\"contexts\":[{\"id\":\"MDEzOlN0YXR1c0NvbnRleHQ3ODE5NjE1MDYx\",\"context\":\"buildkite/sourcegraph\",\"state\":\"FAILURE\",\"description\":\"Build
      #44441 canceled by Thorsten Ball\"}]},\"checkSuites\":{\"nodes\":[{\"id\":\"MDEwOkNoZWNrU3VpdGUyNTQ0NjA1NzU=\",\"status\":\"QUEUED\",\"conclusion\":null},{\"id\":\"MDEwOkNoZWNrU3VpdGUyNTQ0NjA1NzY=\",\"status\":\"QUEUED\",\"conclusion\":null},{\"id\":\"MDEwOkNoZWNrU3VpdGUyNTQ0NjA1Nzg=\",\"status\":\"QUEUED\",\"conclusion\":null}]},\"committedDate\":\"2019-10-07T12:31:07Z\"}},{\"__typename\":\"PullRequestCommit\",\"commit\":{\"oid\":\"d0af06004d731758a2536eff67864881f065a4c9\",\"status\":{\"state\":\"FAILURE\",\"contexts\":[{\"id\":\"MDEzOlN0YXR1c0NvbnRleHQ3ODE5NjMxMDM0\",\"context\":\"buildkite/sourcegraph\",\"state\":\"FAILURE\",\"description\":\"Build
      #44442 canceled by Thorsten Ball\"}]},\"checkSuites\":{\"nodes\":[{\"id\":\"MDEwOkNoZWNrU3VpdGUyNTQ0NjQ2MjQ=\",\"status\":\"QUEUED\",\"conclusion\":null},{\"id\":\"MDEwOkNoZWNrU3VpdGUyNTQ0NjQ2MjU=\",\"status\":\"QUEUED\",\"conclusion\":null},{\"id\":\"MDEwOkNoZWNrU3VpdGUyNTQ0NjQ2MjY=\",\"status\":\"QUEUED\",\"conclusion\":null}]},\"committedDate\":\"2019-10-07T12:34:11Z\"}},{\"__typename\":\"PullRequestCommit\",\"commit\":{\"oid\":\"6a641d57ec46818664e3434fd37bc3e1373ac45f\",\"status\":{\"state\":\"FAILURE\",\"contexts\":[{\"id\":\"MDEzOlN0YXR1c0NvbnRleHQ3ODE5NjM5MTQ5\",\"context\":\"buildkite/sourcegraph\",\"state\":\"FAILURE\",\"description\":\"Build
      #44443 canceled by Thorsten Ball\"}]},\"checkSuites\":{\"nodes\":[{\"id\":\"MDEwOkNoZWNrU3VpdGUyNTQ0NjcwODc=\",\"status\":\"QUEUED\",\"conclusion\":null},{\"id\":\"MDEwOkNoZWNrU3VpdGUyNTQ0NjcwODg=\",\"status\":\"QUEUED\",\"conclusion\":null},{\"id\":\"MDEwOkNoZWNrU3VpdGUyNTQ0NjcwOTA=\",\"status\":\"QUEUED\",\"conclusion\":null}]},\"committedDate\":\"2019-10-07T12:36:09Z\"}},{\"__typename\":\"PullRequestReview\",\"databaseId\":298093884,\"author\":{\"avatarUrl\":\"https://avatars3.githubusercontent.com/u/1185253?v=4\",\"login\":\"mrnugget\",\"url\":\"https://github.com/mrnugget\"},\"authorAssociation\":\"MEMBER\",\"body\":\"\",\"state\":\"COMMENTED\",\"url\":\"https://github.com/sourcegraph/sourcegraph/pull/5834#pullrequestreview-298093884\",\"createdAt\":\"2019-10-07T12:36:48Z\",\"updatedAt\":\"2019-10-07T12:36:48Z\",\"commit\":{\"oid\":\"d0144535fb3207a38678ac7e436529e53768ad8f\",\"message\":\"Undo
      previous change to GitHubSource tests\",\"messageHeadline\":\"Undo previous
      change to GitHubSource tests\",\"committedDate\":\"2019-10-07T12:31:07Z\",\"pushedDate\":\"2019-10-07T12:31:21Z\",\"url\":\"https://github.com/sourcegraph/sourcegraph/commit/d0144535fb3207a38678ac7e436529e53768ad8f\",\"committer\":{\"avatarUrl\":\"https://avatars3.githubusercontent.com/u/1185253?v=4\",\"email\":\"mrnugget@gmail.com\",\"name\":\"Thorsten
      Ball\",\"user\":{\"avatarUrl\":\"https://avatars3.githubusercontent.com/u/1185253?v=4\",\"login\":\"mrnugget\",\"url\":\"https://github.com/mrnugget\"}}},\"includesCreatedEdit\":false},{\"__typename\":\"PullRequestReview\",\"databaseId\":298094119,\"author\":{\"avatarUrl\":\"https://avatars3.githubusercontent.com/u/1185253?v=4\",\"login\":\"mrnugget\",\"url\":\"https://github.com/mrnugget\"},\"authorAssociation\":\"MEMBER\",\"body\":\"\",\"state\":\"COMMENTED\",\"url\":\"https://github.com/sourcegraph/sourcegraph/pull/5834#pullrequestreview-298094119\",\"createdAt\":\"2019-10-07T12:37:11Z\",\"updatedAt\":\"2019-10-07T12:37:12Z\",\"commit\":{\"oid\":\"d0144535fb3207a38678ac7e436529e53768ad8f\",\"message\":\"Undo
      previous change to GitHubSource tests\",\"messageHeadline\":\"Undo previous
      change to GitHubSource tests\",\"committedDate\":\"2019-10-07T12:31:07Z\",\"pushedDate\":\"2019-10-07T12:31:21Z\",\"url\":\"https://github.com/sourcegraph/sourcegraph/commit/d0144535fb3207a38678ac7e436529e53768ad8f\",\"committer\":{\"avatarUrl\":\"https://avatars3.githubusercontent.com/u/1185253?v=4\",\"email\":\"mrnugget@gmail.com\",\"name\":\"Thorsten
      Ball\",\"user\":{\"avatarUrl\":\"https://avatars3.githubusercontent.com/u/1185253?v=4\",\"login\":\"mrnugget\",\"url\":\"https://github.com/mrnugget\"}}},\"includesCreatedEdit\":false},{\"__typename\":\"PullRequestCommit\",\"commit\":{\"oid\":\"a66ffd259cf340088918663ad670f973d53b51af\",\"status\":{\"state\":\"FAILURE\",\"contexts\":[{\"id\":\"MDEzOlN0YXR1c0NvbnRleHQ3ODE5NjQwMTk4\",\"context\":\"buildkite/sourcegraph\",\"state\":\"FAILURE\",\"description\":\"Build
      #44444 canceled by Thorsten Ball\"}]},\"checkSuites\":{\"nodes\":[{\"id\":\"MDEwOkNoZWNrU3VpdGUyNTQ0Njg0NjM=\",\"status\":\"QUEUED\",\"conclusion\":null},{\"id\":\"MDEwOkNoZWNrU3VpdGUyNTQ0Njg0NjQ=\",\"status\":\"QUEUED\",\"conclusion\":null},{\"id\":\"MDEwOkNoZWNrU3VpdGUyNTQ0Njg0NjU=\",\"status\":\"QUEUED\",\"conclusion\":null}]},\"committedDate\":\"2019-10-07T12:37:16Z\"}},{\"__typename\":\"PullRequestCommit\",\"commit\":{\"oid\":\"39d32f6a3c3d467fd7bf3f8c729b63b362966682\",\"status\":{\"state\":\"FAILURE\",\"contexts\":[{\"id\":\"MDEzOlN0YXR1c0NvbnRleHQ3ODE5NjU1NDY2\",\"context\":\"buildkite/sourcegraph\",\"state\":\"FAILURE\",\"description\":\"Build
      #44445 canceled by Thorsten Ball\"}]},\"checkSuites\":{\"nodes\":[{\"id\":\"MDEwOkNoZWNrU3VpdGUyNTQ0Njg3NDE=\",\"status\":\"QUEUED\",\"conclusion\":null},{\"id\":\"MDEwOkNoZWNrU3VpdGUyNTQ0Njg3NDI=\",\"status\":\"QUEUED\",\"conclusion\":null},{\"id\":\"MDEwOkNoZWNrU3VpdGUyNTQ0Njg3NDM=\",\"status\":\"QUEUED\",\"conclusion\":null}]},\"committedDate\":\"2019-10-07T12:37:29Z\"}},{\"__typename\":\"PullRequestCommit\",\"commit\":{\"oid\":\"701963b67b97e85e10d101065015ae0cf9d0a7c9\",\"status\":{\"state\":\"FAILURE\",\"contexts\":[{\"id\":\"MDEzOlN0YXR1c0NvbnRleHQ3ODE5NzE4NjQ4\",\"context\":\"buildkite/sourcegraph\",\"state\":\"FAILURE\",\"description\":\"Build
      #44446 failed (8 minutes, 13 seconds)\"}]},\"checkSuites\":{\"nodes\":[{\"id\":\"MDEwOkNoZWNrU3VpdGUyNTQ0NzE0NjY=\",\"status\":\"QUEUED\",\"conclusion\":null},{\"id\":\"MDEwOkNoZWNrU3VpdGUyNTQ0NzE0Njg=\",\"status\":\"QUEUED\",\"conclusion\":null},{\"id\":\"MDEwOkNoZWNrU3VpdGUyNTQ0NzE0NzE=\",\"status\":\"QUEUED\",\"conclusion\":null}]},\"committedDate\":\"2019-10-07T12:39:26Z\"}},{\"__typename\":\"RenamedTitleEvent\",\"actor\":{\"avatarUrl\":\"https://avatars3.githubusercontent.com/u/1185253?v=4\",\"login\":\"mrnugget\",\"url\":\"https://github.com/mrnugget\"},\"previousTitle\":\"[WIP]
      a8n: ChangesetEvents\",\"currentTitle\":\"a8n: Persist GitHub ChangesetEvents
      to database\",\"createdAt\":\"2019-10-07T12:42:32Z\"},{\"__typename\":\"PullRequestReview\",\"databaseId\":298099102,\"author\":{\"avatarUrl\":\"https://avatars3.githubusercontent.com/u/1185253?v=4\",\"login\":\"mrnugget\",\"url\":\"https://github.com/mrnugget\"},\"authorAssociation\":\"MEMBER\",\"body\":\"\",\"state\":\"APPROVED\",\"url\":\"https://github.com/sourcegraph/sourcegraph/pull/5834#pullrequestreview-298099102\",\"createdAt\":\"2019-10-07T12:45:49Z\",\"updatedAt\":\"2019-10-07T12:45:49Z\",\"commit\":{\"oid\":\"701963b67b97e85e10d101065015ae0cf9d0a7c9\",\"message\":\"fixup!
      Fix indentation\",\"messageHeadline\":\"fixup! Fix indentation\",\"committedDate\":\"2019-10-07T12:39:26Z\",\"pushedDate\":\"2019-10-07T12:39:32Z\",\"url\":\"https://github.com/sourcegraph/sourcegraph/commit/701963b67b97e85e10d101065015ae0cf9d0a7c9\",\"committer\":{\"avatarUrl\":\"https://avatars3.githubusercontent.com/u/1185253?v=4\",\"email\":\"mrnugget@gmail.com\",\"name\":\"Thorsten
      Ball\",\"user\":{\"avatarUrl\":\"https://avatars3.githubusercontent.com/u/1185253?v=4\",\"login\":\"mrnugget\",\"url\":\"https://github.com/mrnugget\"}}},\"includesCreatedEdit\":false},{\"__typename\":\"PullRequestReview\",\"databaseId\":298101262,\"author\":{\"avatarUrl\":\"https://avatars3.githubusercontent.com/u/1185253?v=4\",\"login\":\"mrnugget\",\"url\":\"https://github.com/mrnugget\"},\"authorAssociation\":\"MEMBER\",\"body\":\"\U0001F44D
      \\r\\n<img width=\\\"495\\\" alt=\\\"Screen Shot 2019-10-07 at 14 49 12\\\"
      src=\\\"https://user-images.githubusercontent.com/1185253/66312845-a4328180-e911-11e9-93b9-d1c421324015.png\\\">\\r\\n\",\"state\":\"APPROVED\",\"url\":\"https://github.com/sourcegraph/sourcegraph/pull/5834#pullrequestreview-298101262\",\"createdAt\":\"2019-10-07T12:49:30Z\",\"updatedAt\":\"2019-10-07T12:49:30Z\",\"commit\":{\"oid\":\"701963b67b97e85e10d101065015ae0cf9d0a7c9\",\"message\":\"fixup!
      Fix indentation\",\"messageHeadline\":\"fixup! Fix indentation\",\"committedDate\":\"2019-10-07T12:39:26Z\",\"pushedDate\":\"2019-10-07T12:39:32Z\",\"url\":\"https://github.com/sourcegraph/sourcegraph/commit/701963b67b97e85e10d101065015ae0cf9d0a7c9\",\"committer\":{\"avatarUrl\":\"https://avatars3.githubusercontent.com/u/1185253?v=4\",\"email\":\"mrnugget@gmail.com\",\"name\":\"Thorsten
      Ball\",\"user\":{\"avatarUrl\":\"https://avatars3.githubusercontent.com/u/1185253?v=4\",\"login\":\"mrnugget\",\"url\":\"https://github.com/mrnugget\"}}},\"includesCreatedEdit\":false},{\"__typename\":\"PullRequestCommit\",\"commit\":{\"oid\":\"9780015346b79568f04925a03f6ec6cdbc0ae9be\",\"status\":{\"state\":\"SUCCESS\",\"contexts\":[{\"id\":\"MDEzOlN0YXR1c0NvbnRleHQ3ODE5ODMyMTUz\",\"context\":\"buildkite/sourcegraph\",\"state\":\"SUCCESS\",\"description\":\"Build
      #44448 passed (10 minutes, 17 seconds)\"},{\"id\":\"MDEzOlN0YXR1c0NvbnRleHQ3ODE5ODMwMjA2\",\"context\":\"percy/Sourcegraph\",\"state\":\"SUCCESS\",\"description\":\"Visual
      review automatically approved, no visual changes found.\"}]},\"checkSuites\":{\"nodes\":[{\"id\":\"MDEwOkNoZWNrU3VpdGUyNTQ0ODc3Mzg=\",\"status\":\"QUEUED\",\"conclusion\":null},{\"id\":\"MDEwOkNoZWNrU3VpdGUyNTQ0ODc3Mzk=\",\"status\":\"QUEUED\",\"conclusion\":null},{\"id\":\"MDEwOkNoZWNrU3VpdGUyNTQ0ODc3NDA=\",\"status\":\"QUEUED\",\"conclusion\":null}]},\"committedDate\":\"2019-10-07T12:50:59Z\"}},{\"__typename\":\"IssueComment\",\"databaseId\":538999280,\"author\":{\"avatarUrl\":\"https://avatars2.githubusercontent.com/in/254?v=4\",\"login\":\"codecov\",\"url\":\"https://github.com/apps/codecov\"},\"authorAssociation\":\"NONE\",\"body\":\"#
      [Codecov](https://codecov.io/gh/sourcegraph/sourcegraph/pull/5834?src=pr&el=h1)
      Report\\n> Merging [#5834](https://codecov.io/gh/sourcegraph/sourcegraph/pull/5834?src=pr&el=desc)
      into [master](https://codecov.io/gh/sourcegraph/sourcegraph/commit/cec6864065fbe12890b3778af1f76c03b03c801a?src=pr&el=desc)
      will **increase** coverage by `0.06%`.\\n> The diff coverage is `59.19%`.\\n\\n```diff\\n@@
      \           Coverage Diff             @@\\n##           master    #5834      +/-
      \  ##\\n==========================================\\n+ Coverage   39.37%   39.43%
      \  +0.06%     \\n==========================================\\n  Files        1149
      \    1149              \\n  Lines       56184    56356     +172     \\n  Branches
      \    5650     5650              \\n==========================================\\n+
      Hits        22121    22226     +105     \\n- Misses      31998    32058      +60
      \    \\n- Partials     2065     2072       +7\\n```\\n\\n| [Impacted Files](https://codecov.io/gh/sourcegraph/sourcegraph/pull/5834?src=pr&el=tree)
      | Coverage Δ | |\\n|---|---|---|\\n| [cmd/frontend/graphqlbackend/a8n.go](https://codecov.io/gh/sourcegraph/sourcegraph/pull/5834/diff?src=pr&el=tree#diff-Y21kL2Zyb250ZW5kL2dyYXBocWxiYWNrZW5kL2E4bi5nbw==)
      | `0% <ø> (ø)` | :arrow_up: |\\n| [enterprise/pkg/a8n/syncer.go](https://codecov.io/gh/sourcegraph/sourcegraph/pull/5834/diff?src=pr&el=tree#diff-ZW50ZXJwcmlzZS9wa2cvYThuL3N5bmNlci5nbw==)
      | `0% <0%> (ø)` | :arrow_up: |\\n| [cmd/frontend/graphqlbackend/graphqlbackend.go](https://codecov.io/gh/sourcegraph/sourcegraph/pull/5834/diff?src=pr&el=tree#diff-Y21kL2Zyb250ZW5kL2dyYXBocWxiYWNrZW5kL2dyYXBocWxiYWNrZW5kLmdv)
      | `52.79% <100%> (+0.89%)` | :arrow_up: |\\n| [enterprise/pkg/a8n/resolvers/graphql.go](https://codecov.io/gh/sourcegraph/sourcegraph/pull/5834/diff?src=pr&el=tree#diff-ZW50ZXJwcmlzZS9wa2cvYThuL3Jlc29sdmVycy9ncmFwaHFsLmdv)
      | `62.2% <33.33%> (-3.7%)` | :arrow_down: |\\n| [enterprise/pkg/a8n/store.go](https://codecov.io/gh/sourcegraph/sourcegraph/pull/5834/diff?src=pr&el=tree#diff-ZW50ZXJwcmlzZS9wa2cvYThuL3N0b3JlLmdv)
      | `75.53% <70.73%> (-1.71%)` | :arrow_down: |\\n| [pkg/extsvc/github/pulls.go](https://codecov.io/gh/sourcegraph/sourcegraph/pull/5834/diff?src=pr&el=tree#diff-cGtnL2V4dHN2Yy9naXRodWIvcHVsbHMuZ28=)
      | `77.83% <0%> (+0.94%)` | :arrow_up: |\\n\",\"createdAt\":\"2019-10-07T13:01:51Z\",\"editor\":null,\"url\":\"https://github.com/sourcegraph/sourcegraph/pull/5834#issuecomment-538999280\",\"updatedAt\":\"2019-10-07T13:01:51Z\",\"includesCreatedEdit\":false,\"publishedAt\":\"2019-10-07T13:01:51Z\"},{\"__typename\":\"MergedEvent\",\"actor\":{\"avatarUrl\":\"https://avatars3.githubusercontent.com/u/1185253?v=4\",\"login\":\"mrnugget\",\"url\":\"https://github.com/mrnugget\"},\"mergeRefName\":\"master\",\"url\":\"https://github.com/sourcegraph/sourcegraph/pull/5834#event-2691773085\",\"commit\":{\"oid\":\"705c515f173ec33bf343d5b3ea8e9cd24c10abf7\",\"message\":\"a8n:
      Persist GitHub ChangesetEvents to database (#5834)\\n\\n* migrations: Create
      changeset_events table\\r\\n\\r\\n* a8n: Introduce CreateChangesetEvents in
      Store\\r\\n\\r\\n* a8n: Fix CreateChangesetEvent query\\r\\n\\r\\n* WIP: Split
      GitHub timeline items into ChangesetEvents\\r\\n\\r\\n* WIP\\r\\n\\r\\n* Fix
      tests\\r\\n\\r\\n* a8n: UpsertChangesetEvents in Store\\r\\n\\r\\n* WIP\\r\\n\\r\\n*
      Manually go generate code for a8n.Store to list changeset events\\r\\n\\r\\n*
      Recreate db/schema.md\\r\\n\\r\\n* a8n: Add CountChangesetEvents to Store\\r\\n\\r\\n*
      a8n: Add minimal ChangesetEvent to GraphQL API\\r\\n\\r\\n* a8n: Query ChangesetEvents
      in GraphQL test\\r\\n\\r\\n* Undo previous change to GitHubSource tests\\r\\n\\r\\n*
      a8n: Simplify test\\r\\n\\r\\n* fixup! Fix indentation\\r\\n\\r\\n* Update enterprise/pkg/a8n/store.go\\r\\n\\r\\n*
      Update enterprise/pkg/a8n/store.go\\r\\n\\r\\n* fixup! Fix indentation\\r\\n\\r\\n*
      fixup! Remove unused method\",\"messageHeadline\":\"a8n: Persist GitHub ChangesetEvents
      to database (#5834)\",\"committedDate\":\"2019-10-07T13:13:43Z\",\"pushedDate\":\"2019-10-07T13:13:45Z\",\"url\":\"https://github.com/sourcegraph/sourcegraph/commit/705c515f173ec33bf343d5b3ea8e9cd24c10abf7\",\"committer\":{\"avatarUrl\":\"https://avatars3.githubusercontent.com/u/1185253?v=4\",\"email\":\"mrnugget@gmail.com\",\"name\":\"Thorsten
      Ball\",\"user\":{\"avatarUrl\":\"https://avatars3.githubusercontent.com/u/1185253?v=4\",\"login\":\"mrnugget\",\"url\":\"https://github.com/mrnugget\"}}},\"createdAt\":\"2019-10-07T13:13:44Z\"},{\"__typename\":\"ClosedEvent\",\"actor\":{\"avatarUrl\":\"https://avatars3.githubusercontent.com/u/1185253?v=4\",\"login\":\"mrnugget\",\"url\":\"https://github.com/mrnugget\"},\"createdAt\":\"2019-10-07T13:13:44Z\",\"url\":\"https://github.com/sourcegraph/sourcegraph/pull/5834#event-2691773096\"},{\"__typename\":\"AssignedEvent\",\"actor\":{\"avatarUrl\":\"https://avatars2.githubusercontent.com/u/67471?v=4\",\"login\":\"tsenart\",\"url\":\"https://github.com/tsenart\"},\"assignee\":{\"avatarUrl\":\"https://avatars2.githubusercontent.com/u/67471?v=4\",\"login\":\"tsenart\",\"url\":\"https://github.com/tsenart\"},\"createdAt\":\"2019-10-08T09:45:17Z\"},{\"__typename\":\"UnassignedEvent\",\"actor\":{\"avatarUrl\":\"https://avatars2.githubusercontent.com/u/67471?v=4\",\"login\":\"tsenart\",\"url\":\"https://github.com/tsenart\"},\"assignee\":{\"avatarUrl\":\"https://avatars2.githubusercontent.com/u/67471?v=4\",\"login\":\"tsenart\",\"url\":\"https://github.com/tsenart\"},\"createdAt\":\"2019-10-08T09:48:48Z\"},{\"__typename\":\"AssignedEvent\",\"actor\":{\"avatarUrl\":\"https://avatars2.githubusercontent.com/u/67471?v=4\",\"login\":\"tsenart\",\"url\":\"https://github.com/tsenart\"},\"assignee\":{\"avatarUrl\":\"https://avatars2.githubusercontent.com/u/67471?v=4\",\"login\":\"tsenart\",\"url\":\"https://github.com/tsenart\"},\"createdAt\":\"2019-10-08T09:50:30Z\"}]}}},\"repo_2\":{\"repo_2_50\":{\"id\":\"MDExOlB1bGxSZXF1ZXN0MTMxMjUxNjg=\",\"title\":\"Statistics
      for response-headers, added headers-option to report\",\"body\":\"With the header-option,
      it is possible to create statistics of 1 or more response-headers.\\n\\nI used
      it, to analyze how our load-balancing performs under heavy load.\\n\",\"state\":\"CLOSED\",\"url\":\"https://github.com/tsenart/vegeta/pull/50\",\"number\":50,\"createdAt\":\"2014-03-03T18:08:45Z\",\"updatedAt\":\"2014-03-06T11:11:42Z\",\"headRefOid\":\"dc9f13131bbf79c58b067094f71020a6254ba548\",\"baseRefOid\":\"461ce5917a4adb92c741ca39e3dcc543727ec6d1\",\"headRefName\":\"stat-headers\",\"baseRefName\":\"master\",\"author\":{\"avatarUrl\":\"https://avatars2.githubusercontent.com/u/214626?v=4\",\"login\":\"hpbuniat\",\"url\":\"https://github.com/hpbuniat\"},\"participants\":{\"nodes\":[{\"avatarUrl\":\"https://avatars2.githubusercontent.com/u/214626?v=4\",\"login\":\"hpbuniat\",\"url\":\"https://github.com/hpbuniat\"},{\"avatarUrl\":\"https://avatars2.githubusercontent.com/u/67471?v=4\",\"login\":\"tsenart\",\"url\":\"https://github.com/tsenart\"}]},\"labels\":{\"nodes\":[]},\"commits\":{\"nodes\":[{\"commit\":{\"oid\":\"dc9f13131bbf79c58b067094f71020a6254ba548\",\"status\":null,\"checkSuites\":{\"nodes\":[]},\"committedDate\":\"2014-03-03T18:06:25Z\"}}]},\"timelineItems\":{\"nodes\":[{\"__typename\":\"PullRequestCommit\",\"commit\":{\"oid\":\"39241a13a52fe1a15fbeb723bdf212689fa5d7d4\",\"status\":null,\"checkSuites\":{\"nodes\":[]},\"committedDate\":\"2014-03-02T02:33:49Z\"}},{\"__typename\":\"PullRequestCommit\",\"commit\":{\"oid\":\"95f1eb69cc7a0729b1f8b555443b4d4ab0cb42c9\",\"status\":null,\"checkSuites\":{\"nodes\":[]},\"committedDate\":\"2014-03-03T18:03:54Z\"}},{\"__typename\":\"PullRequestCommit\",\"commit\":{\"oid\":\"dc9f13131bbf79c58b067094f71020a6254ba548\",\"status\":null,\"checkSuites\":{\"nodes\":[]},\"committedDate\":\"2014-03-03T18:06:25Z\"}},{\"__typename\":\"IssueComment\",\"databaseId\":36845213,\"author\":{\"avatarUrl\":\"https://avatars2.githubusercontent.com/u/67471?v=4\",\"login\":\"tsenart\",\"url\":\"https://github.com/tsenart\"},\"authorAssociation\":\"OWNER\",\"body\":\"Many
      files have changed mode. This isn't something you should do when issuing a PR
      (unless you have a good reason for it).\\n\",\"createdAt\":\"2014-03-06T11:06:57Z\",\"editor\":null,\"url\":\"https://github.com/tsenart/vegeta/pull/50#issuecomment-36845213\",\"updatedAt\":\"2014-03-06T11:06:57Z\",\"includesCreatedEdit\":false,\"publishedAt\":\"2014-03-06T11:06:57Z\"},{\"__typename\":\"IssueComment\",\"databaseId\":36845273,\"author\":{\"avatarUrl\":\"https://avatars2.githubusercontent.com/u/67471?v=4\",\"login\":\"tsenart\",\"url\":\"https://github.com/tsenart\"},\"authorAssociation\":\"OWNER\",\"body\":\"You're
      also including your other PR's changeset here. It's confusing to review if not
      commit by commit.\\n\",\"createdAt\":\"2014-03-06T11:07:35Z\",\"editor\":null,\"url\":\"https://github.com/tsenart/vegeta/pull/50#issuecomment-36845273\",\"updatedAt\":\"2014-03-06T11:07:35Z\",\"includesCreatedEdit\":false,\"publishedAt\":\"2014-03-06T11:07:35Z\"},{\"__typename\":\"IssueComment\",\"databaseId\":36845573,\"author\":{\"avatarUrl\":\"https://avatars2.githubusercontent.com/u/67471?v=4\",\"login\":\"tsenart\",\"url\":\"https://github.com/tsenart\"},\"authorAssociation\":\"OWNER\",\"body\":\"Sorry,
      I don't feel this patch is good enough to make it into master, both in terms
      of semantics and implementation.\\n\",\"createdAt\":\"2014-03-06T11:11:42Z\",\"editor\":null,\"url\":\"https://github.com/tsenart/vegeta/pull/50#issuecomment-36845573\",\"updatedAt\":\"2014-03-06T11:11:42Z\",\"includesCreatedEdit\":false,\"publishedAt\":\"2014-03-06T11:11:42Z\"},{\"__typename\":\"ClosedEvent\",\"actor\":{\"avatarUrl\":\"https://avatars2.githubusercontent.com/u/67471?v=4\",\"login\":\"tsenart\",\"url\":\"https://github.com/tsenart\"},\"createdAt\":\"2014-03-06T11:11:42Z\",\"url\":\"https://github.com/tsenart/vegeta/pull/50#event-99444167\"}]}}},\"repo_3\":{\"repo_3_7352\":{\"id\":\"MDExOlB1bGxSZXF1ZXN0MzU2MTI0MDAw\",\"title\":\"Replace
      redis-based usage stats with postgres-based stats\",\"body\":\"fixes #5542\\r\\n\\r\\n(This
      PR is the second piece of https://github.com/sourcegraph/sourcegraph/pull/6473,
      after it was broken up)\\r\\n\\r\\nThis update adds a new usagestats package
      that uses the new `event_logs` Postgres table. It deprecates the old usagstats
      package that uses Redis. \\r\\n\\r\\nUsing this new data store will make our
      metrics less brittle, and will allow us to show more useful information to site
      administrators.\\r\\n\\r\\nI had originally structured this to REMOVE the old
      package entirely, but I decided to keep it for now. The compute cost is low,
      the old package can be removed next month, and having overlapping metrics from
      each will be helpful for ensuring validity for site admins.\",\"state\":\"MERGED\",\"url\":\"https://github.com/sourcegraph/sourcegraph/pull/7352\",\"number\":7352,\"createdAt\":\"2019-12-22T21:53:47Z\",\"updatedAt\":\"2020-01-30T14:48:59Z\",\"headRefOid\":\"33156a2c540db7a0f70f433ab9f0e5fec0ecc79a\",\"baseRefOid\":\"16fe0c00f6f5c29e4703ad5b2995d845cdb026af\",\"headRefName\":\"stats3\",\"baseRefName\":\"master\",\"author\":{\"avatarUrl\":\"https://avatars0.githubusercontent.com/u/5589410?v=4\",\"login\":\"dadlerj\",\"url\":\"https://github.com/dadlerj\"},\"participants\":{\"nodes\":[{\"avatarUrl\":\"https://avatars0.githubusercontent.com/u/5589410?v=4\",\"login\":\"dadlerj\",\"url\":\"https://github.com/dadlerj\"},{\"avatarUrl\":\"https://avatars1.githubusercontent.com/u/187831?v=4\",\"login\":\"keegancsmith\",\"url\":\"https://github.com/keegancsmith\"},{\"avatarUrl\":\"https://avatars3.githubusercontent.com/u/103087?v=4\",\"login\":\"efritz\",\"url\":\"https://github.com/efritz\"},{\"avatarUrl\":\"https://avatars1.githubusercontent.com/u/1741180?v=4\",\"login\":\"lguychard\",\"url\":\"https://github.com/lguychard\"},{\"avatarUrl\":\"https://avatars3.githubusercontent.com/u/2946214?v=4\",\"login\":\"unknwon\",\"url\":\"https://github.com/unknwon\"}]},\"labels\":{\"nodes\":[]},\"commits\":{\"nodes\":[{\"commit\":{\"oid\":\"33156a2c540db7a0f70f433ab9f0e5fec0ecc79a\",\"status\":{\"state\":\"FAILURE\",\"contexts\":[{\"id\":\"MDEzOlN0YXR1c0NvbnRleHQ4NjM2NTkyMTEx\",\"context\":\"percy/Sourcegraph\",\"state\":\"ERROR\",\"description\":\"1
      visual change needs review\"},{\"id\":\"MDEzOlN0YXR1c0NvbnRleHQ4NjM2NTg5OTY1\",\"context\":\"buildkite/e2e\",\"state\":\"SUCCESS\",\"description\":\"Build
      #4233 passed (9 minutes, 26 seconds)\"},{\"id\":\"MDEzOlN0YXR1c0NvbnRleHQ4NjM2NTQyNjM0\",\"context\":\"buildkite/sourcegraph\",\"state\":\"SUCCESS\",\"description\":\"Build
      #54507 passed (5 minutes, 33 seconds)\"}]},\"checkSuites\":{\"nodes\":[{\"id\":\"MDEwOkNoZWNrU3VpdGU0MTY3Mzc1Nzc=\",\"status\":\"QUEUED\",\"conclusion\":null},{\"id\":\"MDEwOkNoZWNrU3VpdGU0MTY3Mzc1ODM=\",\"status\":\"QUEUED\",\"conclusion\":null},{\"id\":\"MDEwOkNoZWNrU3VpdGU0MTY3Mzc1ODQ=\",\"status\":\"QUEUED\",\"conclusion\":null},{\"id\":\"MDEwOkNoZWNrU3VpdGU0MTY3Mzc2MzA=\",\"status\":\"COMPLETED\",\"conclusion\":\"SUCCESS\"}]},\"committedDate\":\"2020-01-23T16:41:38Z\"}}]},\"timelineItems\":{\"nodes\":[{\"__typename\":\"PullRequestCommit\",\"commit\":{\"oid\":\"5484042261ec75ab82d146c81d65638ceb67b415\",\"status\":null,\"checkSuites\":{\"nodes\":[]},\"committedDate\":\"2019-12-22T18:33:09Z\"}},{\"__typename\":\"PullRequestCommit\",\"commit\":{\"oid\":\"2eca7037782a7aa6a39637999f9ebf58d6761e17\",\"status\":{\"state\":\"FAILURE\",\"contexts\":[{\"id\":\"MDEzOlN0YXR1c0NvbnRleHQ4NDMxOTQyMTcz\",\"context\":\"buildkite/sourcegraph-e2e\",\"state\":\"FAILURE\",\"description\":\"Build
      #1731 failed (6 minutes, 37 seconds)\"},{\"id\":\"MDEzOlN0YXR1c0NvbnRleHQ4NDMxOTM2MDk3\",\"context\":\"buildkite/sourcegraph\",\"state\":\"SUCCESS\",\"description\":\"Build
      #51877 passed (3 minutes, 19 seconds)\"}]},\"checkSuites\":{\"nodes\":[{\"id\":\"MDEwOkNoZWNrU3VpdGUzNzA3MDYyMDM=\",\"status\":\"QUEUED\",\"conclusion\":null},{\"id\":\"MDEwOkNoZWNrU3VpdGUzNzA3MDYyMDQ=\",\"status\":\"QUEUED\",\"conclusion\":null},{\"id\":\"MDEwOkNoZWNrU3VpdGUzNzA3MDYyMDU=\",\"status\":\"QUEUED\",\"conclusion\":null},{\"id\":\"MDEwOkNoZWNrU3VpdGUzNzA3MDYyMTE=\",\"status\":\"COMPLETED\",\"conclusion\":\"SUCCESS\"}]},\"committedDate\":\"2019-12-22T18:55:49Z\"}},{\"__typename\":\"PullRequestCommit\",\"commit\":{\"oid\":\"19b2d4a5ff5fc52a5dc0b6f7019d6193485466f6\",\"status\":null,\"checkSuites\":{\"nodes\":[]},\"committedDate\":\"2019-12-22T21:46:47Z\"}},{\"__typename\":\"PullRequestCommit\",\"commit\":{\"oid\":\"47067726a3f787068b42c05b1e4780690fec971a\",\"status\":null,\"checkSuites\":{\"nodes\":[]},\"committedDate\":\"2019-12-22T21:47:09Z\"}},{\"__typename\":\"ReviewRequestedEvent\",\"actor\":{\"avatarUrl\":\"https://avatars0.githubusercontent.com/u/5589410?v=4\",\"login\":\"dadlerj\",\"url\":\"https://github.com/dadlerj\"},\"requestedReviewer\":{\"avatarUrl\":\"https://avatars2.githubusercontent.com/u/67471?v=4\",\"login\":\"tsenart\",\"url\":\"https://github.com/tsenart\"},\"requestedTeam\":{},\"createdAt\":\"2019-12-22T21:53:47Z\"},{\"__typename\":\"ReviewRequestedEvent\",\"actor\":{\"avatarUrl\":\"https://avatars0.githubusercontent.com/u/5589410?v=4\",\"login\":\"dadlerj\",\"url\":\"https://github.com/dadlerj\"},\"requestedReviewer\":{\"avatarUrl\":\"https://avatars3.githubusercontent.com/u/2946214?v=4\",\"login\":\"unknwon\",\"url\":\"https://github.com/unknwon\"},\"requestedTeam\":{},\"createdAt\":\"2019-12-22T21:53:47Z\"},{\"__typename\":\"ReviewRequestedEvent\",\"actor\":{\"avatarUrl\":\"https://avatars0.githubusercontent.com/u/5589410?v=4\",\"login\":\"dadlerj\",\"url\":\"https://github.com/dadlerj\"},\"requestedReviewer\":{\"avatarUrl\":\"https://avatars2.githubusercontent.com/u/1646931?v=4\",\"login\":\"beyang\",\"url\":\"https://github.com/beyang\"},\"requestedTeam\":{},\"createdAt\":\"2019-12-22T21:53:47Z\"},{\"__typename\":\"ReviewRequestedEvent\",\"actor\":{\"avatarUrl\":\"https://avatars0.githubusercontent.com/u/5589410?v=4\",\"login\":\"dadlerj\",\"url\":\"https://github.com/dadlerj\"},\"requestedReviewer\":{\"avatarUrl\":\"https://avatars2.githubusercontent.com/u/3173176?v=4\",\"login\":\"slimsag\",\"url\":\"https://github.com/slimsag\"},\"requestedTeam\":{},\"createdAt\":\"2019-12-22T21:53:47Z\"},{\"__typename\":\"ReviewRequestedEvent\",\"actor\":{\"avatarUrl\":\"https://avatars0.githubusercontent.com/u/5589410?v=4\",\"login\":\"dadlerj\",\"url\":\"https://github.com/dadlerj\"},\"requestedReviewer\":{},\"requestedTeam\":{\"name\":\"Core
      Services\",\"url\":\"https://github.com/orgs/sourcegraph/teams/core-services\",\"avatarUrl\":\"https://avatars0.githubusercontent.com/t/3116080?s=400&v=4\"},\"createdAt\":\"2019-12-22T21:53:47Z\"},{\"__typename\":\"ReviewRequestedEvent\",\"actor\":{\"avatarUrl\":\"https://avatars0.githubusercontent.com/u/5589410?v=4\",\"login\":\"dadlerj\",\"url\":\"https://github.com/dadlerj\"},\"requestedReviewer\":{},\"requestedTeam\":{\"name\":\"web\",\"url\":\"https://github.com/orgs/sourcegraph/teams/web\",\"avatarUrl\":\"https://avatars0.githubusercontent.com/t/3385661?s=400&v=4\"},\"createdAt\":\"2019-12-22T21:53:47Z\"},{\"__typename\":\"PullRequestCommit\",\"commit\":{\"oid\":\"cd15ee5b96b69aef230d2da11e53efcb5afeea87\",\"status\":{\"state\":\"FAILURE\",\"contexts\":[{\"id\":\"MDEzOlN0YXR1c0NvbnRleHQ4NDMyMTgxMzc0\",\"context\":\"buildkite/sourcegraph\",\"state\":\"FAILURE\",\"description\":\"Build
      #51883 failed (3 minutes, 11 seconds)\"},{\"id\":\"MDEzOlN0YXR1c0NvbnRleHQ4NDMyMTg2Mjcx\",\"context\":\"buildkite/sourcegraph-e2e\",\"state\":\"FAILURE\",\"description\":\"Build
      #1737 failed (6 minutes, 33 seconds)\"}]},\"checkSuites\":{\"nodes\":[{\"id\":\"MDEwOkNoZWNrU3VpdGUzNzA4MTQxNjc=\",\"status\":\"QUEUED\",\"conclusion\":null},{\"id\":\"MDEwOkNoZWNrU3VpdGUzNzA4MTQxNjg=\",\"status\":\"QUEUED\",\"conclusion\":null},{\"id\":\"MDEwOkNoZWNrU3VpdGUzNzA4MTQxNjk=\",\"status\":\"QUEUED\",\"conclusion\":null},{\"id\":\"MDEwOkNoZWNrU3VpdGUzNzA4MTQxNzU=\",\"status\":\"COMPLETED\",\"conclusion\":\"SUCCESS\"}]},\"committedDate\":\"2019-12-22T22:12:15Z\"}},{\"__typename\":\"PullRequestCommit\",\"commit\":{\"oid\":\"f61aa961987181d2c3c50bf5b699f883b7133808\",\"status\":{\"state\":\"FAILURE\",\"contexts\":[{\"id\":\"MDEzOlN0YXR1c0NvbnRleHQ4NDMyMTk1NTg2\",\"context\":\"buildkite/sourcegraph-e2e\",\"state\":\"FAILURE\",\"description\":\"Build
      #1739 failed (5 minutes, 13 seconds)\"},{\"id\":\"MDEzOlN0YXR1c0NvbnRleHQ4NDMyMTkyMDE1\",\"context\":\"buildkite/sourcegraph\",\"state\":\"SUCCESS\",\"description\":\"Build
      #51885 passed (3 minutes, 31 seconds)\"}]},\"checkSuites\":{\"nodes\":[{\"id\":\"MDEwOkNoZWNrU3VpdGUzNzA4MTgyNjk=\",\"status\":\"QUEUED\",\"conclusion\":null},{\"id\":\"MDEwOkNoZWNrU3VpdGUzNzA4MTgyNzA=\",\"status\":\"QUEUED\",\"conclusion\":null},{\"id\":\"MDEwOkNoZWNrU3VpdGUzNzA4MTgyNzE=\",\"status\":\"QUEUED\",\"conclusion\":null},{\"id\":\"MDEwOkNoZWNrU3VpdGUzNzA4MTgyOTM=\",\"status\":\"COMPLETED\",\"conclusion\":\"SUCCESS\"}]},\"committedDate\":\"2019-12-22T22:20:32Z\"}},{\"__typename\":\"PullRequestReview\",\"databaseId\":335837573,\"author\":{\"avatarUrl\":\"https://avatars3.githubusercontent.com/u/2946214?v=4\",\"login\":\"unknwon\",\"url\":\"https://github.com/unknwon\"},\"authorAssociation\":\"MEMBER\",\"body\":\"\",\"state\":\"COMMENTED\",\"url\":\"https://github.com/sourcegraph/sourcegraph/pull/7352#pullrequestreview-335837573\",\"createdAt\":\"2019-12-23T12:18:32Z\",\"updatedAt\":\"2019-12-23T13:03:25Z\",\"commit\":{\"oid\":\"f61aa961987181d2c3c50bf5b699f883b7133808\",\"message\":\"dev/generate\",\"messageHeadline\":\"dev/generate\",\"committedDate\":\"2019-12-22T22:20:32Z\",\"pushedDate\":\"2019-12-22T22:20:38Z\",\"url\":\"https://github.com/sourcegraph/sourcegraph/commit/f61aa961987181d2c3c50bf5b699f883b7133808\",\"committer\":{\"avatarUrl\":\"https://avatars0.githubusercontent.com/u/5589410?v=4\",\"email\":\"daniel.neal.adler@gmail.com\",\"name\":\"Dan
      Adler\",\"user\":{\"avatarUrl\":\"https://avatars0.githubusercontent.com/u/5589410?v=4\",\"login\":\"dadlerj\",\"url\":\"https://github.com/dadlerj\"}}},\"includesCreatedEdit\":false},{\"__typename\":\"PullRequestReview\",\"databaseId\":337663572,\"author\":{\"avatarUrl\":\"https://avatars1.githubusercontent.com/u/1741180?v=4\",\"login\":\"lguychard\",\"url\":\"https://github.com/lguychard\"},\"authorAssociation\":\"MEMBER\",\"body\":\"Web
      changes LGTM\",\"state\":\"APPROVED\",\"url\":\"https://github.com/sourcegraph/sourcegraph/pull/7352#pullrequestreview-337663572\",\"createdAt\":\"2020-01-02T13:45:56Z\",\"updatedAt\":\"2020-01-02T13:45:56Z\",\"commit\":{\"oid\":\"f61aa961987181d2c3c50bf5b699f883b7133808\",\"message\":\"dev/generate\",\"messageHeadline\":\"dev/generate\",\"committedDate\":\"2019-12-22T22:20:32Z\",\"pushedDate\":\"2019-12-22T22:20:38Z\",\"url\":\"https://github.com/sourcegraph/sourcegraph/commit/f61aa961987181d2c3c50bf5b699f883b7133808\",\"committer\":{\"avatarUrl\":\"https://avatars0.githubusercontent.com/u/5589410?v=4\",\"email\":\"daniel.neal.adler@gmail.com\",\"name\":\"Dan
      Adler\",\"user\":{\"avatarUrl\":\"https://avatars0.githubusercontent.com/u/5589410?v=4\",\"login\":\"dadlerj\",\"url\":\"https://github.com/dadlerj\"}}},\"includesCreatedEdit\":false},{\"__typename\":\"ReviewRequestRemovedEvent\",\"actor\":{\"avatarUrl\":\"https://avatars1.githubusercontent.com/u/187831?v=4\",\"login\":\"keegancsmith\",\"url\":\"https://github.com/keegancsmith\"},\"requestedReviewer\":{\"avatarUrl\":\"https://avatars2.githubusercontent.com/u/67471?v=4\",\"login\":\"tsenart\",\"url\":\"https://github.com/tsenart\"},\"requestedTeam\":{},\"createdAt\":\"2020-01-22T08:42:19Z\"},{\"__typename\":\"IssueComment\",\"databaseId\":577070218,\"author\":{\"avatarUrl\":\"https://avatars1.githubusercontent.com/u/187831?v=4\",\"login\":\"keegancsmith\",\"url\":\"https://github.com/keegancsmith\"},\"authorAssociation\":\"MEMBER\",\"body\":\"Removed
      @tsenart from the review list to stop Pull Reminders reminding us about this
      every day :)\",\"createdAt\":\"2020-01-22T08:42:39Z\",\"editor\":null,\"url\":\"https://github.com/sourcegraph/sourcegraph/pull/7352#issuecomment-577070218\",\"updatedAt\":\"2020-01-22T08:42:39Z\",\"includesCreatedEdit\":false,\"publishedAt\":\"2020-01-22T08:42:39Z\"},{\"__typename\":\"PullRequestCommit\",\"commit\":{\"oid\":\"253af383900a79c30e08fa1c62bfb954ef6baa45\",\"status\":{\"state\":\"FAILURE\",\"contexts\":[{\"id\":\"MDEzOlN0YXR1c0NvbnRleHQ4NjI5Mzc3NTA4\",\"context\":\"percy/Sourcegraph\",\"state\":\"ERROR\",\"description\":\"6
      visual changes need review\"},{\"id\":\"MDEzOlN0YXR1c0NvbnRleHQ4NjI5NDEwNTE0\",\"context\":\"codecov/patch\",\"state\":\"FAILURE\",\"description\":\"24.00%
      of diff hit (target 39.70%)\"},{\"id\":\"MDEzOlN0YXR1c0NvbnRleHQ4NjI5Mzc0NDM4\",\"context\":\"buildkite/e2e\",\"state\":\"SUCCESS\",\"description\":\"Build
      #4146 passed (9 minutes, 51 seconds)\"},{\"id\":\"MDEzOlN0YXR1c0NvbnRleHQ4NjI5MzE1Mjk5\",\"context\":\"buildkite/sourcegraph\",\"state\":\"SUCCESS\",\"description\":\"Build
      #54389 passed (3 minutes, 35 seconds)\"},{\"id\":\"MDEzOlN0YXR1c0NvbnRleHQ4NjI5NDEwMzEw\",\"context\":\"codecov/project\",\"state\":\"SUCCESS\",\"description\":\"39.62%
      (target 0.00%)\"}]},\"checkSuites\":{\"nodes\":[{\"id\":\"MDEwOkNoZWNrU3VpdGU0MTUzMTUwNzI=\",\"status\":\"QUEUED\",\"conclusion\":null},{\"id\":\"MDEwOkNoZWNrU3VpdGU0MTUzMTUwNzQ=\",\"status\":\"QUEUED\",\"conclusion\":null},{\"id\":\"MDEwOkNoZWNrU3VpdGU0MTUzMTUwNzY=\",\"status\":\"QUEUED\",\"conclusion\":null},{\"id\":\"MDEwOkNoZWNrU3VpdGU0MTUzMTUwOTk=\",\"status\":\"COMPLETED\",\"conclusion\":\"SUCCESS\"}]},\"committedDate\":\"2020-01-22T23:05:06Z\"}},{\"__typename\":\"ReviewRequestedEvent\",\"actor\":{\"avatarUrl\":\"https://avatars0.githubusercontent.com/u/5589410?v=4\",\"login\":\"dadlerj\",\"url\":\"https://github.com/dadlerj\"},\"requestedReviewer\":{\"avatarUrl\":\"https://avatars3.githubusercontent.com/u/2946214?v=4\",\"login\":\"unknwon\",\"url\":\"https://github.com/unknwon\"},\"requestedTeam\":{},\"createdAt\":\"2020-01-22T23:19:56Z\"},{\"__typename\":\"IssueComment\",\"databaseId\":577456199,\"author\":{\"avatarUrl\":\"https://avatars0.githubusercontent.com/u/5589410?v=4\",\"login\":\"dadlerj\",\"url\":\"https://github.com/dadlerj\"},\"authorAssociation\":\"MEMBER\",\"body\":\"Given
      the significant increase in interest in collecting data this iteration, I want
      to pick this back up and see it across the finish line soon. Please let me know
      if you'll have a chance to review this week @unknwon !\",\"createdAt\":\"2020-01-23T00:53:30Z\",\"editor\":null,\"url\":\"https://github.com/sourcegraph/sourcegraph/pull/7352#issuecomment-577456199\",\"updatedAt\":\"2020-01-23T00:53:30Z\",\"includesCreatedEdit\":false,\"publishedAt\":\"2020-01-23T00:53:30Z\"},{\"__typename\":\"PullRequestReview\",\"databaseId\":347063701,\"author\":{\"avatarUrl\":\"https://avatars3.githubusercontent.com/u/2946214?v=4\",\"login\":\"unknwon\",\"url\":\"https://github.com/unknwon\"},\"authorAssociation\":\"MEMBER\",\"body\":\"LGTM,
      approving!\\r\\n\\r\\n![](https://media2.giphy.com/media/cFkiFMDg3iFoI/giphy.gif?cid=5a38a5a2b0672b94479802bd05e959212bd0305ccbbe3bf1&rid=giphy.gif)\\r\\n\",\"state\":\"APPROVED\",\"url\":\"https://github.com/sourcegraph/sourcegraph/pull/7352#pullrequestreview-347063701\",\"createdAt\":\"2020-01-23T05:15:06Z\",\"updatedAt\":\"2020-01-23T05:16:27Z\",\"commit\":{\"oid\":\"253af383900a79c30e08fa1c62bfb954ef6baa45\",\"message\":\"Comments\",\"messageHeadline\":\"Comments\",\"committedDate\":\"2020-01-22T23:05:06Z\",\"pushedDate\":\"2020-01-22T23:05:18Z\",\"url\":\"https://github.com/sourcegraph/sourcegraph/commit/253af383900a79c30e08fa1c62bfb954ef6baa45\",\"committer\":{\"avatarUrl\":\"https://avatars0.githubusercontent.com/u/5589410?v=4\",\"email\":\"daniel.neal.adler@gmail.com\",\"name\":\"Dan
      Adler\",\"user\":{\"avatarUrl\":\"https://avatars0.githubusercontent.com/u/5589410?v=4\",\"login\":\"dadlerj\",\"url\":\"https://github.com/dadlerj\"}}},\"includesCreatedEdit\":false},{\"__typename\":\"PullRequestCommit\",\"commit\":{\"oid\":\"8796dfb1396847cde8ca63042ef17b14bd397281\",\"status\":{\"state\":\"FAILURE\",\"contexts\":[{\"id\":\"MDEzOlN0YXR1c0NvbnRleHQ4NjM1OTMxMjg5\",\"context\":\"buildkite/e2e\",\"state\":\"FAILURE\",\"description\":\"Build
      #4221 canceled\"},{\"id\":\"MDEzOlN0YXR1c0NvbnRleHQ4NjM1OTI5OTE3\",\"context\":\"buildkite/sourcegraph\",\"state\":\"FAILURE\",\"description\":\"Build
      #54495 canceled\"}]},\"checkSuites\":{\"nodes\":[{\"id\":\"MDEwOkNoZWNrU3VpdGU0MTY2MjY2NTQ=\",\"status\":\"COMPLETED\",\"conclusion\":\"SUCCESS\"},{\"id\":\"MDEwOkNoZWNrU3VpdGU0MTY2Mjc1OTc=\",\"status\":\"QUEUED\",\"conclusion\":null},{\"id\":\"MDEwOkNoZWNrU3VpdGU0MTY2Mjc1OTk=\",\"status\":\"QUEUED\",\"conclusion\":null},{\"id\":\"MDEwOkNoZWNrU3VpdGU0MTY2Mjc2MDE=\",\"status\":\"QUEUED\",\"conclusion\":null}]},\"committedDate\":\"2020-01-23T15:51:15Z\"}},{\"__typename\":\"ReviewRequestedEvent\",\"actor\":{\"avatarUrl\":\"https://avatars0.githubusercontent.com/u/5589410?v=4\",\"login\":\"dadlerj\",\"url\":\"https://github.com/dadlerj\"},\"requestedReviewer\":{\"avatarUrl\":\"https://avatars0.githubusercontent.com/u/10532611?v=4\",\"login\":\"felixfbecker\",\"url\":\"https://github.com/felixfbecker\"},\"requestedTeam\":{},\"createdAt\":\"2020-01-23T15:51:29Z\"},{\"__typename\":\"ReviewRequestedEvent\",\"actor\":{\"avatarUrl\":\"https://avatars0.githubusercontent.com/u/5589410?v=4\",\"login\":\"dadlerj\",\"url\":\"https://github.com/dadlerj\"},\"requestedReviewer\":{\"avatarUrl\":\"https://avatars1.githubusercontent.com/u/187831?v=4\",\"login\":\"keegancsmith\",\"url\":\"https://github.com/keegancsmith\"},\"requestedTeam\":{},\"createdAt\":\"2020-01-23T15:51:29Z\"},{\"__typename\":\"ReviewRequestedEvent\",\"actor\":{\"avatarUrl\":\"https://avatars0.githubusercontent.com/u/5589410?v=4\",\"login\":\"dadlerj\",\"url\":\"https://github.com/dadlerj\"},\"requestedReviewer\":{\"avatarUrl\":\"https://avatars1.githubusercontent.com/u/754768?v=4\",\"login\":\"nicksnyder\",\"url\":\"https://github.com/nicksnyder\"},\"requestedTeam\":{},\"createdAt\":\"2020-01-23T15:51:29Z\"},{\"__typename\":\"ReviewRequestedEvent\",\"actor\":{\"avatarUrl\":\"https://avatars0.githubusercontent.com/u/5589410?v=4\",\"login\":\"dadlerj\",\"url\":\"https://github.com/dadlerj\"},\"requestedReviewer\":{\"avatarUrl\":\"https://avatars2.githubusercontent.com/u/133014?v=4\",\"login\":\"ryan-blunden\",\"url\":\"https://github.com/ryan-blunden\"},\"requestedTeam\":{},\"createdAt\":\"2020-01-23T15:51:29Z\"},{\"__typename\":\"ReviewRequestedEvent\",\"actor\":{\"avatarUrl\":\"https://avatars0.githubusercontent.com/u/5589410?v=4\",\"login\":\"dadlerj\",\"url\":\"https://github.com/dadlerj\"},\"requestedReviewer\":{\"avatarUrl\":\"https://avatars0.githubusercontent.com/u/1976?v=4\",\"login\":\"sqs\",\"url\":\"https://github.com/sqs\"},\"requestedTeam\":{},\"createdAt\":\"2020-01-23T15:51:29Z\"},{\"__typename\":\"ReviewRequestedEvent\",\"actor\":{\"avatarUrl\":\"https://avatars0.githubusercontent.com/u/5589410?v=4\",\"login\":\"dadlerj\",\"url\":\"https://github.com/dadlerj\"},\"requestedReviewer\":{},\"requestedTeam\":{\"name\":\"automation\",\"url\":\"https://github.com/orgs/sourcegraph/teams/automation\",\"avatarUrl\":\"https://avatars2.githubusercontent.com/t/3452110?s=400&v=4\"},\"createdAt\":\"2020-01-23T15:51:29Z\"},{\"__typename\":\"ReviewRequestedEvent\",\"actor\":{\"avatarUrl\":\"https://avatars0.githubusercontent.com/u/5589410?v=4\",\"login\":\"dadlerj\",\"url\":\"https://github.com/dadlerj\"},\"requestedReviewer\":{},\"requestedTeam\":{\"name\":\"code-intel\",\"url\":\"https://github.com/orgs/sourcegraph/teams/code-intel\",\"avatarUrl\":\"https://avatars1.githubusercontent.com/t/3385663?s=400&v=4\"},\"createdAt\":\"2020-01-23T15:51:29Z\"},{\"__typename\":\"ReviewRequestedEvent\",\"actor\":{\"avatarUrl\":\"https://avatars0.githubusercontent.com/u/5589410?v=4\",\"login\":\"dadlerj\",\"url\":\"https://github.com/dadlerj\"},\"requestedReviewer\":{},\"requestedTeam\":{\"name\":\"distribution\",\"url\":\"https://github.com/orgs/sourcegraph/teams/distribution\",\"avatarUrl\":\"https://avatars2.githubusercontent.com/t/3127854?s=400&v=4\"},\"createdAt\":\"2020-01-23T15:51:29Z\"},{\"__typename\":\"PullRequestReview\",\"databaseId\":347406769,\"author\":{\"avatarUrl\":\"https://avatars3.githubusercontent.com/u/103087?v=4\",\"login\":\"efritz\",\"url\":\"https://github.com/efritz\"},\"authorAssociation\":\"MEMBER\",\"body\":\"\",\"state\":\"APPROVED\",\"url\":\"https://github.com/sourcegraph/sourcegraph/pull/7352#pullrequestreview-347406769\",\"createdAt\":\"2020-01-23T15:52:37Z\",\"updatedAt\":\"2020-01-23T15:52:37Z\",\"commit\":{\"oid\":\"8796dfb1396847cde8ca63042ef17b14bd397281\",\"message\":\"Merge
      branch 'master' into stats3\",\"messageHeadline\":\"Merge branch 'master' into
      stats3\",\"committedDate\":\"2020-01-23T15:51:15Z\",\"pushedDate\":\"2020-01-23T15:51:58Z\",\"url\":\"https://github.com/sourcegraph/sourcegraph/commit/8796dfb1396847cde8ca63042ef17b14bd397281\",\"committer\":{\"avatarUrl\":\"https://avatars3.githubusercontent.com/u/103087?v=4\",\"email\":\"eric@eric-fritz.com\",\"name\":\"Eric
      Fritz\",\"user\":{\"avatarUrl\":\"https://avatars3.githubusercontent.com/u/103087?v=4\",\"login\":\"efritz\",\"url\":\"https://github.com/efritz\"}}},\"includesCreatedEdit\":false},{\"__typename\":\"PullRequestCommit\",\"commit\":{\"oid\":\"ee4cd13d6234069ed0e3067271debf61e8a5ce31\",\"status\":{\"state\":\"FAILURE\",\"contexts\":[{\"id\":\"MDEzOlN0YXR1c0NvbnRleHQ4NjM1OTk4MTE4\",\"context\":\"buildkite/e2e\",\"state\":\"FAILURE\",\"description\":\"Build
      #4222 failed (5 minutes, 52 seconds)\"},{\"id\":\"MDEzOlN0YXR1c0NvbnRleHQ4NjM2MTk2Mjc1\",\"context\":\"buildkite/sourcegraph\",\"state\":\"FAILURE\",\"description\":\"Build
      #54496 failed (5 minutes, 5 seconds)\"}]},\"checkSuites\":{\"nodes\":[{\"id\":\"MDEwOkNoZWNrU3VpdGU0MTY2MzI3NjM=\",\"status\":\"QUEUED\",\"conclusion\":null},{\"id\":\"MDEwOkNoZWNrU3VpdGU0MTY2MzI3NjQ=\",\"status\":\"QUEUED\",\"conclusion\":null},{\"id\":\"MDEwOkNoZWNrU3VpdGU0MTY2MzI3Njg=\",\"status\":\"QUEUED\",\"conclusion\":null},{\"id\":\"MDEwOkNoZWNrU3VpdGU0MTY2MzI4NTE=\",\"status\":\"COMPLETED\",\"conclusion\":\"SUCCESS\"}]},\"committedDate\":\"2020-01-23T15:54:12Z\"}},{\"__typename\":\"PullRequestCommit\",\"commit\":{\"oid\":\"08e5969da9915db9ba2ac06b4c4af0ec97036d71\",\"status\":{\"state\":\"FAILURE\",\"contexts\":[{\"id\":\"MDEzOlN0YXR1c0NvbnRleHQ4NjM2MzkyMTA2\",\"context\":\"buildkite/e2e\",\"state\":\"FAILURE\",\"description\":\"Build
      #4229 canceled\"},{\"id\":\"MDEzOlN0YXR1c0NvbnRleHQ4NjM2MzU3MTYx\",\"context\":\"buildkite/sourcegraph\",\"state\":\"FAILURE\",\"description\":\"Build
      #54503 failed (3 minutes, 30 seconds)\"}]},\"checkSuites\":{\"nodes\":[{\"id\":\"MDEwOkNoZWNrU3VpdGU0MTY3MDY5NzA=\",\"status\":\"QUEUED\",\"conclusion\":null},{\"id\":\"MDEwOkNoZWNrU3VpdGU0MTY3MDY5NzI=\",\"status\":\"QUEUED\",\"conclusion\":null},{\"id\":\"MDEwOkNoZWNrU3VpdGU0MTY3MDY5NzQ=\",\"status\":\"QUEUED\",\"conclusion\":null},{\"id\":\"MDEwOkNoZWNrU3VpdGU0MTY3MDcwMTc=\",\"status\":\"COMPLETED\",\"conclusion\":\"SUCCESS\"}]},\"committedDate\":\"2020-01-23T16:27:38Z\"}},{\"__typename\":\"PullRequestCommit\",\"commit\":{\"oid\":\"4ee2fda299e4ee72a3903a8f6556b16354eebde6\",\"status\":{\"state\":\"FAILURE\",\"contexts\":[{\"id\":\"MDEzOlN0YXR1c0NvbnRleHQ4NjM2NDgwOTU4\",\"context\":\"buildkite/e2e\",\"state\":\"FAILURE\",\"description\":\"Build
      #4232 canceled\"},{\"id\":\"MDEzOlN0YXR1c0NvbnRleHQ4NjM2NDQzODI0\",\"context\":\"buildkite/sourcegraph\",\"state\":\"FAILURE\",\"description\":\"Build
      #54506 failed (4 minutes, 36 seconds)\"}]},\"checkSuites\":{\"nodes\":[{\"id\":\"MDEwOkNoZWNrU3VpdGU0MTY3MjE2NDE=\",\"status\":\"QUEUED\",\"conclusion\":null},{\"id\":\"MDEwOkNoZWNrU3VpdGU0MTY3MjE2NDI=\",\"status\":\"QUEUED\",\"conclusion\":null},{\"id\":\"MDEwOkNoZWNrU3VpdGU0MTY3MjE2NDY=\",\"status\":\"QUEUED\",\"conclusion\":null},{\"id\":\"MDEwOkNoZWNrU3VpdGU0MTY3MjE2ODA=\",\"status\":\"COMPLETED\",\"conclusion\":\"SUCCESS\"}]},\"committedDate\":\"2020-01-23T16:34:11Z\"}},{\"__typename\":\"PullRequestCommit\",\"commit\":{\"oid\":\"33156a2c540db7a0f70f433ab9f0e5fec0ecc79a\",\"status\":{\"state\":\"FAILURE\",\"contexts\":[{\"id\":\"MDEzOlN0YXR1c0NvbnRleHQ4NjM2NTkyMTEx\",\"context\":\"percy/Sourcegraph\",\"state\":\"ERROR\",\"description\":\"1
      visual change needs review\"},{\"id\":\"MDEzOlN0YXR1c0NvbnRleHQ4NjM2NTg5OTY1\",\"context\":\"buildkite/e2e\",\"state\":\"SUCCESS\",\"description\":\"Build
      #4233 passed (9 minutes, 26 seconds)\"},{\"id\":\"MDEzOlN0YXR1c0NvbnRleHQ4NjM2NTQyNjM0\",\"context\":\"buildkite/sourcegraph\",\"state\":\"SUCCESS\",\"description\":\"Build
      #54507 passed (5 minutes, 33 seconds)\"}]},\"checkSuites\":{\"nodes\":[{\"id\":\"MDEwOkNoZWNrU3VpdGU0MTY3Mzc1Nzc=\",\"status\":\"QUEUED\",\"conclusion\":null},{\"id\":\"MDEwOkNoZWNrU3VpdGU0MTY3Mzc1ODM=\",\"status\":\"QUEUED\",\"conclusion\":null},{\"id\":\"MDEwOkNoZWNrU3VpdGU0MTY3Mzc1ODQ=\",\"status\":\"QUEUED\",\"conclusion\":null},{\"id\":\"MDEwOkNoZWNrU3VpdGU0MTY3Mzc2MzA=\",\"status\":\"COMPLETED\",\"conclusion\":\"SUCCESS\"}]},\"committedDate\":\"2020-01-23T16:41:38Z\"}},{\"__typename\":\"MergedEvent\",\"actor\":{\"avatarUrl\":\"https://avatars0.githubusercontent.com/u/5589410?v=4\",\"login\":\"dadlerj\",\"url\":\"https://github.com/dadlerj\"},\"mergeRefName\":\"master\",\"url\":\"https://github.com/sourcegraph/sourcegraph/pull/7352#event-2974501126\",\"commit\":{\"oid\":\"727dcb2f6ad74f67294c4c07930e172eb2493c02\",\"message\":\"Replace
      redis-based usage stats with postgres-based stats (#7352)\\n\\n* Update internal
      telemetry endpoint and remove external one\\r\\n\\r\\n* Fix broken telemetry
      handler\\r\\n\\r\\n* Migrations: add indexes to event_logs table and remove
      default from event_logs.timestamp\\r\\n\\r\\n* Add new usagestats package that
      relies on the new Postgres event_logs table instead of Redis\\r\\n\\r\\nCo-authored-by:
      Eric Fritz <eric@eric-fritz.com>\",\"messageHeadline\":\"Replace redis-based
      usage stats with postgres-based stats (#7352)\",\"committedDate\":\"2020-01-23T16:55:36Z\",\"pushedDate\":\"2020-01-23T16:55:39Z\",\"url\":\"https://github.com/sourcegraph/sourcegraph/commit/727dcb2f6ad74f67294c4c07930e172eb2493c02\",\"committer\":{\"avatarUrl\":\"https://avatars3.githubusercontent.com/u/19864447?v=4\",\"email\":\"noreply@github.com\",\"name\":\"GitHub\",\"user\":null}},\"createdAt\":\"2020-01-23T16:55:37Z\"},{\"__typename\":\"ClosedEvent\",\"actor\":{\"avatarUrl\":\"https://avatars0.githubusercontent.com/u/5589410?v=4\",\"login\":\"dadlerj\",\"url\":\"https://github.com/dadlerj\"},\"createdAt\":\"2020-01-23T16:55:38Z\",\"url\":\"https://github.com/sourcegraph/sourcegraph/pull/7352#event-2974501143\"}]}}}}}"
    headers:
      Access-Control-Allow-Origin:
      - '*'
      Access-Control-Expose-Headers:
      - ETag, Link, Location, Retry-After, X-GitHub-OTP, X-RateLimit-Limit, X-RateLimit-Remaining,
        X-RateLimit-Reset, X-OAuth-Scopes, X-Accepted-OAuth-Scopes, X-Poll-Interval,
        X-GitHub-Media-Type
      Cache-Control:
      - no-cache
      Content-Security-Policy:
      - default-src 'none'
      Content-Type:
      - application/json; charset=utf-8
      Date:
      - Wed, 12 Feb 2020 10:47:45 GMT
      Referrer-Policy:
      - origin-when-cross-origin, strict-origin-when-cross-origin
      Server:
      - GitHub.com
      Status:
      - 200 OK
      Strict-Transport-Security:
      - max-age=31536000; includeSubdomains; preload
      Vary:
      - Accept-Encoding, Accept
      X-Accepted-Oauth-Scopes:
      - repo
      X-Content-Type-Options:
      - nosniff
      X-Frame-Options:
      - deny
      X-Github-Media-Type:
      - github.antiope-preview; format=json
      X-Github-Request-Id:
      - 3BC3:0B66:18A3D53:1DD8720:5E43D7D0
      X-Oauth-Scopes:
      - read:org, repo
      X-Ratelimit-Limit:
      - "5000"
      X-Ratelimit-Remaining:
      - "4949"
      X-Ratelimit-Reset:
      - "1581508040"
      X-Xss-Protection:
      - 1; mode=block
    status: 200 OK
    code: 200
    duration: ""
